
> flowstack@0.0.0 build
> tsc -b && vite build

src/features/analytics/widgets/AreaChartWidget.tsx(69,17): error TS2322: Type '(label: string) => string' is not assignable to type '((label: ReactNode, payload: readonly Payload<ValueType, NameType>[]) => ReactNode) & ((label: any, payload: Payload<ValueType, NameType>[]) => ReactNode)'.
  Type '(label: string) => string' is not assignable to type '(label: ReactNode, payload: readonly Payload<ValueType, NameType>[]) => ReactNode'.
    Types of parameters 'label' and 'label' are incompatible.
      Type 'ReactNode' is not assignable to type 'string'.
        Type 'undefined' is not assignable to type 'string'.
src/features/analytics/widgets/FunnelChartWidget.tsx(76,39): error TS2322: Type '{ key: string; fill: string; }' is not assignable to type 'DetailedHTMLProps<HTMLAttributes<HTMLDivElement>, HTMLDivElement>'.
  Property 'fill' does not exist on type 'DetailedHTMLProps<HTMLAttributes<HTMLDivElement>, HTMLDivElement>'.
src/features/analytics/widgets/LineChartWidget.tsx(70,17): error TS2322: Type '(label: string) => string' is not assignable to type '((label: ReactNode, payload: readonly Payload<ValueType, NameType>[]) => ReactNode) & ((label: any, payload: Payload<ValueType, NameType>[]) => ReactNode)'.
  Type '(label: string) => string' is not assignable to type '(label: ReactNode, payload: readonly Payload<ValueType, NameType>[]) => ReactNode'.
    Types of parameters 'label' and 'label' are incompatible.
      Type 'ReactNode' is not assignable to type 'string'.
        Type 'undefined' is not assignable to type 'string'.
src/features/analytics/widgets/TableWidget.tsx(28,9): error TS2322: Type 'TableColumn[] | { id: string; header: string; accessorKey: string; sortable: true; filterable: true; }[]' is not assignable to type 'ColumnDef<any>[]'.
  Type 'TableColumn[]' is not assignable to type 'ColumnDef<any>[]'.
    Type 'TableColumn' is not assignable to type 'ColumnDef<any>'.
      Types of property 'cell' are incompatible.
        Type '((value: any, row: any) => ReactNode) | undefined' is not assignable to type '((props: { row: Row<any>; }) => ReactNode) | undefined'.
          Type '(value: any, row: any) => ReactNode' is not assignable to type '(props: { row: Row<any>; }) => ReactNode'.
            Target signature provides too few arguments. Expected 2 or more, but got 1.
src/features/analytics/widgets/TableWidget.tsx(52,9): error TS2322: Type '{ data: any[]; columns: ColumnDef<any>[]; sortable: boolean; filterable: boolean; pageSize: number; emptyMessage: string; }' is not assignable to type 'IntrinsicAttributes & DataTableUntitledProps<any>'.
  Property 'sortable' does not exist on type 'IntrinsicAttributes & DataTableUntitledProps<any>'.
src/features/builder/pages/PageManager.tsx(367,11): error TS2322: Type 'false | { label: string; onClick: () => void; }' is not assignable to type '{ label: string; onClick: () => void; variant?: "default" | "destructive" | "outline" | "ghost" | undefined; } | undefined'.
  Type 'boolean' is not assignable to type '{ label: string; onClick: () => void; variant?: "default" | "destructive" | "outline" | "ghost" | undefined; }'.
src/features/builder/pages/PageManager.tsx(375,20): error TS2322: Type '{ id: string; header: string; cell: ({ row }: { row: PageRow; }) => Element; }[]' is not assignable to type 'ColumnDef<PageRow>[]'.
  Type '{ id: string; header: string; cell: ({ row }: { row: PageRow; }) => JSX.Element; }' is not assignable to type 'ColumnDef<PageRow>'.
    Types of property 'cell' are incompatible.
      Type '({ row }: { row: PageRow; }) => JSX.Element' is not assignable to type '(props: { row: Row<PageRow>; }) => ReactNode'.
        Types of parameters '__0' and 'props' are incompatible.
          Type '{ row: Row<PageRow>; }' is not assignable to type '{ row: PageRow; }'.
            Types of property 'row' are incompatible.
              Type 'Row<PageRow>' is missing the following properties from type 'PageRow': id, name, path, isHome, and 2 more.
src/features/builder/publishing/PublishDialog.tsx(13,8): error TS2307: Cannot find module '../../../components/ui/dialog' or its corresponding type declarations.
src/features/builder/publishing/PublishDialog.tsx(90,46): error TS2769: No overload matches this call.
  Overload 1 of 2, '(values: never, options?: { count?: "exact" | "planned" | "estimated" | undefined; } | undefined): PostgrestFilterBuilder<{ PostgrestVersion: "12"; }, never, never, null, "site_versions", never, "POST">', gave the following error.
    Argument of type '{ site_id: string; version: string; published_at: string; url: string | undefined; status: string; }' is not assignable to parameter of type 'never'.
  Overload 2 of 2, '(values: never[], options?: { count?: "exact" | "planned" | "estimated" | undefined; defaultToNull?: boolean | undefined; } | undefined): PostgrestFilterBuilder<{ PostgrestVersion: "12"; }, never, never, null, "site_versions", never, "POST">', gave the following error.
    Object literal may only specify known properties, and 'site_id' does not exist in type 'never[]'.
src/features/builder/publishing/PublishDialog.tsx(287,22): error TS2552: Cannot find name 'AlertDescription'. Did you mean 'CardDescription'?
src/features/builder/publishing/PublishDialog.tsx(289,23): error TS2552: Cannot find name 'AlertDescription'. Did you mean 'CardDescription'?
src/features/builder/publishing/PublishDialog.tsx(317,16): error TS2552: Cannot find name 'Progress'. Did you mean 'onprogress'?
src/features/builder/publishing/PublishDialog.tsx(328,20): error TS2552: Cannot find name 'AlertDescription'. Did you mean 'CardDescription'?
src/features/builder/publishing/PublishDialog.tsx(330,21): error TS2552: Cannot find name 'AlertDescription'. Did you mean 'CardDescription'?
src/features/builder/publishing/PublishDialog.tsx(369,18): error TS2552: Cannot find name 'AlertDescription'. Did you mean 'CardDescription'?
src/features/builder/publishing/PublishDialog.tsx(371,19): error TS2552: Cannot find name 'AlertDescription'. Did you mean 'CardDescription'?
src/features/builder/publishing/PublishHistory.tsx(115,19): error TS2345: Argument of type '{ content: any; title: any; path: any; }' is not assignable to parameter of type 'never'.
src/features/builder/publishing/PublishHistory.tsx(285,24): error TS2322: Type '({ id: string; header: string; cell: ({ row }: { row: VersionRow; }) => Element; } | { id: string; header: string; cell: ({ row }: { row: VersionRow; }) => number | "-"; })[]' is not assignable to type 'ColumnDef<VersionRow>[]'.
  Type '{ id: string; header: string; cell: ({ row }: { row: VersionRow; }) => Element; } | { id: string; header: string; cell: ({ row }: { row: VersionRow; }) => number | "-"; }' is not assignable to type 'ColumnDef<VersionRow>'.
    Type '{ id: string; header: string; cell: ({ row }: { row: VersionRow; }) => JSX.Element; }' is not assignable to type 'ColumnDef<VersionRow>'.
      Types of property 'cell' are incompatible.
        Type '({ row }: { row: VersionRow; }) => JSX.Element' is not assignable to type '(props: { row: Row<VersionRow>; }) => ReactNode'.
          Types of parameters '__0' and 'props' are incompatible.
            Type '{ row: Row<VersionRow>; }' is not assignable to type '{ row: VersionRow; }'.
              Types of property 'row' are incompatible.
                Type 'Row<VersionRow>' is missing the following properties from type 'VersionRow': id, version, publishedAt, status, and 2 more.
src/features/builder/settings/SiteSettings.tsx(72,21): error TS2339: Property 'name' does not exist on type 'never'.
src/features/builder/settings/SiteSettings.tsx(73,29): error TS2339: Property 'settings' does not exist on type 'never'.
src/features/builder/settings/SiteSettings.tsx(74,22): error TS2339: Property 'settings' does not exist on type 'never'.
src/features/builder/settings/SiteSettings.tsx(75,25): error TS2339: Property 'settings' does not exist on type 'never'.
src/features/builder/settings/SiteSettings.tsx(76,29): error TS2339: Property 'custom_domain' does not exist on type 'never'.
src/features/builder/settings/SiteSettings.tsx(77,29): error TS2339: Property 'settings' does not exist on type 'never'.
src/features/builder/settings/SiteSettings.tsx(78,34): error TS2339: Property 'settings' does not exist on type 'never'.
src/features/builder/settings/SiteSettings.tsx(79,40): error TS2339: Property 'settings' does not exist on type 'never'.
src/features/builder/settings/SiteSettings.tsx(80,35): error TS2339: Property 'settings' does not exist on type 'never'.
src/features/builder/settings/SiteSettings.tsx(81,33): error TS2339: Property 'settings' does not exist on type 'never'.
src/features/builder/settings/SiteSettings.tsx(82,36): error TS2339: Property 'settings' does not exist on type 'never'.
src/features/builder/settings/SiteSettings.tsx(83,32): error TS2339: Property 'settings' does not exist on type 'never'.
src/features/builder/settings/SiteSettings.tsx(84,32): error TS2339: Property 'settings' does not exist on type 'never'.
src/features/builder/settings/SiteSettings.tsx(85,36): error TS2339: Property 'settings' does not exist on type 'never'.
src/features/builder/settings/SiteSettings.tsx(86,30): error TS2339: Property 'settings' does not exist on type 'never'.
src/features/builder/settings/SiteSettings.tsx(87,31): error TS2339: Property 'settings' does not exist on type 'never'.
src/features/builder/settings/SiteSettings.tsx(88,31): error TS2339: Property 'settings' does not exist on type 'never'.
src/features/builder/settings/SiteSettings.tsx(89,29): error TS2339: Property 'settings' does not exist on type 'never'.
src/features/builder/settings/SiteSettings.tsx(99,17): error TS2345: Argument of type '{ name: string; custom_domain: string | undefined; settings: any; }' is not assignable to parameter of type 'never'.
src/features/builder/settings/SiteSettings.tsx(103,26): error TS2339: Property 'settings' does not exist on type 'never'.
src/features/builder/settings/SiteSettings.tsx(148,10): error TS2304: Cannot find name 'AlertDescription'.
src/features/builder/settings/SiteSettings.tsx(148,69): error TS2304: Cannot find name 'AlertDescription'.
src/features/builder/settings/SiteSettings.tsx(264,20): error TS2304: Cannot find name 'AlertDescription'.
src/features/builder/settings/SiteSettings.tsx(268,21): error TS2304: Cannot find name 'AlertDescription'.
src/features/builder/stores/useBuilderStore.ts(225,3): error TS2322: Type '(options: PublishOptions) => Promise<PublishResult>' is not assignable to type '(options: PublishOptions) => Promise<void>'.
  Type 'Promise<PublishResult>' is not assignable to type 'Promise<void>'.
    Type 'PublishResult' is not assignable to type 'void'.
src/features/builder/stores/useBuilderStore.ts(259,21): error TS2339: Property 'id' does not exist on type 'Omit<Block, "id">'.
src/features/builder/themes/index.ts(3,15): error TS2459: Module '"./ThemeManager"' declares 'Theme' locally, but it is not exported.
src/features/builder/themes/ThemeManager.tsx(14,3): error TS6133: 'Layout' is declared but its value is never read.
src/features/builder/themes/ThemeManager.tsx(17,3): error TS6133: 'Trash2' is declared but its value is never read.
src/features/builder/themes/ThemeManager.tsx(166,17): error TS2345: Argument of type '{ settings: { theme: Theme; }; }' is not assignable to parameter of type 'never'.
src/features/builder/themes/ThemeManager.tsx(177,28): error TS2353: Object literal may only specify known properties, and 'theme' does not exist in type 'Partial<SiteSettings>'.
src/features/builder/themes/ThemeProvider.tsx(2,15): error TS2459: Module '"./ThemeManager"' declares 'Theme' locally, but it is not exported.
src/features/builder/themes/ThemeProvider.tsx(35,42): error TS2345: Argument of type 'unknown' is not assignable to parameter of type 'string | null'.
src/features/builder/themes/ThemeProvider.tsx(40,47): error TS2345: Argument of type 'unknown' is not assignable to parameter of type 'string | null'.
src/features/builder/themes/ThemeProvider.tsx(45,50): error TS2345: Argument of type 'unknown' is not assignable to parameter of type 'string | null'.
src/features/builder/themes/ThemeProvider.tsx(50,49): error TS2345: Argument of type 'unknown' is not assignable to parameter of type 'string | null'.
src/features/calendar/appointments/AppointmentsList.tsx(220,11): error TS2322: Type '({ header: string; accessorKey: string; cell: (row: any) => Element | null; } | { header: string; cell: (row: any) => Element; accessorKey?: undefined; })[]' is not assignable to type 'ColumnDef<{ id: string; organization_id: string; calendar_id: string | null; appointment_type_id: string | null; contact_id: string | null; customer_name: string; customer_email: string | null; ... 19 more ...; updated_at: string; }>[]'.
  Type '{ header: string; accessorKey: string; cell: (row: any) => Element | null; } | { header: string; cell: (row: any) => Element; accessorKey?: undefined; }' is not assignable to type 'ColumnDef<{ id: string; organization_id: string; calendar_id: string | null; appointment_type_id: string | null; contact_id: string | null; customer_name: string; customer_email: string | null; ... 19 more ...; updated_at: string; }>'.
    Property 'id' is missing in type '{ header: string; accessorKey: string; cell: (row: any) => JSX.Element | null; }' but required in type 'ColumnDef<{ id: string; organization_id: string; calendar_id: string | null; appointment_type_id: string | null; contact_id: string | null; customer_name: string; customer_email: string | null; ... 19 more ...; updated_at: string; }>'.
src/features/calendar/availability/AvailabilityEditor.tsx(162,29): error TS2322: Type '"outline"' is not assignable to type '"link" | "destructive" | "secondary" | "ghost" | "primary" | "tertiary" | "destructive-secondary" | null | undefined'.
src/features/calendar/booking/BookingPage.tsx(4,66): error TS6133: 'Phone' is declared but its value is never read.
src/features/calendar/booking/BookingPage.tsx(12,1): error TS6133: 'getPastelColor' is declared but its value is never read.
src/features/calendar/booking/BookingPage.tsx(153,14): error TS18048: 'appointmentType.price' is possibly 'undefined'.
src/features/calendar/booking/BookingPage.tsx(154,60): error TS18048: 'appointmentType' is possibly 'undefined'.
src/features/calendar/booking/BookingPage.tsx(163,16): error TS2686: 'React' refers to a UMD global, but the current file is a module. Consider adding an import instead.
src/features/calendar/booking/BookingPage.tsx(187,17): error TS2686: 'React' refers to a UMD global, but the current file is a module. Consider adding an import instead.
src/features/calendar/calendar/AgendaView.tsx(1,1): error TS6133: 'React' is declared but its value is never read.
src/features/calendar/calendar/CalendarFilters.tsx(1,1): error TS6133: 'React' is declared but its value is never read.
src/features/calendar/calendar/CalendarView.tsx(1,8): error TS6133: 'React' is declared but its value is never read.
src/features/calendar/calendar/CalendarView.tsx(2,66): error TS6133: 'eachDayOfInterval' is declared but its value is never read.
src/features/calendar/calendar/CalendarView.tsx(5,1): error TS6133: 'BadgeUntitled' is declared but its value is never read.
src/features/calendar/calendar/CalendarView.tsx(10,10): error TS6133: 'generateMonthGrid' is declared but its value is never read.
src/features/calendar/calendar/CalendarView.tsx(10,34): error TS2305: Module '"../lib/utils"' has no exported member 'ViewMode'.
src/features/calendar/calendar/CalendarView.tsx(10,49): error TS2459: Module '"../lib/utils"' declares 'CalendarEvent' locally, but it is not exported.
src/features/calendar/calendar/DayView.tsx(1,8): error TS6133: 'React' is declared but its value is never read.
src/features/calendar/calendar/MiniCalendar.tsx(1,1): error TS6133: 'React' is declared but its value is never read.
src/features/calendar/calendar/MiniCalendar.tsx(2,44): error TS6133: 'eachDayOfInterval' is declared but its value is never read.
src/features/calendar/calendar/MiniCalendar.tsx(14,9): error TS6133: 'monthEnd' is declared but its value is never read.
src/features/calendar/calendar/MonthView.tsx(1,1): error TS6133: 'React' is declared but its value is never read.
src/features/calendar/calendar/MonthView.tsx(2,18): error TS6133: 'isSameDay' is declared but its value is never read.
src/features/calendar/calendar/MonthView.tsx(2,38): error TS6133: 'startOfMonth' is declared but its value is never read.
src/features/calendar/calendar/MonthView.tsx(2,52): error TS6133: 'endOfMonth' is declared but its value is never read.
src/features/calendar/calendar/NewAppointmentDialog.tsx(1,8): error TS6133: 'React' is declared but its value is never read.
src/features/calendar/calendar/NewAppointmentDialog.tsx(4,3): error TS2305: Module '"@/components/ui/alert-dialog"' has no exported member 'Dialog'.
src/features/calendar/calendar/NewAppointmentDialog.tsx(5,3): error TS2305: Module '"@/components/ui/alert-dialog"' has no exported member 'DialogContent'.
src/features/calendar/calendar/NewAppointmentDialog.tsx(6,3): error TS2305: Module '"@/components/ui/alert-dialog"' has no exported member 'DialogHeader'.
src/features/calendar/calendar/NewAppointmentDialog.tsx(7,3): error TS2305: Module '"@/components/ui/alert-dialog"' has no exported member 'DialogTitle'.
src/features/calendar/calendar/NewAppointmentDialog.tsx(8,3): error TS2305: Module '"@/components/ui/alert-dialog"' has no exported member 'DialogFooter'.
src/features/calendar/calendar/NewAppointmentDialog.tsx(77,60): error TS2339: Property 'find' does not exist on type '{ contacts: ({ id: string; organization_id: string; company_id: string | null; first_name: string | null; last_name: string | null; email: string | null; phone: string | null; position: string | null; owner_id: string | null; created_at: string; updated_at: string; } & { ...; })[]; count: number; page: number; pageS...'.
src/features/calendar/calendar/NewAppointmentDialog.tsx(77,66): error TS7006: Parameter 'c' implicitly has an 'any' type.
src/features/calendar/calendar/NewAppointmentDialog.tsx(78,25): error TS2339: Property 'find' does not exist on type '{ contacts: ({ id: string; organization_id: string; company_id: string | null; first_name: string | null; last_name: string | null; email: string | null; phone: string | null; position: string | null; owner_id: string | null; created_at: string; updated_at: string; } & { ...; })[]; count: number; page: number; pageS...'.
src/features/calendar/calendar/NewAppointmentDialog.tsx(78,31): error TS7006: Parameter 'c' implicitly has an 'any' type.
src/features/calendar/calendar/NewAppointmentDialog.tsx(78,96): error TS2339: Property 'find' does not exist on type '{ contacts: ({ id: string; organization_id: string; company_id: string | null; first_name: string | null; last_name: string | null; email: string | null; phone: string | null; position: string | null; owner_id: string | null; created_at: string; updated_at: string; } & { ...; })[]; count: number; page: number; pageS...'.
src/features/calendar/calendar/NewAppointmentDialog.tsx(78,102): error TS7006: Parameter 'c' implicitly has an 'any' type.
src/features/calendar/calendar/NewAppointmentDialog.tsx(113,9): error TS6133: 'selectedContact' is declared but its value is never read.
src/features/calendar/calendar/NewAppointmentDialog.tsx(113,37): error TS2339: Property 'find' does not exist on type '{ contacts: ({ id: string; organization_id: string; company_id: string | null; first_name: string | null; last_name: string | null; email: string | null; phone: string | null; position: string | null; owner_id: string | null; created_at: string; updated_at: string; } & { ...; })[]; count: number; page: number; pageS...'.
src/features/calendar/calendar/NewAppointmentDialog.tsx(113,43): error TS7006: Parameter 'c' implicitly has an 'any' type.
src/features/calendar/calendar/NewAppointmentDialog.tsx(271,45): error TS2339: Property 'find' does not exist on type '{ contacts: ({ id: string; organization_id: string; company_id: string | null; first_name: string | null; last_name: string | null; email: string | null; phone: string | null; position: string | null; owner_id: string | null; created_at: string; updated_at: string; } & { ...; })[]; count: number; page: number; pageS...'.
src/features/calendar/calendar/NewAppointmentDialog.tsx(271,51): error TS7006: Parameter 'c' implicitly has an 'any' type.
src/features/calendar/calendar/NewAppointmentDialog.tsx(283,30): error TS2339: Property 'map' does not exist on type '{ contacts: ({ id: string; organization_id: string; company_id: string | null; first_name: string | null; last_name: string | null; email: string | null; phone: string | null; position: string | null; owner_id: string | null; created_at: string; updated_at: string; } & { ...; })[]; count: number; page: number; pageS...'.
src/features/calendar/calendar/NewAppointmentDialog.tsx(283,35): error TS7006: Parameter 'contact' implicitly has an 'any' type.
src/features/calendar/calendar/WeekView.tsx(1,8): error TS6133: 'React' is declared but its value is never read.
src/features/calendar/calendar/WeekView.tsx(2,18): error TS6133: 'addDays' is declared but its value is never read.
src/features/calendar/calendar/WeekView.tsx(2,27): error TS6133: 'startOfWeek' is declared but its value is never read.
src/features/calendar/calendar/WeekView.tsx(2,40): error TS6133: 'isSameDay' is declared but its value is never read.
src/features/calendar/CalendarLayout.tsx(8,35): error TS6133: 'Users' is declared but its value is never read.
src/features/calendar/CalendarLayout.tsx(20,21): error TS6133: 'setActiveTab' is declared but its value is never read.
src/features/calendar/hooks/useAppointments.ts(1,49): error TS1484: 'UseQueryResult' is a type and must be imported using a type-only import when 'verbatimModuleSyntax' is enabled.
src/features/calendar/hooks/useAppointments.ts(3,28): error TS6196: 'AppointmentInsert' is declared but never used.
src/features/calendar/hooks/useAppointments.ts(3,47): error TS6196: 'AppointmentUpdate' is declared but never used.
src/features/calendar/hooks/useAppointments.ts(104,10): error TS2339: Property 'in_' does not exist on type 'PostgrestFilterBuilder<{ PostgrestVersion: "12"; }, never, never, never[], "appointments", never, "GET">'.
src/features/calendar/hooks/useAppointments.ts(179,10): error TS2339: Property 'in_' does not exist on type 'PostgrestFilterBuilder<{ PostgrestVersion: "12"; }, never, never, never[], "appointments", never, "GET">'.
src/features/calendar/hooks/useAppointments.ts(183,17): error TS2339: Property 'status' does not exist on type 'never'.
src/features/calendar/hooks/useAppointments.ts(183,36): error TS2339: Property 'status' does not exist on type 'never'.
src/features/calendar/hooks/useAppointments.ts(206,17): error TS6133: 'data' is declared but its value is never read.
src/features/calendar/hooks/useAppointments.ts(223,17): error TS6133: 'data' is declared but its value is never read.
src/features/calendar/hooks/useAvailability.ts(1,49): error TS1484: 'UseQueryResult' is a type and must be imported using a type-only import when 'verbatimModuleSyntax' is enabled.
src/features/calendar/hooks/useAvailability.ts(122,17): error TS2769: No overload matches this call.
  Overload 1 of 2, '(values: never, options?: { count?: "exact" | "planned" | "estimated" | undefined; } | undefined): PostgrestFilterBuilder<{ PostgrestVersion: "12"; }, never, never, null, "appointment_types", never, "POST">', gave the following error.
    Argument of type '{ id?: string | undefined; organization_id: string; calendar_id: string; name: string; description?: string | null | undefined; duration_minutes?: number | undefined; price?: number | undefined; ... 11 more ...; updated_at?: string | undefined; }' is not assignable to parameter of type 'never'.
  Overload 2 of 2, '(values: never[], options?: { count?: "exact" | "planned" | "estimated" | undefined; defaultToNull?: boolean | undefined; } | undefined): PostgrestFilterBuilder<{ PostgrestVersion: "12"; }, never, never, null, "appointment_types", never, "POST">', gave the following error.
    Argument of type '{ id?: string | undefined; organization_id: string; calendar_id: string; name: string; description?: string | null | undefined; duration_minutes?: number | undefined; price?: number | undefined; ... 11 more ...; updated_at?: string | undefined; }' is not assignable to parameter of type 'never[]'.
      Type '{ id?: string | undefined; organization_id: string; calendar_id: string; name: string; description?: string | null | undefined; duration_minutes?: number | undefined; price?: number | undefined; ... 11 more ...; updated_at?: string | undefined; }' is missing the following properties from type 'never[]': length, pop, push, concat, and 29 more.
src/features/calendar/hooks/useAvailability.ts(153,17): error TS2345: Argument of type '{ id?: string | undefined; organization_id?: string | undefined; calendar_id?: string | undefined; name?: string | undefined; description?: string | null | undefined; duration_minutes?: number | undefined; ... 12 more ...; updated_at?: string | undefined; }' is not assignable to parameter of type 'never'.
src/features/calendar/hooks/useAvailability.ts(182,17): error TS2345: Argument of type '{ active: boolean; }' is not assignable to parameter of type 'never'.
src/features/calendar/hooks/useCalendars.ts(1,49): error TS1484: 'UseQueryResult' is a type and must be imported using a type-only import when 'verbatimModuleSyntax' is enabled.
src/features/calendar/hooks/useCalendars.ts(92,17): error TS2769: No overload matches this call.
  Overload 1 of 2, '(values: never, options?: { count?: "exact" | "planned" | "estimated" | undefined; } | undefined): PostgrestFilterBuilder<{ PostgrestVersion: "12"; }, never, never, null, "calendars", never, "POST">', gave the following error.
    Argument of type '{ id?: string | undefined; organization_id: string; name: string; description?: string | null | undefined; color?: string | undefined; owner_id?: string | null | undefined; timezone?: string | undefined; ... 6 more ...; updated_at?: string | undefined; }' is not assignable to parameter of type 'never'.
  Overload 2 of 2, '(values: never[], options?: { count?: "exact" | "planned" | "estimated" | undefined; defaultToNull?: boolean | undefined; } | undefined): PostgrestFilterBuilder<{ PostgrestVersion: "12"; }, never, never, null, "calendars", never, "POST">', gave the following error.
    Argument of type '{ id?: string | undefined; organization_id: string; name: string; description?: string | null | undefined; color?: string | undefined; owner_id?: string | null | undefined; timezone?: string | undefined; ... 6 more ...; updated_at?: string | undefined; }' is not assignable to parameter of type 'never[]'.
      Type '{ id?: string | undefined; organization_id: string; name: string; description?: string | null | undefined; color?: string | undefined; owner_id?: string | null | undefined; timezone?: string | undefined; ... 6 more ...; updated_at?: string | undefined; }' is missing the following properties from type 'never[]': length, pop, push, concat, and 29 more.
src/features/calendar/hooks/useCalendars.ts(123,17): error TS2345: Argument of type '{ id?: string | undefined; organization_id?: string | undefined; name?: string | undefined; description?: string | null | undefined; color?: string | undefined; owner_id?: string | null | undefined; ... 7 more ...; updated_at?: string | undefined; }' is not assignable to parameter of type 'never'.
src/features/calendar/hooks/useCalendars.ts(152,17): error TS2345: Argument of type '{ active: boolean; }' is not assignable to parameter of type 'never'.
src/features/calendar/lib/availability.ts(1,40): error TS6133: 'isSameDay' is declared but its value is never read.
src/features/calendar/lib/availability.ts(3,51): error TS6196: 'Calendar' is declared but never used.
src/features/calendar/lib/availability.ts(3,61): error TS6196: 'Appointment' is declared but never used.
src/features/calendar/lib/availability.ts(41,6): error TS2339: Property 'in_' does not exist on type 'PostgrestFilterBuilder<{ PostgrestVersion: "12"; }, never, never, never[], "appointments", never, "GET">'.
src/features/calendar/lib/availability.ts(48,44): error TS7006: Parameter 'apt' implicitly has an 'any' type.
src/features/calendar/lib/availability.ts(58,34): error TS2339: Property 'business_hours' does not exist on type 'never'.
src/features/calendar/lib/availability.ts(67,16): error TS2339: Property 'buffer_minutes' does not exist on type 'never'.
src/features/calendar/lib/availability.ts(78,14): error TS2339: Property 'min_notice_hours' does not exist on type 'never'.
src/features/calendar/lib/availability.ts(110,27): error TS2339: Property 'min_notice_hours' does not exist on type 'never'.
src/features/calendar/lib/availability.ts(115,35): error TS2339: Property 'min_notice_hours' does not exist on type 'never'.
src/features/calendar/lib/availability.ts(121,27): error TS2339: Property 'max_booking_days_ahead' does not exist on type 'never'.
src/features/calendar/lib/availability.ts(126,46): error TS2339: Property 'max_booking_days_ahead' does not exist on type 'never'.
src/features/calendar/lib/availability.ts(131,34): error TS2339: Property 'business_hours' does not exist on type 'never'.
src/features/calendar/lib/availability.ts(157,6): error TS2339: Property 'in_' does not exist on type 'PostgrestFilterBuilder<{ PostgrestVersion: "12"; }, never, never, never[], "appointments", never, "GET">'.
src/features/calendar/lib/availability.ts(233,70): error TS2769: No overload matches this call.
  Overload 1 of 2, '(values: never, options?: { count?: "exact" | "planned" | "estimated" | undefined; } | undefined): PostgrestFilterBuilder<{ PostgrestVersion: "12"; }, never, never, null, "availability_slots", never, "POST">', gave the following error.
    Argument of type '{ calendar_id: string; organization_id: string; start_time: string; end_time: string; max_bookings: number; current_bookings: number; status: string; is_recurring: boolean; recurring_pattern: { ...; }; }[]' is not assignable to parameter of type 'never'.
  Overload 2 of 2, '(values: never[], options?: { count?: "exact" | "planned" | "estimated" | undefined; defaultToNull?: boolean | undefined; } | undefined): PostgrestFilterBuilder<{ PostgrestVersion: "12"; }, never, never, null, "availability_slots", never, "POST">', gave the following error.
    Argument of type '{ calendar_id: string; organization_id: string; start_time: string; end_time: string; max_bookings: number; current_bookings: number; status: string; is_recurring: boolean; recurring_pattern: { ...; }; }[]' is not assignable to parameter of type 'never[]'.
      Type '{ calendar_id: string; organization_id: string; start_time: string; end_time: string; max_bookings: number; current_bookings: number; status: string; is_recurring: boolean; recurring_pattern: { ...; }; }' is not assignable to type 'never'.
src/features/calendar/lib/availability.ts(255,3): error TS6133: 'reason' is declared but its value is never read.
src/features/calendar/lib/availability.ts(263,63): error TS2769: No overload matches this call.
  Overload 1 of 2, '(values: never, options?: { count?: "exact" | "planned" | "estimated" | undefined; } | undefined): PostgrestFilterBuilder<{ PostgrestVersion: "12"; }, never, never, null, "availability_slots", never, "POST">', gave the following error.
    Argument of type '{ calendar_id: string; organization_id: any; start_time: string; end_time: string; max_bookings: number; current_bookings: number; status: string; is_recurring: boolean; }' is not assignable to parameter of type 'never'.
  Overload 2 of 2, '(values: never[], options?: { count?: "exact" | "planned" | "estimated" | undefined; defaultToNull?: boolean | undefined; } | undefined): PostgrestFilterBuilder<{ PostgrestVersion: "12"; }, never, never, null, "availability_slots", never, "POST">', gave the following error.
    Object literal may only specify known properties, and 'calendar_id' does not exist in type 'never[]'.
src/features/calendar/lib/availability.ts(265,32): error TS2339: Property 'organization_id' does not exist on type 'never'.
src/features/calendar/lib/availability.ts(290,16): error TS2339: Property 'organization_id' does not exist on type 'never'.
src/features/calendar/lib/booking.ts(23,6): error TS2769: No overload matches this call.
  Overload 1 of 2, '(values: never, options?: { count?: "exact" | "planned" | "estimated" | undefined; } | undefined): PostgrestFilterBuilder<{ PostgrestVersion: "12"; }, never, never, null, "appointments", never, "POST">', gave the following error.
    Argument of type '{ organization_id: string; id?: string | undefined; status?: "scheduled" | "confirmed" | "in_progress" | "completed" | "cancelled" | "no_show" | "rescheduled" | undefined; location?: string | null | undefined; title: string; ... 21 more ...; booking_source?: "manual" | "widget" | "api" | "email" | undefined; }' is not assignable to parameter of type 'never'.
  Overload 2 of 2, '(values: never[], options?: { count?: "exact" | "planned" | "estimated" | undefined; defaultToNull?: boolean | undefined; } | undefined): PostgrestFilterBuilder<{ PostgrestVersion: "12"; }, never, never, null, "appointments", never, "POST">', gave the following error.
    Object literal may only specify known properties, and 'organization_id' does not exist in type 'never[]'.
src/features/calendar/lib/booking.ts(35,19): error TS2339: Property 'calendar_id' does not exist on type 'never'.
src/features/calendar/lib/booking.ts(36,42): error TS2339: Property 'calendar_id' does not exist on type 'never'.
src/features/calendar/lib/booking.ts(36,67): error TS2339: Property 'start_time' does not exist on type 'never'.
src/features/calendar/lib/booking.ts(36,91): error TS2339: Property 'end_time' does not exist on type 'never'.
src/features/calendar/lib/booking.ts(41,39): error TS2339: Property 'id' does not exist on type 'never'.
src/features/calendar/lib/booking.ts(45,43): error TS2339: Property 'id' does not exist on type 'never'.
src/features/calendar/lib/booking.ts(84,13): error TS2345: Argument of type 'Partial<{ id?: string | undefined; organization_id: string; calendar_id?: string | null | undefined; appointment_type_id?: string | null | undefined; contact_id?: string | null | undefined; ... 21 more ...; updated_at?: string | undefined; }>' is not assignable to parameter of type 'never'.
src/features/calendar/lib/booking.ts(122,13): error TS2345: Argument of type '{ status: string; customer_notes: any; }' is not assignable to parameter of type 'never'.
src/features/calendar/lib/booking.ts(124,47): error TS2339: Property 'customer_notes' does not exist on type 'never'.
src/features/calendar/lib/booking.ts(124,116): error TS2339: Property 'customer_notes' does not exist on type 'never'.
src/features/calendar/lib/booking.ts(133,19): error TS2339: Property 'calendar_id' does not exist on type 'never'.
src/features/calendar/lib/booking.ts(134,45): error TS2339: Property 'calendar_id' does not exist on type 'never'.
src/features/calendar/lib/booking.ts(134,70): error TS2339: Property 'start_time' does not exist on type 'never'.
src/features/calendar/lib/booking.ts(134,94): error TS2339: Property 'end_time' does not exist on type 'never'.
src/features/calendar/lib/booking.ts(138,97): error TS2339: Property 'status' does not exist on type 'never'.
src/features/calendar/lib/booking.ts(173,15): error TS2339: Property 'calendar_id' does not exist on type 'never'.
src/features/calendar/lib/booking.ts(174,41): error TS2339: Property 'calendar_id' does not exist on type 'never'.
src/features/calendar/lib/booking.ts(174,62): error TS2339: Property 'start_time' does not exist on type 'never'.
src/features/calendar/lib/booking.ts(174,82): error TS2339: Property 'end_time' does not exist on type 'never'.
src/features/calendar/lib/booking.ts(180,13): error TS2345: Argument of type '{ start_time: string; end_time: string; status: string; }' is not assignable to parameter of type 'never'.
src/features/calendar/lib/booking.ts(194,19): error TS2339: Property 'calendar_id' does not exist on type 'never'.
src/features/calendar/lib/booking.ts(195,42): error TS2339: Property 'calendar_id' does not exist on type 'never'.
src/features/calendar/lib/booking.ts(200,25): error TS2339: Property 'start_time' does not exist on type 'never'.
src/features/calendar/lib/booking.ts(201,23): error TS2339: Property 'end_time' does not exist on type 'never'.
src/features/calendar/lib/booking.ts(217,13): error TS2345: Argument of type '{ status: string; }' is not assignable to parameter of type 'never'.
src/features/calendar/lib/booking.ts(253,73): error TS2769: No overload matches this call.
  Overload 1 of 2, '(values: never, options?: { count?: "exact" | "planned" | "estimated" | undefined; } | undefined): PostgrestFilterBuilder<{ PostgrestVersion: "12"; }, never, never, null, "appointment_reminders", never, "POST">', gave the following error.
    Argument of type '{ appointment_id: string; organization_id: string; remind_before_hours: number; type: "email"; status: "pending"; }[]' is not assignable to parameter of type 'never'.
  Overload 2 of 2, '(values: never[], options?: { count?: "exact" | "planned" | "estimated" | undefined; defaultToNull?: boolean | undefined; } | undefined): PostgrestFilterBuilder<{ PostgrestVersion: "12"; }, never, never, null, "appointment_reminders", never, "POST">', gave the following error.
    Argument of type '{ appointment_id: string; organization_id: string; remind_before_hours: number; type: "email"; status: "pending"; }[]' is not assignable to parameter of type 'never[]'.
      Type '{ appointment_id: string; organization_id: string; remind_before_hours: number; type: "email"; status: "pending"; }' is not assignable to type 'never'.
src/features/calendar/lib/booking.ts(289,13): error TS2345: Argument of type '{ status: string; sent_at: string; }' is not assignable to parameter of type 'never'.
src/features/calendar/lib/booking.ts(310,64): error TS2769: No overload matches this call.
  Overload 1 of 2, '(values: never, options?: { count?: "exact" | "planned" | "estimated" | undefined; } | undefined): PostgrestFilterBuilder<{ PostgrestVersion: "12"; }, never, never, null, "appointment_history", never, "POST">', gave the following error.
    Argument of type '{ appointment_id: string; organization_id: string; action: string; previous_values: any; changed_by_user_id: null; }' is not assignable to parameter of type 'never'.
  Overload 2 of 2, '(values: never[], options?: { count?: "exact" | "planned" | "estimated" | undefined; defaultToNull?: boolean | undefined; } | undefined): PostgrestFilterBuilder<{ PostgrestVersion: "12"; }, never, never, null, "appointment_history", never, "POST">', gave the following error.
    Object literal may only specify known properties, and 'appointment_id' does not exist in type 'never[]'.
src/features/calendar/lib/booking.ts(345,15): error TS2345: Argument of type '{ current_bookings: any; status: string; }' is not assignable to parameter of type 'never'.
src/features/calendar/lib/booking.ts(346,32): error TS2339: Property 'current_bookings' does not exist on type 'never'.
src/features/calendar/lib/booking.ts(347,22): error TS2339: Property 'current_bookings' does not exist on type 'never'.
src/features/calendar/lib/booking.ts(347,51): error TS2339: Property 'max_bookings' does not exist on type 'never'.
src/features/calendar/lib/booking.ts(349,22): error TS2339: Property 'id' does not exist on type 'never'.
src/features/calendar/lib/booking.ts(366,6): error TS2339: Property 'in_' does not exist on type 'PostgrestFilterBuilder<{ PostgrestVersion: "12"; }, never, never, never[], "availability_slots", never, "GET">'.
src/features/calendar/lib/booking.ts(375,17): error TS2345: Argument of type '{ current_bookings: number; status: string; }' is not assignable to parameter of type 'never'.
src/features/calendar/lib/booking.ts(407,3): error TS6133: 'provider' is declared but its value is never read.
src/features/calendar/lib/utils.ts(1,18): error TS6133: 'addDays' is declared but its value is never read.
src/features/calendar/lib/utils.ts(2,75): error TS6196: 'TimeRange' is declared but never used.
src/features/calendar/types.ts(1,10): error TS1484: 'Database' is a type and must be imported using a type-only import when 'verbatimModuleSyntax' is enabled.
src/features/chat/admin/AgentPerformanceTable.tsx(6,31): error TS2307: Cannot find module '@/components/ui/table-untitled' or its corresponding type declarations.
src/features/chat/admin/AgentPerformanceTable.tsx(54,39): error TS6198: All destructured elements are unused.
src/features/chat/admin/AgentPerformanceTable.tsx(74,37): error TS2339: Property 'Image' does not exist on type 'ForwardRefExoticComponent<AvatarProps & RefAttributes<HTMLDivElement>> & { Group: ForwardRefExoticComponent<AvatarGroupProps & RefAttributes<...>>; }'.
src/features/chat/admin/AgentPerformanceTable.tsx(75,37): error TS2339: Property 'Fallback' does not exist on type 'ForwardRefExoticComponent<AvatarProps & RefAttributes<HTMLDivElement>> & { Group: ForwardRefExoticComponent<AvatarGroupProps & RefAttributes<...>>; }'.
src/features/chat/admin/AgentPerformanceTable.tsx(77,38): error TS2339: Property 'Fallback' does not exist on type 'ForwardRefExoticComponent<AvatarProps & RefAttributes<HTMLDivElement>> & { Group: ForwardRefExoticComponent<AvatarGroupProps & RefAttributes<...>>; }'.
src/features/chat/admin/ChatAnalytics.tsx(52,27): error TS2339: Property 'Trigger' does not exist on type 'ForwardRefExoticComponent<SelectUntitledProps & RefAttributes<HTMLButtonElement>>'.
src/features/chat/admin/ChatAnalytics.tsx(53,29): error TS2339: Property 'Value' does not exist on type 'ForwardRefExoticComponent<SelectUntitledProps & RefAttributes<HTMLButtonElement>>'.
src/features/chat/admin/ChatAnalytics.tsx(54,28): error TS2339: Property 'Trigger' does not exist on type 'ForwardRefExoticComponent<SelectUntitledProps & RefAttributes<HTMLButtonElement>>'.
src/features/chat/admin/ChatAnalytics.tsx(55,27): error TS2339: Property 'Content' does not exist on type 'ForwardRefExoticComponent<SelectUntitledProps & RefAttributes<HTMLButtonElement>>'.
src/features/chat/admin/ChatAnalytics.tsx(56,29): error TS2339: Property 'Item' does not exist on type 'ForwardRefExoticComponent<SelectUntitledProps & RefAttributes<HTMLButtonElement>>'.
src/features/chat/admin/ChatAnalytics.tsx(56,73): error TS2339: Property 'Item' does not exist on type 'ForwardRefExoticComponent<SelectUntitledProps & RefAttributes<HTMLButtonElement>>'.
src/features/chat/admin/ChatAnalytics.tsx(57,29): error TS2339: Property 'Item' does not exist on type 'ForwardRefExoticComponent<SelectUntitledProps & RefAttributes<HTMLButtonElement>>'.
src/features/chat/admin/ChatAnalytics.tsx(57,75): error TS2339: Property 'Item' does not exist on type 'ForwardRefExoticComponent<SelectUntitledProps & RefAttributes<HTMLButtonElement>>'.
src/features/chat/admin/ChatAnalytics.tsx(58,29): error TS2339: Property 'Item' does not exist on type 'ForwardRefExoticComponent<SelectUntitledProps & RefAttributes<HTMLButtonElement>>'.
src/features/chat/admin/ChatAnalytics.tsx(58,75): error TS2339: Property 'Item' does not exist on type 'ForwardRefExoticComponent<SelectUntitledProps & RefAttributes<HTMLButtonElement>>'.
src/features/chat/admin/ChatAnalytics.tsx(59,28): error TS2339: Property 'Content' does not exist on type 'ForwardRefExoticComponent<SelectUntitledProps & RefAttributes<HTMLButtonElement>>'.
src/features/chat/admin/ChatAnalytics.tsx(67,27): error TS2339: Property 'totalConversations' does not exist on type '{ data: { totalConversations: number; activeConversations: number; totalMessages: number; avgResponseTime: number; satisfactionScore: number; } | null; error: PostgrestError | null; }'.
src/features/chat/admin/ChatAnalytics.tsx(68,28): error TS2339: Property 'conversationsChange' does not exist on type '{ data: { totalConversations: number; activeConversations: number; totalMessages: number; avgResponseTime: number; satisfactionScore: number; } | null; error: PostgrestError | null; }'.
src/features/chat/admin/ChatAnalytics.tsx(73,27): error TS2339: Property 'activeConversations' does not exist on type '{ data: { totalConversations: number; activeConversations: number; totalMessages: number; avgResponseTime: number; satisfactionScore: number; } | null; error: PostgrestError | null; }'.
src/features/chat/admin/ChatAnalytics.tsx(78,27): error TS2339: Property 'totalMessages' does not exist on type '{ data: { totalConversations: number; activeConversations: number; totalMessages: number; avgResponseTime: number; satisfactionScore: number; } | null; error: PostgrestError | null; }'.
src/features/chat/admin/ChatAnalytics.tsx(79,28): error TS2339: Property 'messagesChange' does not exist on type '{ data: { totalConversations: number; activeConversations: number; totalMessages: number; avgResponseTime: number; satisfactionScore: number; } | null; error: PostgrestError | null; }'.
src/features/chat/admin/ChatAnalytics.tsx(84,27): error TS2339: Property 'avgResponseTime' does not exist on type '{ data: { totalConversations: number; activeConversations: number; totalMessages: number; avgResponseTime: number; satisfactionScore: number; } | null; error: PostgrestError | null; }'.
src/features/chat/admin/ChatAnalytics.tsx(101,29): error TS2339: Property 'Header' does not exist on type 'ForwardRefExoticComponent<CardProps & RefAttributes<HTMLDivElement>>'.
src/features/chat/admin/ChatAnalytics.tsx(102,31): error TS2339: Property 'Title' does not exist on type 'ForwardRefExoticComponent<CardProps & RefAttributes<HTMLDivElement>>'.
src/features/chat/admin/ChatAnalytics.tsx(102,75): error TS2339: Property 'Title' does not exist on type 'ForwardRefExoticComponent<CardProps & RefAttributes<HTMLDivElement>>'.
src/features/chat/admin/ChatAnalytics.tsx(103,31): error TS2339: Property 'Description' does not exist on type 'ForwardRefExoticComponent<CardProps & RefAttributes<HTMLDivElement>>'.
src/features/chat/admin/ChatAnalytics.tsx(103,83): error TS2339: Property 'Description' does not exist on type 'ForwardRefExoticComponent<CardProps & RefAttributes<HTMLDivElement>>'.
src/features/chat/admin/ChatAnalytics.tsx(104,30): error TS2339: Property 'Header' does not exist on type 'ForwardRefExoticComponent<CardProps & RefAttributes<HTMLDivElement>>'.
src/features/chat/admin/ChatAnalytics.tsx(105,29): error TS2339: Property 'Content' does not exist on type 'ForwardRefExoticComponent<CardProps & RefAttributes<HTMLDivElement>>'.
src/features/chat/admin/ChatAnalytics.tsx(107,35): error TS2339: Property 'map' does not exist on type 'never[] | { data: ChatAnalytics[]; error: PostgrestError | null; }'.
  Property 'map' does not exist on type '{ data: ChatAnalytics[]; error: PostgrestError | null; }'.
src/features/chat/admin/ChatAnalytics.tsx(107,40): error TS7006: Parameter 'a' implicitly has an 'any' type.
src/features/chat/admin/ChatAnalytics.tsx(113,30): error TS2339: Property 'Content' does not exist on type 'ForwardRefExoticComponent<CardProps & RefAttributes<HTMLDivElement>>'.
src/features/chat/admin/ChatAnalytics.tsx(118,29): error TS2339: Property 'Header' does not exist on type 'ForwardRefExoticComponent<CardProps & RefAttributes<HTMLDivElement>>'.
src/features/chat/admin/ChatAnalytics.tsx(119,31): error TS2339: Property 'Title' does not exist on type 'ForwardRefExoticComponent<CardProps & RefAttributes<HTMLDivElement>>'.
src/features/chat/admin/ChatAnalytics.tsx(119,71): error TS2339: Property 'Title' does not exist on type 'ForwardRefExoticComponent<CardProps & RefAttributes<HTMLDivElement>>'.
src/features/chat/admin/ChatAnalytics.tsx(120,31): error TS2339: Property 'Description' does not exist on type 'ForwardRefExoticComponent<CardProps & RefAttributes<HTMLDivElement>>'.
src/features/chat/admin/ChatAnalytics.tsx(120,91): error TS2339: Property 'Description' does not exist on type 'ForwardRefExoticComponent<CardProps & RefAttributes<HTMLDivElement>>'.
src/features/chat/admin/ChatAnalytics.tsx(121,30): error TS2339: Property 'Header' does not exist on type 'ForwardRefExoticComponent<CardProps & RefAttributes<HTMLDivElement>>'.
src/features/chat/admin/ChatAnalytics.tsx(122,29): error TS2339: Property 'Content' does not exist on type 'ForwardRefExoticComponent<CardProps & RefAttributes<HTMLDivElement>>'.
src/features/chat/admin/ChatAnalytics.tsx(124,35): error TS2339: Property 'map' does not exist on type 'never[] | { data: ChatAnalytics[]; error: PostgrestError | null; }'.
  Property 'map' does not exist on type '{ data: ChatAnalytics[]; error: PostgrestError | null; }'.
src/features/chat/admin/ChatAnalytics.tsx(124,40): error TS7006: Parameter 'a' implicitly has an 'any' type.
src/features/chat/admin/ChatAnalytics.tsx(133,30): error TS2339: Property 'Content' does not exist on type 'ForwardRefExoticComponent<CardProps & RefAttributes<HTMLDivElement>>'.
src/features/chat/admin/ChatAnalytics.tsx(139,27): error TS2339: Property 'Header' does not exist on type 'ForwardRefExoticComponent<CardProps & RefAttributes<HTMLDivElement>>'.
src/features/chat/admin/ChatAnalytics.tsx(140,29): error TS2339: Property 'Title' does not exist on type 'ForwardRefExoticComponent<CardProps & RefAttributes<HTMLDivElement>>'.
src/features/chat/admin/ChatAnalytics.tsx(140,70): error TS2339: Property 'Title' does not exist on type 'ForwardRefExoticComponent<CardProps & RefAttributes<HTMLDivElement>>'.
src/features/chat/admin/ChatAnalytics.tsx(141,29): error TS2339: Property 'Description' does not exist on type 'ForwardRefExoticComponent<CardProps & RefAttributes<HTMLDivElement>>'.
src/features/chat/admin/ChatAnalytics.tsx(141,94): error TS2339: Property 'Description' does not exist on type 'ForwardRefExoticComponent<CardProps & RefAttributes<HTMLDivElement>>'.
src/features/chat/admin/ChatAnalytics.tsx(142,28): error TS2339: Property 'Header' does not exist on type 'ForwardRefExoticComponent<CardProps & RefAttributes<HTMLDivElement>>'.
src/features/chat/admin/ChatAnalytics.tsx(143,27): error TS2339: Property 'Content' does not exist on type 'ForwardRefExoticComponent<CardProps & RefAttributes<HTMLDivElement>>'.
src/features/chat/admin/ChatAnalytics.tsx(146,29): error TS2339: Property 'reduce' does not exist on type 'never[] | { data: ChatAnalytics[]; error: PostgrestError | null; }'.
  Property 'reduce' does not exist on type '{ data: ChatAnalytics[]; error: PostgrestError | null; }'.
src/features/chat/admin/ChatAnalytics.tsx(146,37): error TS7006: Parameter 'acc' implicitly has an 'any' type.
src/features/chat/admin/ChatAnalytics.tsx(146,42): error TS7006: Parameter 'a' implicitly has an 'any' type.
src/features/chat/admin/ChatAnalytics.tsx(157,60): error TS2322: Type 'unknown' is not assignable to type 'ReactNode'.
src/features/chat/admin/ChatAnalytics.tsx(161,38): error TS18046: 'count' is of type 'unknown'.
src/features/chat/admin/ChatAnalytics.tsx(161,56): error TS2339: Property 'totalConversations' does not exist on type '{ data: { totalConversations: number; activeConversations: number; totalMessages: number; avgResponseTime: number; satisfactionScore: number; } | null; error: PostgrestError | null; }'.
src/features/chat/admin/ChatAnalytics.tsx(167,28): error TS2339: Property 'Content' does not exist on type 'ForwardRefExoticComponent<CardProps & RefAttributes<HTMLDivElement>>'.
src/features/chat/admin/ChatAnalytics.tsx(175,32): error TS2339: Property 'reduce' does not exist on type 'never[] | { data: ChatAnalytics[]; error: PostgrestError | null; }'.
  Property 'reduce' does not exist on type '{ data: ChatAnalytics[]; error: PostgrestError | null; }'.
src/features/chat/admin/ChatAnalytics.tsx(175,40): error TS7006: Parameter 'sum' implicitly has an 'any' type.
src/features/chat/admin/ChatAnalytics.tsx(175,45): error TS7006: Parameter 'a' implicitly has an 'any' type.
src/features/chat/admin/ChatAnalytics.tsx(180,33): error TS2339: Property 'length' does not exist on type 'never[] | { data: ChatAnalytics[]; error: PostgrestError | null; }'.
  Property 'length' does not exist on type '{ data: ChatAnalytics[]; error: PostgrestError | null; }'.
src/features/chat/admin/ChatAnalytics.tsx(185,44): error TS2339: Property 'map' does not exist on type 'never[] | { data: ChatAnalytics[]; error: PostgrestError | null; }'.
  Property 'map' does not exist on type '{ data: ChatAnalytics[]; error: PostgrestError | null; }'.
src/features/chat/admin/ChatAnalytics.tsx(185,49): error TS7006: Parameter 'a' implicitly has an 'any' type.
src/features/chat/admin/ChatAnalytics.tsx(190,32): error TS2339: Property 'reduce' does not exist on type 'never[] | { data: ChatAnalytics[]; error: PostgrestError | null; }'.
  Property 'reduce' does not exist on type '{ data: ChatAnalytics[]; error: PostgrestError | null; }'.
src/features/chat/admin/ChatAnalytics.tsx(190,40): error TS7006: Parameter 'sum' implicitly has an 'any' type.
src/features/chat/admin/ChatAnalytics.tsx(190,45): error TS7006: Parameter 'a' implicitly has an 'any' type.
src/features/chat/admin/ChatAnalytics.tsx(190,112): error TS2339: Property 'length' does not exist on type 'never[] | { data: ChatAnalytics[]; error: PostgrestError | null; }'.
  Property 'length' does not exist on type '{ data: ChatAnalytics[]; error: PostgrestError | null; }'.
src/features/chat/admin/ChatAnalytics.tsx(196,27): error TS2339: Property 'Header' does not exist on type 'ForwardRefExoticComponent<CardProps & RefAttributes<HTMLDivElement>>'.
src/features/chat/admin/ChatAnalytics.tsx(197,29): error TS2339: Property 'Title' does not exist on type 'ForwardRefExoticComponent<CardProps & RefAttributes<HTMLDivElement>>'.
src/features/chat/admin/ChatAnalytics.tsx(197,82): error TS2339: Property 'Title' does not exist on type 'ForwardRefExoticComponent<CardProps & RefAttributes<HTMLDivElement>>'.
src/features/chat/admin/ChatAnalytics.tsx(198,28): error TS2339: Property 'Header' does not exist on type 'ForwardRefExoticComponent<CardProps & RefAttributes<HTMLDivElement>>'.
src/features/chat/admin/ChatAnalytics.tsx(199,27): error TS2339: Property 'Content' does not exist on type 'ForwardRefExoticComponent<CardProps & RefAttributes<HTMLDivElement>>'.
src/features/chat/admin/ChatAnalytics.tsx(204,32): error TS2339: Property 'reduce' does not exist on type 'never[] | { data: ChatAnalytics[]; error: PostgrestError | null; }'.
  Property 'reduce' does not exist on type '{ data: ChatAnalytics[]; error: PostgrestError | null; }'.
src/features/chat/admin/ChatAnalytics.tsx(204,40): error TS7006: Parameter 'sum' implicitly has an 'any' type.
src/features/chat/admin/ChatAnalytics.tsx(204,45): error TS7006: Parameter 'a' implicitly has an 'any' type.
src/features/chat/admin/ChatAnalytics.tsx(210,32): error TS2339: Property 'reduce' does not exist on type 'never[] | { data: ChatAnalytics[]; error: PostgrestError | null; }'.
  Property 'reduce' does not exist on type '{ data: ChatAnalytics[]; error: PostgrestError | null; }'.
src/features/chat/admin/ChatAnalytics.tsx(210,40): error TS7006: Parameter 'sum' implicitly has an 'any' type.
src/features/chat/admin/ChatAnalytics.tsx(210,45): error TS7006: Parameter 'a' implicitly has an 'any' type.
src/features/chat/admin/ChatAnalytics.tsx(217,34): error TS2339: Property 'reduce' does not exist on type 'never[] | { data: ChatAnalytics[]; error: PostgrestError | null; }'.
  Property 'reduce' does not exist on type '{ data: ChatAnalytics[]; error: PostgrestError | null; }'.
src/features/chat/admin/ChatAnalytics.tsx(217,42): error TS7006: Parameter 'sum' implicitly has an 'any' type.
src/features/chat/admin/ChatAnalytics.tsx(217,47): error TS7006: Parameter 'a' implicitly has an 'any' type.
src/features/chat/admin/ChatAnalytics.tsx(218,36): error TS2339: Property 'reduce' does not exist on type 'never[] | { data: ChatAnalytics[]; error: PostgrestError | null; }'.
  Property 'reduce' does not exist on type '{ data: ChatAnalytics[]; error: PostgrestError | null; }'.
src/features/chat/admin/ChatAnalytics.tsx(218,44): error TS7006: Parameter 'sum' implicitly has an 'any' type.
src/features/chat/admin/ChatAnalytics.tsx(218,49): error TS7006: Parameter 'a' implicitly has an 'any' type.
src/features/chat/admin/ChatAnalytics.tsx(225,28): error TS2339: Property 'Content' does not exist on type 'ForwardRefExoticComponent<CardProps & RefAttributes<HTMLDivElement>>'.
src/features/chat/admin/ChatAnalytics.tsx(231,27): error TS2339: Property 'Header' does not exist on type 'ForwardRefExoticComponent<CardProps & RefAttributes<HTMLDivElement>>'.
src/features/chat/admin/ChatAnalytics.tsx(232,29): error TS2339: Property 'Title' does not exist on type 'ForwardRefExoticComponent<CardProps & RefAttributes<HTMLDivElement>>'.
src/features/chat/admin/ChatAnalytics.tsx(232,67): error TS2339: Property 'Title' does not exist on type 'ForwardRefExoticComponent<CardProps & RefAttributes<HTMLDivElement>>'.
src/features/chat/admin/ChatAnalytics.tsx(233,29): error TS2339: Property 'Description' does not exist on type 'ForwardRefExoticComponent<CardProps & RefAttributes<HTMLDivElement>>'.
src/features/chat/admin/ChatAnalytics.tsx(233,83): error TS2339: Property 'Description' does not exist on type 'ForwardRefExoticComponent<CardProps & RefAttributes<HTMLDivElement>>'.
src/features/chat/admin/ChatAnalytics.tsx(234,28): error TS2339: Property 'Header' does not exist on type 'ForwardRefExoticComponent<CardProps & RefAttributes<HTMLDivElement>>'.
src/features/chat/admin/ChatAnalytics.tsx(235,27): error TS2339: Property 'Content' does not exist on type 'ForwardRefExoticComponent<CardProps & RefAttributes<HTMLDivElement>>'.
src/features/chat/admin/ChatAnalytics.tsx(237,28): error TS2339: Property 'Content' does not exist on type 'ForwardRefExoticComponent<CardProps & RefAttributes<HTMLDivElement>>'.
src/features/chat/admin/ChatAnalytics.tsx(244,29): error TS2339: Property 'Header' does not exist on type 'ForwardRefExoticComponent<CardProps & RefAttributes<HTMLDivElement>>'.
src/features/chat/admin/ChatAnalytics.tsx(245,31): error TS2339: Property 'Title' does not exist on type 'ForwardRefExoticComponent<CardProps & RefAttributes<HTMLDivElement>>'.
src/features/chat/admin/ChatAnalytics.tsx(245,73): error TS2339: Property 'Title' does not exist on type 'ForwardRefExoticComponent<CardProps & RefAttributes<HTMLDivElement>>'.
src/features/chat/admin/ChatAnalytics.tsx(246,31): error TS2339: Property 'Description' does not exist on type 'ForwardRefExoticComponent<CardProps & RefAttributes<HTMLDivElement>>'.
src/features/chat/admin/ChatAnalytics.tsx(246,91): error TS2339: Property 'Description' does not exist on type 'ForwardRefExoticComponent<CardProps & RefAttributes<HTMLDivElement>>'.
src/features/chat/admin/ChatAnalytics.tsx(247,30): error TS2339: Property 'Header' does not exist on type 'ForwardRefExoticComponent<CardProps & RefAttributes<HTMLDivElement>>'.
src/features/chat/admin/ChatAnalytics.tsx(248,29): error TS2339: Property 'Content' does not exist on type 'ForwardRefExoticComponent<CardProps & RefAttributes<HTMLDivElement>>'.
src/features/chat/admin/ChatAnalytics.tsx(252,33): error TS2339: Property 'satisfactionScore' does not exist on type '{ data: { totalConversations: number; activeConversations: number; totalMessages: number; avgResponseTime: number; satisfactionScore: number; } | null; error: PostgrestError | null; }'.
src/features/chat/admin/ChatAnalytics.tsx(256,34): error TS2339: Property 'reduce' does not exist on type 'never[] | { data: ChatAnalytics[]; error: PostgrestError | null; }'.
  Property 'reduce' does not exist on type '{ data: ChatAnalytics[]; error: PostgrestError | null; }'.
src/features/chat/admin/ChatAnalytics.tsx(256,42): error TS7006: Parameter 'sum' implicitly has an 'any' type.
src/features/chat/admin/ChatAnalytics.tsx(256,47): error TS7006: Parameter 'a' implicitly has an 'any' type.
src/features/chat/admin/ChatAnalytics.tsx(260,30): error TS2339: Property 'Content' does not exist on type 'ForwardRefExoticComponent<CardProps & RefAttributes<HTMLDivElement>>'.
src/features/chat/admin/ChatAnalytics.tsx(264,29): error TS2339: Property 'Header' does not exist on type 'ForwardRefExoticComponent<CardProps & RefAttributes<HTMLDivElement>>'.
src/features/chat/admin/ChatAnalytics.tsx(265,31): error TS2339: Property 'Title' does not exist on type 'ForwardRefExoticComponent<CardProps & RefAttributes<HTMLDivElement>>'.
src/features/chat/admin/ChatAnalytics.tsx(265,70): error TS2339: Property 'Title' does not exist on type 'ForwardRefExoticComponent<CardProps & RefAttributes<HTMLDivElement>>'.
src/features/chat/admin/ChatAnalytics.tsx(266,31): error TS2339: Property 'Description' does not exist on type 'ForwardRefExoticComponent<CardProps & RefAttributes<HTMLDivElement>>'.
src/features/chat/admin/ChatAnalytics.tsx(266,82): error TS2339: Property 'Description' does not exist on type 'ForwardRefExoticComponent<CardProps & RefAttributes<HTMLDivElement>>'.
src/features/chat/admin/ChatAnalytics.tsx(267,30): error TS2339: Property 'Header' does not exist on type 'ForwardRefExoticComponent<CardProps & RefAttributes<HTMLDivElement>>'.
src/features/chat/admin/ChatAnalytics.tsx(268,29): error TS2339: Property 'Content' does not exist on type 'ForwardRefExoticComponent<CardProps & RefAttributes<HTMLDivElement>>'.
src/features/chat/admin/ChatAnalytics.tsx(270,35): error TS2339: Property 'map' does not exist on type 'never[] | { data: ChatAnalytics[]; error: PostgrestError | null; }'.
  Property 'map' does not exist on type '{ data: ChatAnalytics[]; error: PostgrestError | null; }'.
src/features/chat/admin/ChatAnalytics.tsx(270,40): error TS7006: Parameter 'a' implicitly has an 'any' type.
src/features/chat/admin/ChatAnalytics.tsx(277,30): error TS2339: Property 'Content' does not exist on type 'ForwardRefExoticComponent<CardProps & RefAttributes<HTMLDivElement>>'.
src/features/chat/admin/ChatInbox.tsx(7,26): error TS6133: 'MoreVertical' is declared but its value is never read.
src/features/chat/admin/ChatInbox.tsx(8,1): error TS6133: 'cn' is declared but its value is never read.
src/features/chat/admin/ChatInbox.tsx(45,37): error TS2339: Property 'filter' does not exist on type 'never[] | { data: ChatConversation[]; error: PostgrestError | null; }'.
  Property 'filter' does not exist on type '{ data: ChatConversation[]; error: PostgrestError | null; }'.
src/features/chat/admin/ChatInbox.tsx(45,45): error TS7006: Parameter 'c' implicitly has an 'any' type.
src/features/chat/admin/ChatInbox.tsx(46,38): error TS2339: Property 'filter' does not exist on type 'never[] | { data: ChatConversation[]; error: PostgrestError | null; }'.
  Property 'filter' does not exist on type '{ data: ChatConversation[]; error: PostgrestError | null; }'.
src/features/chat/admin/ChatInbox.tsx(46,46): error TS7006: Parameter 'c' implicitly has an 'any' type.
src/features/chat/admin/ChatInbox.tsx(59,15): error TS2322: Type '"icon"' is not assignable to type '"sm" | "lg" | "xs" | "md" | "xl" | null | undefined'.
src/features/chat/admin/ChatInbox.tsx(77,76): error TS2339: Property 'length' does not exist on type 'never[] | { data: ChatConversation[]; error: PostgrestError | null; }'.
  Property 'length' does not exist on type '{ data: ChatConversation[]; error: PostgrestError | null; }'.
src/features/chat/admin/ChatInbox.tsx(106,11): error TS2322: Type 'never[] | { data: ChatConversation[]; error: PostgrestError | null; }' is not assignable to type 'ChatConversation[]'.
  Type '{ data: ChatConversation[]; error: PostgrestError | null; }' is missing the following properties from type 'ChatConversation[]': length, pop, push, concat, and 29 more.
src/features/chat/admin/ChatInbox.tsx(125,13): error TS2322: Type '() => Promise<void>' is not assignable to type '(id: string) => Promise<{ error: any; }>'.
  Type 'Promise<void>' is not assignable to type 'Promise<{ error: any; }>'.
    Type 'void' is not assignable to type '{ error: any; }'.
src/features/chat/admin/ConversationDetails.tsx(7,1): error TS6133: 'ChatConversation' is declared but its value is never read.
src/features/chat/admin/ConversationFiltersPanel.tsx(56,13): error TS2322: Type '"icon"' is not assignable to type '"sm" | "lg" | "xs" | "md" | "xl" | null | undefined'.
src/features/chat/admin/ConversationList.tsx(30,3): error TS6133: 'onCloseConversation' is declared but its value is never read.
src/features/chat/admin/ConversationList.tsx(31,3): error TS6133: 'currentUserId' is declared but its value is never read.
src/features/chat/admin/ConversationNotes.tsx(10,10): error TS2305: Module '"lucide-react"' has no exported member 'PushPin'.
src/features/chat/admin/ConversationNotes.tsx(68,39): error TS2339: Property 'Image' does not exist on type 'ForwardRefExoticComponent<AvatarProps & RefAttributes<HTMLDivElement>> & { Group: ForwardRefExoticComponent<AvatarGroupProps & RefAttributes<...>>; }'.
src/features/chat/admin/ConversationNotes.tsx(69,39): error TS2339: Property 'Fallback' does not exist on type 'ForwardRefExoticComponent<AvatarProps & RefAttributes<HTMLDivElement>> & { Group: ForwardRefExoticComponent<AvatarGroupProps & RefAttributes<...>>; }'.
src/features/chat/admin/ConversationNotes.tsx(71,40): error TS2339: Property 'Fallback' does not exist on type 'ForwardRefExoticComponent<AvatarProps & RefAttributes<HTMLDivElement>> & { Group: ForwardRefExoticComponent<AvatarGroupProps & RefAttributes<...>>; }'.
src/features/chat/admin/ConversationNotes.tsx(113,13): error TS2322: Type '{ children: string; onClick: () => Promise<void>; disabled: boolean; size: "sm"; themeColor: string; }' is not assignable to type 'IntrinsicAttributes & ButtonProps & RefAttributes<HTMLButtonElement>'.
  Property 'themeColor' does not exist on type 'IntrinsicAttributes & ButtonProps & RefAttributes<HTMLButtonElement>'.
src/features/chat/admin/ConversationView.tsx(7,27): error TS6133: 'Phone' is declared but its value is never read.
src/features/chat/admin/ConversationView.tsx(7,34): error TS6133: 'Mail' is declared but its value is never read.
src/features/chat/admin/ConversationView.tsx(7,55): error TS6133: 'Info' is declared but its value is never read.
src/features/chat/admin/ConversationView.tsx(10,1): error TS6133: 'BadgeUntitled' is declared but its value is never read.
src/features/chat/admin/ConversationView.tsx(17,1): error TS6133: 'cn' is declared but its value is never read.
src/features/chat/admin/ConversationView.tsx(23,1): error TS6133: 'ChatConversation' is declared but its value is never read.
src/features/chat/admin/ConversationView.tsx(39,3): error TS6133: 'onAssignConversation' is declared but its value is never read.
src/features/chat/admin/ConversationView.tsx(40,3): error TS6133: 'onConversationUpdated' is declared but its value is never read.
src/features/chat/admin/ConversationView.tsx(51,9): error TS6133: 'tags' is declared but its value is never read.
src/features/chat/admin/ConversationView.tsx(73,11): error TS7053: Element implicitly has an 'any' type because expression of type '0' can't be used to index type 'never[] | { data: ChatMessage[]; error: PostgrestError | null; }'.
  Property '0' does not exist on type 'never[] | { data: ChatMessage[]; error: PostgrestError | null; }'.
src/features/chat/admin/ConversationView.tsx(85,29): error TS2339: Property 'Image' does not exist on type 'ForwardRefExoticComponent<AvatarProps & RefAttributes<HTMLDivElement>> & { Group: ForwardRefExoticComponent<AvatarGroupProps & RefAttributes<...>>; }'.
src/features/chat/admin/ConversationView.tsx(86,29): error TS2339: Property 'Fallback' does not exist on type 'ForwardRefExoticComponent<AvatarProps & RefAttributes<HTMLDivElement>> & { Group: ForwardRefExoticComponent<AvatarGroupProps & RefAttributes<...>>; }'.
src/features/chat/admin/ConversationView.tsx(88,30): error TS2339: Property 'Fallback' does not exist on type 'ForwardRefExoticComponent<AvatarProps & RefAttributes<HTMLDivElement>> & { Group: ForwardRefExoticComponent<AvatarGroupProps & RefAttributes<...>>; }'.
src/features/chat/admin/ConversationView.tsx(104,15): error TS2322: Type '"outline" | "primary"' is not assignable to type '"link" | "destructive" | "secondary" | "ghost" | "primary" | "tertiary" | "destructive-secondary" | null | undefined'.
  Type '"outline"' is not assignable to type '"link" | "destructive" | "secondary" | "ghost" | "primary" | "tertiary" | "destructive-secondary" | null | undefined'.
src/features/chat/admin/ConversationView.tsx(112,15): error TS2322: Type '"outline" | "primary"' is not assignable to type '"link" | "destructive" | "secondary" | "ghost" | "primary" | "tertiary" | "destructive-secondary" | null | undefined'.
  Type '"outline"' is not assignable to type '"link" | "destructive" | "secondary" | "ghost" | "primary" | "tertiary" | "destructive-secondary" | null | undefined'.
src/features/chat/admin/ConversationView.tsx(120,15): error TS2322: Type '"outline" | "primary"' is not assignable to type '"link" | "destructive" | "secondary" | "ghost" | "primary" | "tertiary" | "destructive-secondary" | null | undefined'.
  Type '"outline"' is not assignable to type '"link" | "destructive" | "secondary" | "ghost" | "primary" | "tertiary" | "destructive-secondary" | null | undefined'.
src/features/chat/admin/ConversationView.tsx(124,29): error TS2339: Property 'length' does not exist on type 'never[] | { data: ChatNote[]; error: PostgrestError | null; }'.
  Property 'length' does not exist on type '{ data: ChatNote[]; error: PostgrestError | null; }'.
src/features/chat/admin/ConversationView.tsx(164,28): error TS2322: Type 'never[] | { data: ChatMessage[]; error: PostgrestError | null; }' is not assignable to type 'ChatMessage[]'.
  Type '{ data: ChatMessage[]; error: PostgrestError | null; }' is missing the following properties from type 'ChatMessage[]': length, pop, push, concat, and 29 more.
src/features/chat/admin/ConversationView.tsx(175,21): error TS2322: Type '{ value: string; onChange: Dispatch<SetStateAction<string>>; onSend: () => void; onKeyPress: (e: KeyboardEvent<Element>) => void; placeholder: string; }' is not assignable to type 'IntrinsicAttributes & MessageInputProps'.
  Property 'onKeyPress' does not exist on type 'IntrinsicAttributes & MessageInputProps'.
src/features/chat/admin/ConversationView.tsx(179,93): error TS2322: Type '{ children: string; onClick: () => void; disabled: boolean; themeColor: string; }' is not assignable to type 'IntrinsicAttributes & ButtonProps & RefAttributes<HTMLButtonElement>'.
  Property 'themeColor' does not exist on type 'IntrinsicAttributes & ButtonProps & RefAttributes<HTMLButtonElement>'.
src/features/chat/admin/ConversationView.tsx(194,13): error TS2322: Type 'never[] | { data: ChatNote[]; error: PostgrestError | null; }' is not assignable to type 'ChatNote[]'.
  Type '{ data: ChatNote[]; error: PostgrestError | null; }' is missing the following properties from type 'ChatNote[]': length, pop, push, concat, and 29 more.
src/features/chat/admin/ConversationView.tsx(195,38): error TS2339: Property 'mutate' does not exist on type 'UseMutateFunction<{ data: ChatNote | null; error: PostgrestError | null; }, Error, Partial<ChatNote>, unknown>'.
src/features/chat/admin/MetricCard.tsx(35,19): error TS2322: Type '{ children: Element; themeColor: string; }' is not assignable to type 'IntrinsicAttributes & CardProps & RefAttributes<HTMLDivElement>'.
  Property 'themeColor' does not exist on type 'IntrinsicAttributes & CardProps & RefAttributes<HTMLDivElement>'.
src/features/chat/admin/MetricCard.tsx(36,21): error TS2339: Property 'Content' does not exist on type 'ForwardRefExoticComponent<CardProps & RefAttributes<HTMLDivElement>>'.
src/features/chat/admin/MetricCard.tsx(56,22): error TS2339: Property 'Content' does not exist on type 'ForwardRefExoticComponent<CardProps & RefAttributes<HTMLDivElement>>'.
src/features/chat/admin/MetricCardUntitled.tsx(35,19): error TS2322: Type '{ children: Element; themeColor: string; }' is not assignable to type 'IntrinsicAttributes & CardProps & RefAttributes<HTMLDivElement>'.
  Property 'themeColor' does not exist on type 'IntrinsicAttributes & CardProps & RefAttributes<HTMLDivElement>'.
src/features/chat/admin/MetricCardUntitled.tsx(36,21): error TS2339: Property 'Content' does not exist on type 'ForwardRefExoticComponent<CardProps & RefAttributes<HTMLDivElement>>'.
src/features/chat/admin/MetricCardUntitled.tsx(56,22): error TS2339: Property 'Content' does not exist on type 'ForwardRefExoticComponent<CardProps & RefAttributes<HTMLDivElement>>'.
src/features/chat/hooks/useChatMessages.ts(10,3): error TS6196: 'ChatConversation' is declared but never used.
src/features/chat/hooks/useChatMessages.ts(15,3): error TS6196: 'ChatAnalytics' is declared but never used.
src/features/chat/hooks/useChatMessages.ts(16,3): error TS6196: 'ChatAgentStatus' is declared but never used.
src/features/chat/hooks/useChatMessages.ts(99,11): error TS2345: Argument of type '(old?: ChatMessage[] | undefined) => (ChatMessage | { data: ChatMessage | null; error: PostgrestError | null; })[]' is not assignable to parameter of type 'Updater<ChatMessage[] | undefined, ChatMessage[] | undefined>'.
  Type '(old?: ChatMessage[] | undefined) => (ChatMessage | { data: ChatMessage | null; error: PostgrestError | null; })[]' is not assignable to type '(input: ChatMessage[] | undefined) => ChatMessage[] | undefined'.
    Type '(ChatMessage | { data: ChatMessage | null; error: PostgrestError | null; })[]' is not assignable to type 'ChatMessage[]'.
      Type 'ChatMessage | { data: ChatMessage | null; error: PostgrestError | null; }' is not assignable to type 'ChatMessage'.
        Type '{ data: ChatMessage | null; error: PostgrestError | null; }' is missing the following properties from type 'ChatMessage': id, conversation_id, sender_type, message, and 5 more.
src/features/chat/hooks/useChatMessages.ts(178,29): error TS6133: 'attachments' is declared but its value is never read.
src/features/chat/hooks/useChatMessages.ts(287,77): error TS6133: 'conversation' is declared but its value is never read.
src/features/chat/hooks/useChatMessages.ts(549,29): error TS2339: Property 'find' does not exist on type 'never[] | { data: ChatAgentStatus[]; error: PostgrestError | null; }'.
  Property 'find' does not exist on type '{ data: ChatAgentStatus[]; error: PostgrestError | null; }'.
src/features/chat/hooks/useChatMessages.ts(549,35): error TS7006: Parameter 's' implicitly has an 'any' type.
src/features/chat/index.ts(15,10): error TS2300: Duplicate identifier 'AgentInfo'.
src/features/chat/index.ts(26,10): error TS2300: Duplicate identifier 'ChatAnalytics'.
src/features/chat/index.ts(32,10): error TS2300: Duplicate identifier 'ChatSettings'.
src/features/chat/index.ts(58,3): error TS2300: Duplicate identifier 'ChatSettings'.
src/features/chat/index.ts(61,3): error TS2300: Duplicate identifier 'ChatAnalytics'.
src/features/chat/index.ts(66,3): error TS2300: Duplicate identifier 'AgentInfo'.
src/features/chat/lib/ai.ts(55,3): error TS6133: 'context' is declared but its value is never read.
src/features/chat/lib/supabase.ts(17,3): error TS6196: 'ConversationStatus' is declared but never used.
src/features/chat/lib/supabase.ts(102,10): error TS2339: Property 'tags' does not exist on type 'never'.
src/features/chat/lib/supabase.ts(102,22): error TS2339: Property 'tags' does not exist on type 'never'.
src/features/chat/lib/supabase.ts(113,13): error TS2769: No overload matches this call.
  Overload 1 of 2, '(values: never, options?: { count?: "exact" | "planned" | "estimated" | undefined; } | undefined): PostgrestFilterBuilder<{ PostgrestVersion: "12"; }, never, never, null, "chat_conversations", never, "POST">', gave the following error.
    Argument of type 'Partial<ChatConversation>' is not assignable to parameter of type 'never'.
  Overload 2 of 2, '(values: never[], options?: { count?: "exact" | "planned" | "estimated" | undefined; defaultToNull?: boolean | undefined; } | undefined): PostgrestFilterBuilder<{ PostgrestVersion: "12"; }, never, never, null, "chat_conversations", never, "POST">', gave the following error.
    Argument of type 'Partial<ChatConversation>' is not assignable to parameter of type 'never[]'.
      Type 'Partial<ChatConversation>' is missing the following properties from type 'never[]': length, pop, push, concat, and 29 more.
src/features/chat/lib/supabase.ts(126,13): error TS2345: Argument of type 'Partial<ChatConversation>' is not assignable to parameter of type 'never'.
src/features/chat/lib/supabase.ts(139,13): error TS2345: Argument of type '{ status: string; ended_at: string; }' is not assignable to parameter of type 'never'.
src/features/chat/lib/supabase.ts(156,13): error TS2345: Argument of type '{ assigned_to: string; }' is not assignable to parameter of type 'never'.
src/features/chat/lib/supabase.ts(187,6): error TS2769: No overload matches this call.
  Overload 1 of 2, '(values: never, options?: { count?: "exact" | "planned" | "estimated" | undefined; } | undefined): PostgrestFilterBuilder<{ PostgrestVersion: "12"; }, never, never, null, "chat_messages", never, "POST">', gave the following error.
    Argument of type '{ sent_at: string; id?: string | undefined; conversation_id?: string | undefined; sender_type?: SenderType | undefined; sender_id?: string | undefined; sender_name?: string | undefined; message?: string | undefined; ... 10 more ...; error?: string | undefined; }' is not assignable to parameter of type 'never'.
  Overload 2 of 2, '(values: never[], options?: { count?: "exact" | "planned" | "estimated" | undefined; defaultToNull?: boolean | undefined; } | undefined): PostgrestFilterBuilder<{ PostgrestVersion: "12"; }, never, never, null, "chat_messages", never, "POST">', gave the following error.
    Object literal may only specify known properties, and 'sent_at' does not exist in type 'never[]'.
src/features/chat/lib/supabase.ts(203,13): error TS2345: Argument of type '{ read_at: string; }' is not assignable to parameter of type 'never'.
src/features/chat/lib/supabase.ts(217,6): error TS2339: Property 'innerJoin' does not exist on type 'PostgrestFilterBuilder<{ PostgrestVersion: "12"; }, never, never, never[], "chat_messages", never, "GET">'.
src/features/chat/lib/supabase.ts(246,6): error TS2769: No overload matches this call.
  Overload 1 of 2, '(values: never, options?: { onConflict?: string | undefined; ignoreDuplicates?: boolean | undefined; count?: "exact" | "planned" | "estimated" | undefined; } | undefined): PostgrestFilterBuilder<{ ...; }, ... 5 more ..., "POST">', gave the following error.
    Argument of type '{ organization_id: string; id?: string | undefined; widget_color?: string | undefined; widget_position?: WidgetPosition | undefined; widget_icon?: string | undefined; ... 38 more ...; updated_at?: string | undefined; }' is not assignable to parameter of type 'never'.
  Overload 2 of 2, '(values: never[], options?: { onConflict?: string | undefined; ignoreDuplicates?: boolean | undefined; count?: "exact" | "planned" | "estimated" | undefined; defaultToNull?: boolean | undefined; } | undefined): PostgrestFilterBuilder<...>', gave the following error.
    Object literal may only specify known properties, and 'organization_id' does not exist in type 'never[]'.
src/features/chat/lib/supabase.ts(277,13): error TS2769: No overload matches this call.
  Overload 1 of 2, '(values: never, options?: { count?: "exact" | "planned" | "estimated" | undefined; } | undefined): PostgrestFilterBuilder<{ PostgrestVersion: "12"; }, never, never, null, "chat_tags", never, "POST">', gave the following error.
    Argument of type 'Partial<ChatTag>' is not assignable to parameter of type 'never'.
  Overload 2 of 2, '(values: never[], options?: { count?: "exact" | "planned" | "estimated" | undefined; defaultToNull?: boolean | undefined; } | undefined): PostgrestFilterBuilder<{ PostgrestVersion: "12"; }, never, never, null, "chat_tags", never, "POST">', gave the following error.
    Argument of type 'Partial<ChatTag>' is not assignable to parameter of type 'never[]'.
      Type 'Partial<ChatTag>' is missing the following properties from type 'never[]': length, pop, push, concat, and 29 more.
src/features/chat/lib/supabase.ts(290,13): error TS2345: Argument of type 'Partial<ChatTag>' is not assignable to parameter of type 'never'.
src/features/chat/lib/supabase.ts(315,6): error TS2769: No overload matches this call.
  Overload 1 of 2, '(values: never, options?: { count?: "exact" | "planned" | "estimated" | undefined; } | undefined): PostgrestFilterBuilder<{ PostgrestVersion: "12"; }, never, never, null, "chat_conversation_tags", never, "POST">', gave the following error.
    Argument of type '{ conversation_id: string; tag_id: string; }' is not assignable to parameter of type 'never'.
  Overload 2 of 2, '(values: never[], options?: { count?: "exact" | "planned" | "estimated" | undefined; defaultToNull?: boolean | undefined; } | undefined): PostgrestFilterBuilder<{ PostgrestVersion: "12"; }, never, never, null, "chat_conversation_tags", never, "POST">', gave the following error.
    Object literal may only specify known properties, and 'conversation_id' does not exist in type 'never[]'.
src/features/chat/lib/supabase.ts(375,13): error TS2769: No overload matches this call.
  Overload 1 of 2, '(values: never, options?: { count?: "exact" | "planned" | "estimated" | undefined; } | undefined): PostgrestFilterBuilder<{ PostgrestVersion: "12"; }, never, never, null, "chat_canned_responses", never, "POST">', gave the following error.
    Argument of type 'Partial<ChatCannedResponse>' is not assignable to parameter of type 'never'.
  Overload 2 of 2, '(values: never[], options?: { count?: "exact" | "planned" | "estimated" | undefined; defaultToNull?: boolean | undefined; } | undefined): PostgrestFilterBuilder<{ PostgrestVersion: "12"; }, never, never, null, "chat_canned_responses", never, "POST">', gave the following error.
    Argument of type 'Partial<ChatCannedResponse>' is not assignable to parameter of type 'never[]'.
      Type 'Partial<ChatCannedResponse>' is missing the following properties from type 'never[]': length, pop, push, concat, and 29 more.
src/features/chat/lib/supabase.ts(388,13): error TS2345: Argument of type 'Partial<ChatCannedResponse>' is not assignable to parameter of type 'never'.
src/features/chat/lib/supabase.ts(410,75): error TS2345: Argument of type '{ canned_response_id: string; }' is not assignable to parameter of type 'undefined'.
src/features/chat/lib/supabase.ts(467,67): error TS2339: Property 'conversations_started' does not exist on type 'never'.
src/features/chat/lib/supabase.ts(468,62): error TS2339: Property 'messages_sent' does not exist on type 'never'.
src/features/chat/lib/supabase.ts(470,25): error TS2339: Property 'avg_response_time' does not exist on type 'never'.
src/features/chat/lib/supabase.ts(470,58): error TS2339: Property 'avg_response_time' does not exist on type 'never'.
src/features/chat/lib/supabase.ts(473,66): error TS2339: Property 'satisfaction_score' does not exist on type 'never'.
src/features/chat/lib/supabase.ts(484,7): error TS2322: Type 'number | never[]' is not assignable to type 'number'.
  Type 'never[]' is not assignable to type 'number'.
src/features/chat/lib/supabase.ts(524,6): error TS2769: No overload matches this call.
  Overload 1 of 2, '(values: never, options?: { onConflict?: string | undefined; ignoreDuplicates?: boolean | undefined; count?: "exact" | "planned" | "estimated" | undefined; } | undefined): PostgrestFilterBuilder<{ ...; }, ... 5 more ..., "POST">', gave the following error.
    Argument of type '{ agent_id: string; organization_id: string; status: string; status_message: string | undefined; last_active_at: string; }' is not assignable to parameter of type 'never'.
  Overload 2 of 2, '(values: never[], options?: { onConflict?: string | undefined; ignoreDuplicates?: boolean | undefined; count?: "exact" | "planned" | "estimated" | undefined; defaultToNull?: boolean | undefined; } | undefined): PostgrestFilterBuilder<...>', gave the following error.
    Object literal may only specify known properties, and 'agent_id' does not exist in type 'never[]'.
src/features/chat/lib/supabase.ts(593,13): error TS2769: No overload matches this call.
  Overload 1 of 2, '(values: never, options?: { count?: "exact" | "planned" | "estimated" | undefined; } | undefined): PostgrestFilterBuilder<{ PostgrestVersion: "12"; }, never, never, null, "chat_notes", never, "POST">', gave the following error.
    Argument of type 'Partial<ChatNote>' is not assignable to parameter of type 'never'.
  Overload 2 of 2, '(values: never[], options?: { count?: "exact" | "planned" | "estimated" | undefined; defaultToNull?: boolean | undefined; } | undefined): PostgrestFilterBuilder<{ PostgrestVersion: "12"; }, never, never, null, "chat_notes", never, "POST">', gave the following error.
    Argument of type 'Partial<ChatNote>' is not assignable to parameter of type 'never[]'.
      Type 'Partial<ChatNote>' is missing the following properties from type 'never[]': length, pop, push, concat, and 29 more.
src/features/chat/lib/supabase.ts(613,13): error TS2345: Argument of type 'Partial<ChatNote>' is not assignable to parameter of type 'never'.
src/features/chat/lib/supabase.ts(648,13): error TS2769: No overload matches this call.
  Overload 1 of 2, '(values: never, options?: { count?: "exact" | "planned" | "estimated" | undefined; } | undefined): PostgrestFilterBuilder<{ PostgrestVersion: "12"; }, never, never, null, "chat_ratings", never, "POST">', gave the following error.
    Argument of type 'Partial<ChatRating>' is not assignable to parameter of type 'never'.
  Overload 2 of 2, '(values: never[], options?: { count?: "exact" | "planned" | "estimated" | undefined; defaultToNull?: boolean | undefined; } | undefined): PostgrestFilterBuilder<{ PostgrestVersion: "12"; }, never, never, null, "chat_ratings", never, "POST">', gave the following error.
    Argument of type 'Partial<ChatRating>' is not assignable to parameter of type 'never[]'.
      Type 'Partial<ChatRating>' is missing the following properties from type 'never[]': length, pop, push, concat, and 29 more.
src/features/chat/lib/supabase.ts(742,11): error TS6133: 'data' is declared but its value is never read.
src/features/chat/lib/widget.ts(213,5): error TS2322: Type 'string | undefined' is not assignable to type 'string'.
  Type 'undefined' is not assignable to type 'string'.
src/features/chat/lib/widget.ts(215,7): error TS2322: Type 'string | undefined' is not assignable to type 'string'.
  Type 'undefined' is not assignable to type 'string'.
src/features/chat/settings/AvailabilityEditor.tsx(6,1): error TS6133: 'useState' is declared but its value is never read.
src/features/chat/settings/BehaviorSettings.tsx(10,24): error TS2307: Cannot find module '@/components/ui/slider' or its corresponding type declarations.
src/features/chat/settings/BehaviorSettings.tsx(181,34): error TS7031: Binding element 'value' implicitly has an 'any' type.
src/features/chat/settings/BehaviorSettings.tsx(270,34): error TS7031: Binding element 'value' implicitly has an 'any' type.
src/features/chat/settings/CannedResponses.tsx(18,8): error TS2307: Cannot find module '@/components/ui/dialog' or its corresponding type declarations.
src/features/chat/settings/CannedResponses.tsx(44,23): error TS2339: Property 'map' does not exist on type 'never[] | { data: ChatCannedResponse[]; error: PostgrestError | null; }'.
  Property 'map' does not exist on type '{ data: ChatCannedResponse[]; error: PostgrestError | null; }'.
src/features/chat/settings/CannedResponses.tsx(44,28): error TS7006: Parameter 'r' implicitly has an 'any' type.
src/features/chat/settings/CannedResponses.tsx(47,39): error TS2339: Property 'filter' does not exist on type 'never[] | { data: ChatCannedResponse[]; error: PostgrestError | null; }'.
  Property 'filter' does not exist on type '{ data: ChatCannedResponse[]; error: PostgrestError | null; }'.
src/features/chat/settings/CannedResponses.tsx(47,47): error TS7006: Parameter 'response' implicitly has an 'any' type.
src/features/chat/settings/CannedResponses.tsx(232,21): error TS2322: Type 'unknown' is not assignable to type 'Key | null | undefined'.
src/features/chat/settings/CannedResponses.tsx(232,36): error TS2322: Type '{}' is not assignable to type 'string | number | readonly string[] | undefined'.
src/features/chat/settings/CannedResponses.tsx(233,15): error TS2322: Type '{}' is not assignable to type 'ReactNode'.
src/features/chat/settings/CannedResponses.tsx(249,34): error TS7006: Parameter 'response' implicitly has an 'any' type.
src/features/chat/settings/CannedResponses.tsx(273,41): error TS7006: Parameter 'tag' implicitly has an 'any' type.
src/features/chat/settings/CannedResponses.tsx(273,46): error TS7006: Parameter 'index' implicitly has an 'any' type.
src/features/chat/settings/ChatSettings.tsx(45,41): error TS2559: Type '{ data: ChatSettings | null; error: PostgrestError | null; }' has no properties in common with type 'Partial<ChatSettings>'.
src/features/chat/settings/ChatSettings.tsx(63,13): error TS2559: Type '{ data: ChatSettings | null; error: PostgrestError | null; }' has no properties in common with type 'Partial<ChatSettings>'.
src/features/chat/settings/ChatSettings.tsx(70,13): error TS2559: Type '{ data: ChatSettings | null; error: PostgrestError | null; }' has no properties in common with type 'Partial<ChatSettings>'.
src/features/chat/settings/ChatSettings.tsx(77,13): error TS2559: Type '{ data: ChatSettings | null; error: PostgrestError | null; }' has no properties in common with type 'Partial<ChatSettings>'.
src/features/chat/settings/ChatSettings.tsx(89,13): error TS2559: Type '{ data: ChatSettings | null; error: PostgrestError | null; }' has no properties in common with type 'Partial<ChatSettings>'.
src/features/chat/settings/EmbedCodeGenerator.tsx(12,80): error TS6133: 'applyPreset' is declared but its value is never read.
src/features/chat/types.ts(6,1): error TS6133: 'MessageCircle' is declared but its value is never read.
src/features/chat/widget/ChatWidget.tsx(42,42): error TS2339: Property 'pre_chat_form_enabled' does not exist on type '{ data: ChatSettings | null; error: PostgrestError | null; }'.
src/features/chat/widget/ChatWidget.tsx(69,38): error TS2339: Property 'widget_color' does not exist on type '{ data: ChatSettings | null; error: PostgrestError | null; }'.
src/features/chat/widget/ChatWidget.tsx(70,44): error TS2339: Property 'widget_position' does not exist on type '{ data: ChatSettings | null; error: PostgrestError | null; }'.
src/features/chat/widget/ChatWidget.tsx(73,63): error TS2339: Property 'welcome_message' does not exist on type '{ data: ChatSettings | null; error: PostgrestError | null; }'.
src/features/chat/widget/ChatWidget.tsx(75,21): error TS2339: Property 'header_title' does not exist on type '{ data: ChatSettings | null; error: PostgrestError | null; }'.
src/features/chat/widget/ChatWidget.tsx(97,15): error TS2322: Type '{ data: ChatSettings | null; error: PostgrestError | null; } | undefined' is not assignable to type 'ChatSettings | null | undefined'.
  Type '{ data: ChatSettings | null; error: PostgrestError | null; }' is missing the following properties from type 'ChatSettings': id, organization_id, widget_color, widget_position, and 37 more.
src/features/chat/widget/ChatWidget.tsx(103,15): error TS2322: Type '{ messages: ChatMessage[]; onSendMessage: (message: string, attachments?: File[] | undefined) => Promise<void>; onTyping: (typing: boolean) => void; isTyping: boolean; ... 4 more ...; isLoading: boolean; }' is not assignable to type 'IntrinsicAttributes & ChatWindowProps'.
  Property 'onTyping' does not exist on type 'IntrinsicAttributes & ChatWindowProps'.
src/features/chat/widget/ChatWindow.tsx(19,3): error TS2339: Property 'onTyping' does not exist on type 'ChatWindowProps'.
src/features/chat/widget/ChatWindow.tsx(192,19): error TS2322: Type '{ value: string; onChange: (value: string) => void; onSend: () => void; onKeyPress: (e: KeyboardEvent<Element>) => void; placeholder: string; }' is not assignable to type 'IntrinsicAttributes & MessageInputProps'.
  Property 'onKeyPress' does not exist on type 'IntrinsicAttributes & MessageInputProps'.
src/features/chat/widget/MessageInput.tsx(12,3): error TS6133: 'onSend' is declared but its value is never read.
src/features/chat/widget/MessageInput.tsx(13,3): error TS2339: Property 'onKeyPress' does not exist on type 'MessageInputProps'.
src/features/chat/widget/typing-indicator/TypingIndicator.tsx(6,1): error TS6133: 'cn' is declared but its value is never read.
src/features/crm/activities/ActivityForm.tsx(2,13): error TS6133: 'Phone' is declared but its value is never read.
src/features/crm/activities/ActivityForm.tsx(2,20): error TS6133: 'Mail' is declared but its value is never read.
src/features/crm/activities/ActivityForm.tsx(2,26): error TS6133: 'Calendar' is declared but its value is never read.
src/features/crm/activities/ActivityForm.tsx(2,36): error TS6133: 'FileText' is declared but its value is never read.
src/features/crm/activities/ActivityForm.tsx(2,46): error TS6133: 'CheckCircle2' is declared but its value is never read.
src/features/crm/activities/ActivityForm.tsx(2,60): error TS6133: 'MessageSquare' is declared but its value is never read.
src/features/crm/activities/ActivityTimeline.tsx(2,24): error TS6133: 'Phone' is declared but its value is never read.
src/features/crm/activities/ActivityTimeline.tsx(2,31): error TS6133: 'Mail' is declared but its value is never read.
src/features/crm/activities/ActivityTimeline.tsx(2,37): error TS6133: 'Calendar' is declared but its value is never read.
src/features/crm/activities/ActivityTimeline.tsx(13,6): error TS6196: 'Activity' is declared but never used.
src/features/crm/activities/ActivityTimeline.tsx(91,52): error TS6133: 'index' is declared but its value is never read.
src/features/crm/companies/CompaniesList.tsx(3,39): error TS6133: 'Users' is declared but its value is never read.
src/features/crm/companies/CompaniesList.tsx(75,16): error TS6133: 'company' is declared but its value is never read.
src/features/crm/companies/CompaniesList.tsx(85,12): error TS2304: Cannot find name 'Button'.
src/features/crm/companies/CompaniesList.tsx(94,13): error TS2304: Cannot find name 'Button'.
src/features/crm/companies/CompaniesList.tsx(95,12): error TS2304: Cannot find name 'Button'.
src/features/crm/companies/CompaniesList.tsx(105,13): error TS2304: Cannot find name 'Button'.
src/features/crm/companies/CompaniesList.tsx(163,13): error TS2322: Type '{ id: string; accessorKey: string; cell: ((props: { row: any; value: unknown; }) => Element | "-") | undefined; key: string; label: string; render: (company: any) => Element | "-"; }[]' is not assignable to type 'ColumnDef<{ id: string; organization_id: string; name: string; domain: string | null; address: string | null; owner_id: string | null; created_at: string; updated_at: string; } & { user_profiles: any; }>[]'.
  Property 'header' is missing in type '{ id: string; accessorKey: string; cell: ((props: { row: any; value: unknown; }) => JSX.Element | "-") | undefined; key: string; label: string; render: (company: any) => JSX.Element | "-"; }' but required in type 'ColumnDef<{ id: string; organization_id: string; name: string; domain: string | null; address: string | null; owner_id: string | null; created_at: string; updated_at: string; } & { user_profiles: any; }>'.
src/features/crm/companies/CompaniesList.tsx(167,35): error TS6133: 'props' is declared but its value is never read.
src/features/crm/companies/CompaniesList.tsx(167,88): error TS18004: No value exists in scope for the shorthand property 'row'. Either declare one or provide an initializer.
src/features/crm/companies/CompaniesList.tsx(167,93): error TS18004: No value exists in scope for the shorthand property 'value'. Either declare one or provide an initializer.
src/features/crm/companies/CompanyDetail.tsx(13,1): error TS6133: 'formatDistanceToNow' is declared but its value is never read.
src/features/crm/companies/CompanyDetail.tsx(13,8): error TS2613: Module '"E:/FlowStack/node_modules/date-fns/formatDistanceToNow"' has no default export. Did you mean to use 'import { formatDistanceToNow } from "E:/FlowStack/node_modules/date-fns/formatDistanceToNow"' instead?
src/features/crm/companies/CompanyDetail.tsx(117,17): error TS2322: Type 'Element' is not assignable to type 'LucideIcon | undefined'.
src/features/crm/companies/CompanyDetail.tsx(119,17): error TS2322: Type 'Element' is not assignable to type 'string'.
src/features/crm/companies/CompanyDetail.tsx(135,17): error TS2322: Type 'Element' is not assignable to type 'LucideIcon | undefined'.
src/features/crm/companies/CompanyDetail.tsx(137,17): error TS2322: Type 'Element' is not assignable to type 'string'.
src/features/crm/companies/CompanyDetail.tsx(144,17): error TS2322: Type 'Element' is not assignable to type 'LucideIcon | undefined'.
src/features/crm/companies/CompanyDetail.tsx(146,17): error TS2322: Type 'Element' is not assignable to type 'string'.
src/features/crm/companies/CompanyDetail.tsx(270,25): error TS2322: Type '{ id: string; title: string; description: string | null; timestamp: Date; type: "note" | "email_sent" | "email_received" | "call" | "meeting" | "task" | "deal_stage_change" | "other"; icon: string; }[]' is not assignable to type 'TimelineItem[]'.
  Type '{ id: string; title: string; description: string | null; timestamp: Date; type: "note" | "email_sent" | "email_received" | "call" | "meeting" | "task" | "deal_stage_change" | "other"; icon: string; }' is not assignable to type 'TimelineItem'.
    Types of property 'description' are incompatible.
      Type 'string | null' is not assignable to type 'string | undefined'.
        Type 'null' is not assignable to type 'string | undefined'.
src/features/crm/components/PipelineBoard.tsx(12,56): error TS6133: 'arrayMove' is declared but its value is never read.
src/features/crm/contacts/ContactDetail.tsx(5,25): error TS6133: 'useLogNote' is declared but its value is never read.
src/features/crm/contacts/ContactDetail.tsx(15,1): error TS6133: 'formatDistanceToNow' is declared but its value is never read.
src/features/crm/contacts/ContactDetail.tsx(15,8): error TS2613: Module '"E:/FlowStack/node_modules/date-fns/formatDistanceToNow"' has no default export. Did you mean to use 'import { formatDistanceToNow } from "E:/FlowStack/node_modules/date-fns/formatDistanceToNow"' instead?
src/features/crm/contacts/ContactDetail.tsx(20,9): error TS6133: 'user' is declared but its value is never read.
src/features/crm/contacts/ContactDetail.tsx(133,15): error TS2322: Type 'Element' is not assignable to type 'LucideIcon | undefined'.
src/features/crm/contacts/ContactDetail.tsx(135,15): error TS2322: Type 'string | Element' is not assignable to type 'string | undefined'.
  Type 'Element' is not assignable to type 'string'.
src/features/crm/contacts/ContactDetail.tsx(151,15): error TS2322: Type 'Element' is not assignable to type 'LucideIcon | undefined'.
src/features/crm/contacts/ContactDetail.tsx(153,15): error TS2322: Type 'string | Element' is not assignable to type 'string | undefined'.
  Type 'Element' is not assignable to type 'string'.
src/features/crm/contacts/ContactDetail.tsx(166,15): error TS2322: Type 'Element' is not assignable to type 'LucideIcon | undefined'.
src/features/crm/contacts/ContactDetail.tsx(168,15): error TS2322: Type 'string | Element' is not assignable to type 'string | undefined'.
  Type 'Element' is not assignable to type 'string'.
src/features/crm/contacts/ContactDetail.tsx(279,25): error TS2322: Type '{ id: string; title: string; description: string | null; timestamp: Date; type: "note" | "email_sent" | "email_received" | "call" | "meeting" | "task" | "deal_stage_change" | "other"; icon: string; }[]' is not assignable to type 'TimelineItem[]'.
  Type '{ id: string; title: string; description: string | null; timestamp: Date; type: "note" | "email_sent" | "email_received" | "call" | "meeting" | "task" | "deal_stage_change" | "other"; icon: string; }' is not assignable to type 'TimelineItem'.
    Types of property 'description' are incompatible.
      Type 'string | null' is not assignable to type 'string | undefined'.
        Type 'null' is not assignable to type 'string | undefined'.
src/features/crm/contacts/ContactForm.tsx(3,46): error TS2305: Module '"../hooks/useContacts"' has no exported member 'useTags'.
src/features/crm/contacts/ContactForm.tsx(54,15): error TS6133: 'newContact' is declared but its value is never read.
src/features/crm/contacts/ContactForm.tsx(153,43): error TS7006: Parameter 't' implicitly has an 'any' type.
src/features/crm/contacts/ContactForm.tsx(182,29): error TS7006: Parameter 'tag' implicitly has an 'any' type.
src/features/crm/contacts/ContactsList.tsx(3,32): error TS6133: 'MoreVertical' is declared but its value is never read.
src/features/crm/contacts/ContactsList.tsx(100,12): error TS2304: Cannot find name 'Button'.
src/features/crm/contacts/ContactsList.tsx(109,13): error TS2304: Cannot find name 'Button'.
src/features/crm/contacts/ContactsList.tsx(110,12): error TS2304: Cannot find name 'Button'.
src/features/crm/contacts/ContactsList.tsx(120,13): error TS2304: Cannot find name 'Button'.
src/features/crm/contacts/ContactsList.tsx(230,13): error TS2322: Type '{ id: string; accessorKey: string; cell: ((props: { row: any; value: unknown; }) => Element | "-") | undefined; key: string; label: string; render: (contact: any) => Element | "-"; }[]' is not assignable to type 'ColumnDef<{ id: string; organization_id: string; company_id: string | null; first_name: string | null; last_name: string | null; email: string | null; phone: string | null; position: string | null; owner_id: string | null; created_at: string; updated_at: string; } & { ...; }>[]'.
  Property 'header' is missing in type '{ id: string; accessorKey: string; cell: ((props: { row: any; value: unknown; }) => JSX.Element | "-") | undefined; key: string; label: string; render: (contact: any) => JSX.Element | "-"; }' but required in type 'ColumnDef<{ id: string; organization_id: string; company_id: string | null; first_name: string | null; last_name: string | null; email: string | null; phone: string | null; position: string | null; owner_id: string | null; created_at: string; updated_at: string; } & { ...; }>'.
src/features/crm/contacts/ContactsList.tsx(234,35): error TS6133: 'props' is declared but its value is never read.
src/features/crm/contacts/ContactsList.tsx(234,88): error TS18004: No value exists in scope for the shorthand property 'row'. Either declare one or provide an initializer.
src/features/crm/contacts/ContactsList.tsx(234,93): error TS18004: No value exists in scope for the shorthand property 'value'. Either declare one or provide an initializer.
src/features/crm/CrmLayout.tsx(2,10): error TS6133: 'NavLink' is declared but its value is never read.
src/features/crm/CrmLayout.tsx(3,16): error TS6133: 'Phone' is declared but its value is never read.
src/features/crm/CrmLayout.tsx(3,23): error TS6133: 'Mail' is declared but its value is never read.
src/features/crm/CrmLayout.tsx(3,29): error TS6133: 'Calendar' is declared but its value is never read.
src/features/crm/CrmLayout.tsx(7,10): error TS6133: 'MetricCardUntitled' is declared but its value is never read.
src/features/crm/CrmLayout.tsx(7,30): error TS6133: 'MetricGrid' is declared but its value is never read.
src/features/crm/CrmLayout.tsx(16,10): error TS6133: 'metrics' is declared but its value is never read.
src/features/crm/deals/DealDetail.tsx(15,25): error TS6133: 'useLogNote' is declared but its value is never read.
src/features/crm/deals/DealDetail.tsx(22,8): error TS2613: Module '"E:/FlowStack/node_modules/date-fns/formatDistanceToNow"' has no default export. Did you mean to use 'import { formatDistanceToNow } from "E:/FlowStack/node_modules/date-fns/formatDistanceToNow"' instead?
src/features/crm/deals/DealDetail.tsx(145,15): error TS2322: Type 'Element' is not assignable to type 'LucideIcon | undefined'.
src/features/crm/deals/DealDetail.tsx(147,15): error TS2322: Type 'string | Element' is not assignable to type 'string | undefined'.
  Type 'Element' is not assignable to type 'string'.
src/features/crm/deals/DealDetail.tsx(160,15): error TS2322: Type 'Element' is not assignable to type 'LucideIcon | undefined'.
src/features/crm/deals/DealDetail.tsx(162,15): error TS2322: Type 'string | Element' is not assignable to type 'string | undefined'.
  Type 'Element' is not assignable to type 'string'.
src/features/crm/deals/DealDetail.tsx(178,15): error TS2322: Type 'Element' is not assignable to type 'LucideIcon | undefined'.
src/features/crm/deals/DealDetail.tsx(180,15): error TS2322: Type 'string | Element' is not assignable to type 'string | undefined'.
  Type 'Element' is not assignable to type 'string'.
src/features/crm/deals/DealDetail.tsx(196,15): error TS2322: Type 'Element' is not assignable to type 'LucideIcon | undefined'.
src/features/crm/deals/DealDetail.tsx(198,15): error TS2322: Type 'string | Element' is not assignable to type 'string | undefined'.
  Type 'Element' is not assignable to type 'string'.
src/features/crm/deals/DealDetail.tsx(251,25): error TS2322: Type '{ id: any; title: string; description: any; timestamp: Date; type: string; icon: string; }[]' is not assignable to type 'TimelineItem[]'.
  Type '{ id: any; title: string; description: any; timestamp: Date; type: string; icon: string; }' is not assignable to type 'TimelineItem'.
    Types of property 'icon' are incompatible.
      Type 'string' is not assignable to type 'LucideIcon | undefined'.
src/features/crm/deals/PipelineBoard.tsx(1,27): error TS6133: 'useEffect' is declared but its value is never read.
src/features/crm/deals/PipelineBoard.tsx(13,1): error TS6133: 'KanbanBoard' is declared but its value is never read.
src/features/crm/deals/PipelineBoard.tsx(18,1): error TS6133: 'DataCard' is declared but its value is never read.
src/features/crm/deals/PipelineBoard.tsx(19,1): error TS6133: 'DollarSign' is declared but its value is never read.
src/features/crm/deals/PipelineBoard.tsx(23,6): error TS6196: 'Stage' is declared but never used.
src/features/crm/deals/PipelineBoard.tsx(42,9): error TS6133: 'columns' is declared but its value is never read.
src/features/crm/deals/PipelineBoard.tsx(45,20): error TS2339: Property 'deals' does not exist on type '{ id: string; organization_id: string; pipeline_id: string; name: string; position: number; created_at: string; updated_at: string; }'.
src/features/crm/deals/PipelineBoard.tsx(51,11): error TS2339: Property 'deals' does not exist on type '{ id: string; organization_id: string; pipeline_id: string; name: string; position: number; created_at: string; updated_at: string; }'.
src/features/crm/deals/PipelineBoard.tsx(112,76): error TS2339: Property 'deals' does not exist on type '{ id: string; organization_id: string; pipeline_id: string; name: string; position: number; created_at: string; updated_at: string; }'.
src/features/crm/deals/PipelineBoard.tsx(114,25): error TS2339: Property 'deals' does not exist on type '{ id: string; organization_id: string; pipeline_id: string; name: string; position: number; created_at: string; updated_at: string; }'.
src/features/crm/deals/PipelineBoard.tsx(179,28): error TS2339: Property 'deals' does not exist on type '{ id: string; organization_id: string; pipeline_id: string; name: string; position: number; created_at: string; updated_at: string; }'.
src/features/crm/deals/PipelineBoard.tsx(185,26): error TS2339: Property 'deals' does not exist on type '{ id: string; organization_id: string; pipeline_id: string; name: string; position: number; created_at: string; updated_at: string; }'.
src/features/crm/deals/PipelineBoard.tsx(228,11): error TS2322: Type 'string | null' is not assignable to type 'string | undefined'.
  Type 'null' is not assignable to type 'string | undefined'.
src/features/crm/hooks/useActivities.ts(17,6): error TS6196: 'Tag' is declared but never used.
src/features/crm/hooks/useCompanies.ts(13,6): error TS6196: 'Company' is declared but never used.
src/features/crm/hooks/useCompanies.ts(111,17): error TS6133: 'data' is declared but its value is never read.
src/features/crm/hooks/useContacts.ts(1,54): error TS6133: 'UseQueryResult' is declared but its value is never read.
src/features/crm/hooks/useContacts.ts(110,17): error TS6133: 'data' is declared but its value is never read.
src/features/crm/hooks/useContacts.ts(154,17): error TS6133: 'data' is declared but its value is never read.
src/features/crm/hooks/useContacts.ts(170,17): error TS6133: 'data' is declared but its value is never read.
src/features/crm/hooks/useDeals.ts(20,6): error TS6196: 'Stage' is declared but never used.
src/features/crm/hooks/useDeals.ts(21,6): error TS6196: 'Pipeline' is declared but never used.
src/features/crm/hooks/useDeals.ts(159,17): error TS6133: 'data' is declared but its value is never read.
src/features/crm/hooks/useDeals.ts(183,17): error TS6133: 'data' is declared but its value is never read.
src/features/crm/hooks/useDeals.ts(208,17): error TS6133: 'data' is declared but its value is never read.
src/features/crm/lib/supabase.ts(80,53): error TS2339: Property 'contact_id' does not exist on type 'never'.
src/features/crm/lib/supabase.ts(421,31): error TS2339: Property 'tags' does not exist on type 'never'.
src/features/crm/lib/supabase.ts(465,62): error TS2339: Property 'value' does not exist on type 'never'.
src/features/crm/lib/supabase.ts(466,42): error TS2339: Property 'status' does not exist on type 'never'.
src/features/crm/lib/supabase.ts(467,43): error TS2339: Property 'status' does not exist on type 'never'.
src/features/crm/lib/supabase.ts(490,13): error TS2769: No overload matches this call.
  Overload 1 of 2, '(values: never, options?: { count?: "exact" | "planned" | "estimated" | undefined; } | undefined): PostgrestFilterBuilder<{ PostgrestVersion: "12"; }, never, never, null, "contacts", never, "POST">', gave the following error.
    Argument of type '{ id?: string | undefined; organization_id: string; company_id?: string | null | undefined; first_name?: string | null | undefined; last_name?: string | null | undefined; email?: string | null | undefined; ... 4 more ...; updated_at?: string | undefined; }' is not assignable to parameter of type 'never'.
  Overload 2 of 2, '(values: never[], options?: { count?: "exact" | "planned" | "estimated" | undefined; defaultToNull?: boolean | undefined; } | undefined): PostgrestFilterBuilder<{ PostgrestVersion: "12"; }, never, never, null, "contacts", never, "POST">', gave the following error.
    Argument of type '{ id?: string | undefined; organization_id: string; company_id?: string | null | undefined; first_name?: string | null | undefined; last_name?: string | null | undefined; email?: string | null | undefined; ... 4 more ...; updated_at?: string | undefined; }' is not assignable to parameter of type 'never[]'.
      Type '{ id?: string | undefined; organization_id: string; company_id?: string | null | undefined; first_name?: string | null | undefined; last_name?: string | null | undefined; email?: string | null | undefined; ... 4 more ...; updated_at?: string | undefined; }' is missing the following properties from type 'never[]': length, pop, push, concat, and 29 more.
src/features/crm/lib/supabase.ts(504,13): error TS2345: Argument of type '{ id?: string | undefined; organization_id?: string | undefined; company_id?: string | null | undefined; first_name?: string | null | undefined; last_name?: string | null | undefined; ... 5 more ...; updated_at?: string | undefined; }' is not assignable to parameter of type 'never'.
src/features/crm/lib/supabase.ts(527,13): error TS2769: No overload matches this call.
  Overload 1 of 2, '(values: never, options?: { count?: "exact" | "planned" | "estimated" | undefined; } | undefined): PostgrestFilterBuilder<{ PostgrestVersion: "12"; }, never, never, null, "companies", never, "POST">', gave the following error.
    Argument of type '{ id?: string | undefined; organization_id: string; name: string; domain?: string | null | undefined; address?: string | null | undefined; owner_id?: string | null | undefined; created_at?: string | undefined; updated_at?: string | undefined; }' is not assignable to parameter of type 'never'.
  Overload 2 of 2, '(values: never[], options?: { count?: "exact" | "planned" | "estimated" | undefined; defaultToNull?: boolean | undefined; } | undefined): PostgrestFilterBuilder<{ PostgrestVersion: "12"; }, never, never, null, "companies", never, "POST">', gave the following error.
    Argument of type '{ id?: string | undefined; organization_id: string; name: string; domain?: string | null | undefined; address?: string | null | undefined; owner_id?: string | null | undefined; created_at?: string | undefined; updated_at?: string | undefined; }' is not assignable to parameter of type 'never[]'.
      Type '{ id?: string | undefined; organization_id: string; name: string; domain?: string | null | undefined; address?: string | null | undefined; owner_id?: string | null | undefined; created_at?: string | undefined; updated_at?: string | undefined; }' is missing the following properties from type 'never[]': length, pop, push, concat, and 29 more.
src/features/crm/lib/supabase.ts(541,13): error TS2345: Argument of type '{ id?: string | undefined; organization_id?: string | undefined; name?: string | undefined; domain?: string | null | undefined; address?: string | null | undefined; owner_id?: string | null | undefined; created_at?: string | undefined; updated_at?: string | undefined; }' is not assignable to parameter of type 'never'.
src/features/crm/lib/supabase.ts(564,13): error TS2769: No overload matches this call.
  Overload 1 of 2, '(values: never, options?: { count?: "exact" | "planned" | "estimated" | undefined; } | undefined): PostgrestFilterBuilder<{ PostgrestVersion: "12"; }, never, never, null, "deals", never, "POST">', gave the following error.
    Argument of type '{ id?: string | undefined; organization_id: string; pipeline_id?: string | null | undefined; stage_id?: string | null | undefined; title: string; value?: number | null | undefined; currency?: string | undefined; ... 5 more ...; updated_at?: string | undefined; }' is not assignable to parameter of type 'never'.
  Overload 2 of 2, '(values: never[], options?: { count?: "exact" | "planned" | "estimated" | undefined; defaultToNull?: boolean | undefined; } | undefined): PostgrestFilterBuilder<{ PostgrestVersion: "12"; }, never, never, null, "deals", never, "POST">', gave the following error.
    Argument of type '{ id?: string | undefined; organization_id: string; pipeline_id?: string | null | undefined; stage_id?: string | null | undefined; title: string; value?: number | null | undefined; currency?: string | undefined; ... 5 more ...; updated_at?: string | undefined; }' is not assignable to parameter of type 'never[]'.
      Type '{ id?: string | undefined; organization_id: string; pipeline_id?: string | null | undefined; stage_id?: string | null | undefined; title: string; value?: number | null | undefined; currency?: string | undefined; ... 5 more ...; updated_at?: string | undefined; }' is missing the following properties from type 'never[]': length, pop, push, concat, and 29 more.
src/features/crm/lib/supabase.ts(578,13): error TS2345: Argument of type '{ id?: string | undefined; organization_id?: string | undefined; pipeline_id?: string | null | undefined; stage_id?: string | null | undefined; title?: string | undefined; value?: number | null | undefined; ... 6 more ...; updated_at?: string | undefined; }' is not assignable to parameter of type 'never'.
src/features/crm/lib/supabase.ts(619,13): error TS2345: Argument of type '{ stage_id: string; }' is not assignable to parameter of type 'never'.
src/features/crm/lib/supabase.ts(627,39): error TS2769: No overload matches this call.
  Overload 1 of 2, '(values: never, options?: { count?: "exact" | "planned" | "estimated" | undefined; } | undefined): PostgrestFilterBuilder<{ PostgrestVersion: "12"; }, never, never, null, "deal_history", never, "POST">', gave the following error.
    Argument of type '{ organization_id: any; deal_id: string; from_stage_id: string | null; to_stage_id: string; from_stage_name: any; to_stage_name: any; changed_by_user_id: string | undefined; notes: string | undefined; }' is not assignable to parameter of type 'never'.
  Overload 2 of 2, '(values: never[], options?: { count?: "exact" | "planned" | "estimated" | undefined; defaultToNull?: boolean | undefined; } | undefined): PostgrestFilterBuilder<{ PostgrestVersion: "12"; }, never, never, null, "deal_history", never, "POST">', gave the following error.
    Object literal may only specify known properties, and 'organization_id' does not exist in type 'never[]'.
src/features/crm/lib/supabase.ts(628,27): error TS2339: Property 'organization_id' does not exist on type 'never'.
src/features/crm/lib/supabase.ts(632,27): error TS2339: Property 'stages' does not exist on type 'never'.
src/features/crm/lib/supabase.ts(633,28): error TS2339: Property 'name' does not exist on type 'never'.
src/features/crm/lib/supabase.ts(639,37): error TS2769: No overload matches this call.
  Overload 1 of 2, '(values: never, options?: { count?: "exact" | "planned" | "estimated" | undefined; } | undefined): PostgrestFilterBuilder<{ PostgrestVersion: "12"; }, never, never, null, "activities", never, "POST">', gave the following error.
    Argument of type '{ organization_id: any; deal_id: string; contact_id: any; company_id: any; user_id: string | undefined; type: string; title: string; description: string | undefined; }' is not assignable to parameter of type 'never'.
  Overload 2 of 2, '(values: never[], options?: { count?: "exact" | "planned" | "estimated" | undefined; defaultToNull?: boolean | undefined; } | undefined): PostgrestFilterBuilder<{ PostgrestVersion: "12"; }, never, never, null, "activities", never, "POST">', gave the following error.
    Object literal may only specify known properties, and 'organization_id' does not exist in type 'never[]'.
src/features/crm/lib/supabase.ts(640,27): error TS2339: Property 'organization_id' does not exist on type 'never'.
src/features/crm/lib/supabase.ts(642,22): error TS2339: Property 'contact_id' does not exist on type 'never'.
src/features/crm/lib/supabase.ts(643,22): error TS2339: Property 'company_id' does not exist on type 'never'.
src/features/crm/lib/supabase.ts(646,37): error TS2339: Property 'name' does not exist on type 'never'.
src/features/crm/lib/supabase.ts(676,13): error TS2345: Argument of type '{ status: "open" | "won" | "lost" | "abandoned"; }' is not assignable to parameter of type 'never'.
src/features/crm/lib/supabase.ts(684,39): error TS2769: No overload matches this call.
  Overload 1 of 2, '(values: never, options?: { count?: "exact" | "planned" | "estimated" | undefined; } | undefined): PostgrestFilterBuilder<{ PostgrestVersion: "12"; }, never, never, null, "deal_history", never, "POST">', gave the following error.
    Argument of type '{ organization_id: any; deal_id: string; from_status: any; to_status: "open" | "won" | "lost" | "abandoned"; changed_by_user_id: string | undefined; notes: string | undefined; }' is not assignable to parameter of type 'never'.
  Overload 2 of 2, '(values: never[], options?: { count?: "exact" | "planned" | "estimated" | undefined; defaultToNull?: boolean | undefined; } | undefined): PostgrestFilterBuilder<{ PostgrestVersion: "12"; }, never, never, null, "deal_history", never, "POST">', gave the following error.
    Object literal may only specify known properties, and 'organization_id' does not exist in type 'never[]'.
src/features/crm/lib/supabase.ts(685,27): error TS2339: Property 'organization_id' does not exist on type 'never'.
src/features/crm/lib/supabase.ts(687,23): error TS2339: Property 'status' does not exist on type 'never'.
src/features/crm/lib/supabase.ts(710,13): error TS2769: No overload matches this call.
  Overload 1 of 2, '(values: never, options?: { count?: "exact" | "planned" | "estimated" | undefined; } | undefined): PostgrestFilterBuilder<{ PostgrestVersion: "12"; }, never, never, null, "activities", never, "POST">', gave the following error.
    Argument of type '{ id?: string | undefined; organization_id: string; contact_id?: string | null | undefined; company_id?: string | null | undefined; deal_id?: string | null | undefined; user_id?: string | null | undefined; ... 8 more ...; created_at?: string | undefined; }' is not assignable to parameter of type 'never'.
  Overload 2 of 2, '(values: never[], options?: { count?: "exact" | "planned" | "estimated" | undefined; defaultToNull?: boolean | undefined; } | undefined): PostgrestFilterBuilder<{ PostgrestVersion: "12"; }, never, never, null, "activities", never, "POST">', gave the following error.
    Argument of type '{ id?: string | undefined; organization_id: string; contact_id?: string | null | undefined; company_id?: string | null | undefined; deal_id?: string | null | undefined; user_id?: string | null | undefined; ... 8 more ...; created_at?: string | undefined; }' is not assignable to parameter of type 'never[]'.
      Type '{ id?: string | undefined; organization_id: string; contact_id?: string | null | undefined; company_id?: string | null | undefined; deal_id?: string | null | undefined; user_id?: string | null | undefined; ... 8 more ...; created_at?: string | undefined; }' is missing the following properties from type 'never[]': length, pop, push, concat, and 29 more.
src/features/crm/lib/supabase.ts(724,13): error TS2345: Argument of type 'Partial<{ id?: string | undefined; organization_id: string; contact_id?: string | null | undefined; company_id?: string | null | undefined; deal_id?: string | null | undefined; user_id?: string | null | undefined; ... 8 more ...; created_at?: string | undefined; }>' is not assignable to parameter of type 'never'.
src/features/crm/lib/supabase.ts(754,6): error TS2769: No overload matches this call.
  Overload 1 of 2, '(values: never, options?: { count?: "exact" | "planned" | "estimated" | undefined; } | undefined): PostgrestFilterBuilder<{ PostgrestVersion: "12"; }, never, never, null, "tags", never, "POST">', gave the following error.
    Argument of type '{ organization_id: string; name: string; color: string; }' is not assignable to parameter of type 'never'.
  Overload 2 of 2, '(values: never[], options?: { count?: "exact" | "planned" | "estimated" | undefined; defaultToNull?: boolean | undefined; } | undefined): PostgrestFilterBuilder<{ PostgrestVersion: "12"; }, never, never, null, "tags", never, "POST">', gave the following error.
    Object literal may only specify known properties, and 'organization_id' does not exist in type 'never[]'.
src/features/crm/lib/supabase.ts(772,13): error TS2345: Argument of type 'Partial<{ name: string; color: string; }>' is not assignable to parameter of type 'never'.
src/features/crm/lib/supabase.ts(793,57): error TS2769: No overload matches this call.
  Overload 1 of 2, '(values: never, options?: { count?: "exact" | "planned" | "estimated" | undefined; } | undefined): PostgrestFilterBuilder<{ PostgrestVersion: "12"; }, never, never, null, "contact_tags", never, "POST">', gave the following error.
    Argument of type '{ contact_id: string; tag_id: string; }' is not assignable to parameter of type 'never'.
  Overload 2 of 2, '(values: never[], options?: { count?: "exact" | "planned" | "estimated" | undefined; defaultToNull?: boolean | undefined; } | undefined): PostgrestFilterBuilder<{ PostgrestVersion: "12"; }, never, never, null, "contact_tags", never, "POST">', gave the following error.
    Object literal may only specify known properties, and 'contact_id' does not exist in type 'never[]'.
src/features/crm/lib/supabase.ts(831,6): error TS2769: No overload matches this call.
  Overload 1 of 2, '(values: never, options?: { onConflict?: string | undefined; ignoreDuplicates?: boolean | undefined; count?: "exact" | "planned" | "estimated" | undefined; } | undefined): PostgrestFilterBuilder<{ ...; }, ... 5 more ..., "POST">', gave the following error.
    Argument of type '{ organization_id: string; contact_id: string; score: number; grade: "A" | "B" | "C" | "D" | "F"; factors: { engagement: number; demographics: number; behavior: number; timing: number; }; last_calculated_at: string; }' is not assignable to parameter of type 'never'.
  Overload 2 of 2, '(values: never[], options?: { onConflict?: string | undefined; ignoreDuplicates?: boolean | undefined; count?: "exact" | "planned" | "estimated" | undefined; defaultToNull?: boolean | undefined; } | undefined): PostgrestFilterBuilder<...>', gave the following error.
    Object literal may only specify known properties, and 'organization_id' does not exist in type 'never[]'.
src/features/dashboard/DashboardPage.tsx(1,1): error TS6133: 'React' is declared but its value is never read.
src/features/dashboard/DashboardPage.tsx(180,21): error TS2322: Type '(value: number) => string' is not assignable to type 'Formatter<number, NameType> & ((value: number, name: NameType, item: Payload<number, NameType>, index: number, payload: Payload<number, NameType>[]) => ReactNode | [...])'.
  Type '(value: number) => string' is not assignable to type 'Formatter<number, NameType>'.
    Types of parameters 'value' and 'value' are incompatible.
      Type 'number | undefined' is not assignable to type 'number'.
        Type 'undefined' is not assignable to type 'number'.
src/features/dashboard/DashboardPage.tsx(332,34): error TS2322: Type '"gold"' is not assignable to type '"error" | "neutral" | "outline" | "secondary" | "primary" | "success" | "warning" | "info" | "solid-primary" | "solid-success" | "solid-warning" | "solid-error" | "solid-info" | null | undefined'.
src/features/dashboard/widgets/QuickActionsWidget.tsx(1,1): error TS6133: 'React' is declared but its value is never read.
src/features/dashboard/widgets/StatsWidget.tsx(1,1): error TS6133: 'React' is declared but its value is never read.
src/features/dashboard/widgets/WelcomeWidget.tsx(1,1): error TS6133: 'React' is declared but its value is never read.
src/features/forms/builder/FormBuilder.tsx(14,10): error TS6133: 'Plus' is declared but its value is never read.
src/features/forms/builder/FormBuilder.tsx(14,30): error TS6133: 'Settings' is declared but its value is never read.
src/features/forms/builder/FormBuilder.tsx(21,31): error TS6133: 'formId' is declared but its value is never read.
src/features/forms/builder/FormBuilder.tsx(196,8): error TS2322: Type '{ children: Element[]; defaultValue: string; }' is not assignable to type 'IntrinsicAttributes & TabsUntitledProps & RefAttributes<HTMLDivElement>'.
  Property 'children' does not exist on type 'IntrinsicAttributes & TabsUntitledProps & RefAttributes<HTMLDivElement>'.
src/features/forms/builder/FormBuilder.tsx(197,23): error TS2339: Property 'List' does not exist on type 'ForwardRefExoticComponent<TabsUntitledProps & RefAttributes<HTMLDivElement>>'.
src/features/forms/builder/FormBuilder.tsx(198,25): error TS2339: Property 'Trigger' does not exist on type 'ForwardRefExoticComponent<TabsUntitledProps & RefAttributes<HTMLDivElement>>'.
src/features/forms/builder/FormBuilder.tsx(198,67): error TS2339: Property 'Trigger' does not exist on type 'ForwardRefExoticComponent<TabsUntitledProps & RefAttributes<HTMLDivElement>>'.
src/features/forms/builder/FormBuilder.tsx(199,25): error TS2339: Property 'Trigger' does not exist on type 'ForwardRefExoticComponent<TabsUntitledProps & RefAttributes<HTMLDivElement>>'.
src/features/forms/builder/FormBuilder.tsx(199,77): error TS2339: Property 'Trigger' does not exist on type 'ForwardRefExoticComponent<TabsUntitledProps & RefAttributes<HTMLDivElement>>'.
src/features/forms/builder/FormBuilder.tsx(200,25): error TS2339: Property 'Trigger' does not exist on type 'ForwardRefExoticComponent<TabsUntitledProps & RefAttributes<HTMLDivElement>>'.
src/features/forms/builder/FormBuilder.tsx(200,67): error TS2339: Property 'Trigger' does not exist on type 'ForwardRefExoticComponent<TabsUntitledProps & RefAttributes<HTMLDivElement>>'.
src/features/forms/builder/FormBuilder.tsx(201,25): error TS2339: Property 'Trigger' does not exist on type 'ForwardRefExoticComponent<TabsUntitledProps & RefAttributes<HTMLDivElement>>'.
src/features/forms/builder/FormBuilder.tsx(201,67): error TS2339: Property 'Trigger' does not exist on type 'ForwardRefExoticComponent<TabsUntitledProps & RefAttributes<HTMLDivElement>>'.
src/features/forms/builder/FormBuilder.tsx(202,24): error TS2339: Property 'List' does not exist on type 'ForwardRefExoticComponent<TabsUntitledProps & RefAttributes<HTMLDivElement>>'.
src/features/forms/builder/FormBuilder.tsx(204,23): error TS2339: Property 'Content' does not exist on type 'ForwardRefExoticComponent<TabsUntitledProps & RefAttributes<HTMLDivElement>>'.
src/features/forms/builder/FormBuilder.tsx(250,24): error TS2339: Property 'Content' does not exist on type 'ForwardRefExoticComponent<TabsUntitledProps & RefAttributes<HTMLDivElement>>'.
src/features/forms/builder/FormBuilder.tsx(252,23): error TS2339: Property 'Content' does not exist on type 'ForwardRefExoticComponent<TabsUntitledProps & RefAttributes<HTMLDivElement>>'.
src/features/forms/builder/FormBuilder.tsx(256,24): error TS2339: Property 'Content' does not exist on type 'ForwardRefExoticComponent<TabsUntitledProps & RefAttributes<HTMLDivElement>>'.
src/features/forms/builder/FormBuilder.tsx(258,23): error TS2339: Property 'Content' does not exist on type 'ForwardRefExoticComponent<TabsUntitledProps & RefAttributes<HTMLDivElement>>'.
src/features/forms/builder/FormBuilder.tsx(262,24): error TS2339: Property 'Content' does not exist on type 'ForwardRefExoticComponent<TabsUntitledProps & RefAttributes<HTMLDivElement>>'.
src/features/forms/builder/FormBuilder.tsx(264,23): error TS2339: Property 'Content' does not exist on type 'ForwardRefExoticComponent<TabsUntitledProps & RefAttributes<HTMLDivElement>>'.
src/features/forms/builder/FormBuilder.tsx(290,24): error TS2339: Property 'Content' does not exist on type 'ForwardRefExoticComponent<TabsUntitledProps & RefAttributes<HTMLDivElement>>'.
src/features/forms/fields/SelectField.tsx(33,7): error TS2322: Type '{ children: Element[] | undefined; value: string; onValueChange: ((value: string) => void) | undefined; disabled: boolean | undefined; label: string; error: string | undefined; helperText: string | undefined; placeholder: string; style: FieldStyles | undefined; }' is not assignable to type 'IntrinsicAttributes & SelectUntitledProps & RefAttributes<HTMLButtonElement>'.
  Property 'style' does not exist on type 'IntrinsicAttributes & SelectUntitledProps & RefAttributes<HTMLButtonElement>'.
src/features/forms/FormLayout.tsx(36,9): error TS2322: Type '(tab: string) => void' is not assignable to type '(item: SidebarItem) => void'.
  Types of parameters 'tab' and 'item' are incompatible.
    Type 'SidebarItem' is not assignable to type 'string'.
src/features/forms/FormsList.tsx(12,22): error TS6133: 'Trash2' is declared but its value is never read.
src/features/forms/FormsList.tsx(103,28): error TS2322: Type '({ header: string; accessor: string; cell?: undefined; } | { header: string; accessor: string; cell: (value: string) => string; } | { header: string; accessor: string; cell: (_: string, row: any) => Element; })[]' is not assignable to type 'ColumnDef<never>[]'.
  Type '{ header: string; accessor: string; cell?: undefined; } | { header: string; accessor: string; cell: (value: string) => string; } | { header: string; accessor: string; cell: (_: string, row: any) => Element; }' is not assignable to type 'ColumnDef<never>'.
    Property 'id' is missing in type '{ header: string; accessor: string; cell?: undefined; }' but required in type 'ColumnDef<never>'.
src/features/forms/hooks/useFormBuilder.ts(7,15): error TS6196: 'FormField' is declared but never used.
src/features/forms/hooks/useFormSubmissions.ts(81,17): error TS2345: Argument of type '{ status: string; }' is not assignable to parameter of type 'never'.
src/features/forms/lib/calculations.ts(87,22): error TS7053: Element implicitly has an 'any' type because expression of type 'CalculationType' can't be used to index type '{ sum: (values: number[]) => number; difference: (values: number[]) => number; product: (values: number[]) => number; quotient: (values: number[]) => number; count: (values: unknown[]) => number; average: (values: number[]) => number; min: (values: number[]) => number; max: (values: number[]) => number; }'.
  Property 'custom' does not exist on type '{ sum: (values: number[]) => number; difference: (values: number[]) => number; product: (values: number[]) => number; quotient: (values: number[]) => number; count: (values: unknown[]) => number; average: (values: number[]) => number; min: (values: number[]) => number; max: (values: number[]) => number; }'.
src/features/forms/lib/integrations.ts(76,17): error TS2345: Argument of type '{ updated_at: string; first_name?: string; last_name?: string; email?: string; phone?: string; company?: string; position?: string; website?: string; address?: string; city?: string; state?: string; zip?: string; country?: string; tags?: string[]; }' is not assignable to parameter of type 'never'.
src/features/forms/lib/integrations.ts(80,35): error TS2339: Property 'id' does not exist on type 'never'.
src/features/forms/lib/integrations.ts(86,35): error TS2339: Property 'id' does not exist on type 'never'.
src/features/forms/lib/integrations.ts(92,8): error TS2769: No overload matches this call.
  Overload 1 of 2, '(values: never, options?: { count?: "exact" | "planned" | "estimated" | undefined; } | undefined): PostgrestFilterBuilder<{ PostgrestVersion: "12"; }, never, never, null, "contacts", never, "POST">', gave the following error.
    Argument of type '{ first_name?: string; last_name?: string; email?: string; phone?: string; company?: string; position?: string; website?: string; address?: string; city?: string; state?: string; zip?: string; country?: string; tags?: string[]; organization_id: string; }' is not assignable to parameter of type 'never'.
  Overload 2 of 2, '(values: never[], options?: { count?: "exact" | "planned" | "estimated" | undefined; defaultToNull?: boolean | undefined; } | undefined): PostgrestFilterBuilder<{ PostgrestVersion: "12"; }, never, never, null, "contacts", never, "POST">', gave the following error.
    Object literal may only specify known properties, and 'organization_id' does not exist in type 'never[]'.
src/features/forms/lib/integrations.ts(101,36): error TS2339: Property 'id' does not exist on type 'never'.
src/features/forms/lib/integrations.ts(144,9): error TS7053: Element implicitly has an 'any' type because expression of type 'CRMFieldType' can't be used to index type 'CompanyData'.
  Property 'email' does not exist on type 'CompanyData'.
src/features/forms/lib/integrations.ts(165,36): error TS2339: Property 'id' does not exist on type 'never'.
src/features/forms/lib/integrations.ts(171,8): error TS2769: No overload matches this call.
  Overload 1 of 2, '(values: never, options?: { count?: "exact" | "planned" | "estimated" | undefined; } | undefined): PostgrestFilterBuilder<{ PostgrestVersion: "12"; }, never, never, null, "companies", never, "POST">', gave the following error.
    Argument of type '{ name?: string; website?: string; industry?: string; size?: string; address?: string; city?: string; state?: string; zip?: string; country?: string; organization_id: string; }' is not assignable to parameter of type 'never'.
  Overload 2 of 2, '(values: never[], options?: { count?: "exact" | "planned" | "estimated" | undefined; defaultToNull?: boolean | undefined; } | undefined): PostgrestFilterBuilder<{ PostgrestVersion: "12"; }, never, never, null, "companies", never, "POST">', gave the following error.
    Object literal may only specify known properties, and 'organization_id' does not exist in type 'never[]'.
src/features/forms/lib/integrations.ts(180,36): error TS2339: Property 'id' does not exist on type 'never'.
src/features/forms/lib/integrations.ts(227,31): error TS2339: Property 'id' does not exist on type 'never'.
src/features/forms/lib/integrations.ts(249,25): error TS2339: Property 'id' does not exist on type 'never'.
src/features/forms/lib/integrations.ts(267,15): error TS2769: No overload matches this call.
  Overload 1 of 2, '(values: never, options?: { count?: "exact" | "planned" | "estimated" | undefined; } | undefined): PostgrestFilterBuilder<{ PostgrestVersion: "12"; }, never, never, null, "deals", never, "POST">', gave the following error.
    Argument of type 'Record<string, unknown>' is not assignable to parameter of type 'never'.
  Overload 2 of 2, '(values: never[], options?: { count?: "exact" | "planned" | "estimated" | undefined; defaultToNull?: boolean | undefined; } | undefined): PostgrestFilterBuilder<{ PostgrestVersion: "12"; }, never, never, null, "deals", never, "POST">', gave the following error.
    Argument of type 'Record<string, unknown>' is not assignable to parameter of type 'never[]'.
      Type 'Record<string, unknown>' is missing the following properties from type 'never[]': length, pop, push, concat, and 29 more.
src/features/forms/lib/integrations.ts(273,30): error TS2339: Property 'id' does not exist on type 'never'.
src/features/forms/lib/integrations.ts(299,36): error TS2339: Property 'tags' does not exist on type 'never'.
src/features/forms/lib/integrations.ts(305,15): error TS2345: Argument of type '{ tags: string[]; }' is not assignable to parameter of type 'never'.
src/features/forms/lib/validation.ts(143,10): error TS2554: Expected 2 arguments, but got 1.
src/features/integrations/connections/ConnectionList.tsx(37,32): error TS7006: Parameter 'i' implicitly has an 'any' type.
src/features/integrations/connections/ConnectionWizard.tsx(7,10): error TS6133: 'ChevronRight' is declared but its value is never read.
src/features/integrations/connections/ConnectionWizard.tsx(257,26): error TS2322: Type '{ id: string; label: string; status: string; }[]' is not assignable to type 'Step[]'.
  Property 'title' is missing in type '{ id: string; label: string; status: string; }' but required in type 'Step'.
src/features/integrations/index.ts(18,1): error TS2308: Module './lib/registry' has already exported a member named 'IntegrationAction'. Consider explicitly re-exporting to resolve the ambiguity.
src/features/integrations/index.ts(18,1): error TS2308: Module './lib/registry' has already exported a member named 'IntegrationTrigger'. Consider explicitly re-exporting to resolve the ambiguity.
src/features/integrations/index.ts(19,1): error TS2308: Module './lib/types' has already exported a member named 'OAuthTokens'. Consider explicitly re-exporting to resolve the ambiguity.
src/features/integrations/IntegrationsLayout.tsx(3,10): error TS6133: 'Plug' is declared but its value is never read.
src/features/integrations/lib/api.ts(2,1): error TS6133: 'OAuthTokens' is declared but its value is never read.
src/features/integrations/lib/api.ts(16,5): error TS1294: This syntax is not allowed when 'erasableSyntaxOnly' is enabled.
src/features/integrations/lib/api.ts(17,5): error TS1294: This syntax is not allowed when 'erasableSyntaxOnly' is enabled.
src/features/integrations/lib/api.ts(18,5): error TS1294: This syntax is not allowed when 'erasableSyntaxOnly' is enabled.
src/features/integrations/lib/api.ts(178,13): error TS6133: 'token' is declared but its value is never read.
src/features/integrations/lib/api.ts(251,36): error TS6133: 'apiKey' is declared but its value is never read.
src/features/integrations/lib/api.ts(336,15): error TS1294: This syntax is not allowed when 'erasableSyntaxOnly' is enabled.
src/features/integrations/lib/oauth.ts(2,15): error TS2440: Import declaration conflicts with local declaration of 'OAuthTokens'.
src/features/integrations/lib/oauth.ts(294,5): error TS2353: Object literal may only specify known properties, and 'provider' does not exist in type 'OAuthTokens'.
src/features/integrations/lib/oauth.ts(353,13): error TS2345: Argument of type '{ credentials: { access_token: any; refresh_token: any; expires_at: number; token_type: any; }; updated_at: string; }' is not assignable to parameter of type 'never'.
src/features/integrations/lib/oauth.ts(374,5): error TS2353: Object literal may only specify known properties, and 'provider' does not exist in type 'OAuthTokens'.
src/features/integrations/lib/oauth.ts(375,5): error TS2552: Cannot find name 'connection_id'. Did you mean 'connectionId'?
src/features/integrations/lib/oauth.ts(397,34): error TS2339: Property 'credentials' does not exist on type 'never'.
src/features/integrations/lib/oauth.ts(441,6): error TS2769: No overload matches this call.
  Overload 1 of 2, '(values: never, options?: { count?: "exact" | "planned" | "estimated" | undefined; } | undefined): PostgrestFilterBuilder<{ PostgrestVersion: "12"; }, never, never, null, "integration_connections", never, "POST">', gave the following error.
    Argument of type '{ organization_id: string; integration_id: string; name: string; status: string; credentials: OAuthTokens; config: {}; created_at: string; updated_at: string; }' is not assignable to parameter of type 'never'.
  Overload 2 of 2, '(values: never[], options?: { count?: "exact" | "planned" | "estimated" | undefined; defaultToNull?: boolean | undefined; } | undefined): PostgrestFilterBuilder<{ PostgrestVersion: "12"; }, never, never, null, "integration_connections", never, "POST">', gave the following error.
    Object literal may only specify known properties, and 'organization_id' does not exist in type 'never[]'.
src/features/integrations/lib/oauth.ts(458,15): error TS2339: Property 'id' does not exist on type 'never'.
src/features/integrations/lib/oauth.ts(469,13): error TS2345: Argument of type '{ status: string; credentials: {}; updated_at: string; }' is not assignable to parameter of type 'never'.
src/features/integrations/lib/queries.ts(10,1): error TS6133: 'IntegrationDefinition' is declared but its value is never read.
src/features/integrations/lib/queries.ts(10,44): error TS2307: Cannot find module './lib/registry' or its corresponding type declarations.
src/features/integrations/lib/queries.ts(22,5): error TS1117: An object literal cannot have multiple properties with the same name.
src/features/integrations/lib/queries.ts(77,10): error TS2769: No overload matches this call.
  Overload 1 of 2, '(values: never, options?: { count?: "exact" | "planned" | "estimated" | undefined; } | undefined): PostgrestFilterBuilder<{ PostgrestVersion: "12"; }, never, never, null, "integration_connections", never, "POST">', gave the following error.
    Argument of type '{ status: string; created_at: string; updated_at: string; organization_id: string; integration_id: string; name: string; credentials: Record<string, unknown>; config?: Record<string, unknown>; }' is not assignable to parameter of type 'never'.
  Overload 2 of 2, '(values: never[], options?: { count?: "exact" | "planned" | "estimated" | undefined; defaultToNull?: boolean | undefined; } | undefined): PostgrestFilterBuilder<{ PostgrestVersion: "12"; }, never, never, null, "integration_connections", never, "POST">', gave the following error.
    Object literal may only specify known properties, and 'status' does not exist in type 'never[]'.
src/features/integrations/lib/queries.ts(89,17): error TS6133: 'data' is declared but its value is never read.
src/features/integrations/lib/queries.ts(113,17): error TS2345: Argument of type '{ updated_at: string; id?: string | undefined; organization_id?: string | undefined; integration_id?: string | undefined; name?: string | undefined; status?: ConnectionStatus | undefined; ... 5 more ...; created_at?: string | undefined; }' is not assignable to parameter of type 'never'.
src/features/integrations/lib/queries.ts(142,40): error TS6133: 'organizationId' is declared but its value is never read.
src/features/integrations/lib/queries.ts(228,10): error TS2769: No overload matches this call.
  Overload 1 of 2, '(values: never, options?: { count?: "exact" | "planned" | "estimated" | undefined; } | undefined): PostgrestFilterBuilder<{ PostgrestVersion: "12"; }, never, never, null, "integration_webhooks", never, "POST">', gave the following error.
    Argument of type '{ active: boolean; status: string; total_received: number; created_at: string; updated_at: string; organization_id: string; connection_id?: string; integration_id: string; event_type: string; endpoint_url: string; secret?: string; }' is not assignable to parameter of type 'never'.
  Overload 2 of 2, '(values: never[], options?: { count?: "exact" | "planned" | "estimated" | undefined; defaultToNull?: boolean | undefined; } | undefined): PostgrestFilterBuilder<{ PostgrestVersion: "12"; }, never, never, null, "integration_webhooks", never, "POST">', gave the following error.
    Object literal may only specify known properties, and 'active' does not exist in type 'never[]'.
src/features/integrations/lib/queries.ts(268,17): error TS2345: Argument of type '{ updated_at: string; id?: string | undefined; organization_id?: string | undefined; connection_id?: string | undefined; integration_id?: string | undefined; webhook_id?: string | undefined; event_type?: string | undefined; ... 8 more ...; created_at?: string | undefined; }' is not assignable to parameter of type 'never'.
src/features/integrations/lib/queries.ts(296,37): error TS6133: 'connectionId' is declared but its value is never read.
src/features/integrations/lib/queries.ts(385,51): error TS2307: Cannot find module './lib/registry' or its corresponding type declarations.
src/features/integrations/lib/queries.ts(401,47): error TS2307: Cannot find module './lib/registry' or its corresponding type declarations.
src/features/integrations/lib/queries.ts(418,58): error TS2307: Cannot find module './lib/registry' or its corresponding type declarations.
src/features/integrations/lib/sync.ts(2,48): error TS6196: 'FieldMapping' is declared but never used.
src/features/integrations/lib/sync.ts(4,1): error TS6133: 'getIntegration' is declared but its value is never read.
src/features/integrations/lib/sync.ts(4,32): error TS2307: Cannot find module './lib/registry' or its corresponding type declarations.
src/features/integrations/lib/sync.ts(39,6): error TS2769: No overload matches this call.
  Overload 1 of 2, '(values: never, options?: { count?: "exact" | "planned" | "estimated" | undefined; } | undefined): PostgrestFilterBuilder<{ PostgrestVersion: "12"; }, never, never, null, "integration_sync_logs", never, "POST">', gave the following error.
    Argument of type '{ connection_id: string; sync_type: string; sync_direction: SyncDirection; status: string; records_processed: number; records_created: number; records_updated: number; records_failed: number; started_at: string; triggered_by: string; }' is not assignable to parameter of type 'never'.
  Overload 2 of 2, '(values: never[], options?: { count?: "exact" | "planned" | "estimated" | undefined; defaultToNull?: boolean | undefined; } | undefined): PostgrestFilterBuilder<{ PostgrestVersion: "12"; }, never, never, null, "integration_sync_logs", never, "POST">', gave the following error.
    Object literal may only specify known properties, and 'connection_id' does not exist in type 'never[]'.
src/features/integrations/lib/sync.ts(61,18): error TS2339: Property 'integration_id' does not exist on type 'never'.
src/features/integrations/lib/sync.ts(62,18): error TS2339: Property 'credentials' does not exist on type 'never'.
src/features/integrations/lib/sync.ts(67,18): error TS2339: Property 'integration_id' does not exist on type 'never'.
src/features/integrations/lib/sync.ts(71,18): error TS2339: Property 'organization_id' does not exist on type 'never'.
src/features/integrations/lib/sync.ts(77,15): error TS2345: Argument of type '{ status: "completed" | "cancelled" | "running" | "failed"; records_processed: number; records_created: number; records_updated: number; records_failed: number; errors: { record_id?: string; error_message: string; timestamp: string; }[] | undefined; completed_at: string; duration_seconds: number | undefined; }' is not assignable to parameter of type 'never'.
src/features/integrations/lib/sync.ts(87,25): error TS2339: Property 'id' does not exist on type 'never'.
src/features/integrations/lib/sync.ts(92,15): error TS2345: Argument of type '{ last_synced_at: string; error_count: any; }' is not assignable to parameter of type 'never'.
src/features/integrations/lib/sync.ts(94,62): error TS2339: Property 'error_count' does not exist on type 'never'.
src/features/integrations/lib/sync.ts(100,28): error TS2339: Property 'id' does not exist on type 'never'.
src/features/integrations/lib/sync.ts(106,15): error TS2345: Argument of type '{ status: string; completed_at: string; duration_seconds: number; errors: { error_message: string; }[]; }' is not assignable to parameter of type 'never'.
src/features/integrations/lib/sync.ts(109,69): error TS2339: Property 'started_at' does not exist on type 'never'.
src/features/integrations/lib/sync.ts(112,25): error TS2339: Property 'id' does not exist on type 'never'.
src/features/integrations/lib/sync.ts(185,3): error TS6133: 'config' is declared but its value is never read.
src/features/integrations/lib/sync.ts(225,25): error TS2345: Argument of type '{ organization_id: string; email: any; first_name: any; last_name: any; phone: any; }' is not assignable to parameter of type 'never'.
src/features/integrations/lib/sync.ts(226,36): error TS2339: Property 'id' does not exist on type 'never'.
src/features/integrations/lib/sync.ts(230,54): error TS2769: No overload matches this call.
  Overload 1 of 2, '(values: never, options?: { count?: "exact" | "planned" | "estimated" | undefined; } | undefined): PostgrestFilterBuilder<{ PostgrestVersion: "12"; }, never, never, null, "contacts", never, "POST">', gave the following error.
    Argument of type '{ organization_id: string; email: any; first_name: any; last_name: any; phone: any; }' is not assignable to parameter of type 'never'.
  Overload 2 of 2, '(values: never[], options?: { count?: "exact" | "planned" | "estimated" | undefined; defaultToNull?: boolean | undefined; } | undefined): PostgrestFilterBuilder<{ PostgrestVersion: "12"; }, never, never, null, "contacts", never, "POST">', gave the following error.
    Argument of type '{ organization_id: string; email: any; first_name: any; last_name: any; phone: any; }' is not assignable to parameter of type 'never[]'.
      Type '{ organization_id: string; email: any; first_name: any; last_name: any; phone: any; }' is missing the following properties from type 'never[]': length, pop, push, concat, and 29 more.
src/features/integrations/lib/sync.ts(315,3): error TS6133: 'config' is declared but its value is never read.
src/features/integrations/lib/sync.ts(366,23): error TS2345: Argument of type '{ organization_id: string; calendar_event_id: any; title: any; description: any; start_time: any; end_time: any; status: string; synced_to_external_cal: boolean; booking_source: string; }' is not assignable to parameter of type 'never'.
src/features/integrations/lib/sync.ts(367,34): error TS2339: Property 'id' does not exist on type 'never'.
src/features/integrations/lib/sync.ts(370,56): error TS2769: No overload matches this call.
  Overload 1 of 2, '(values: never, options?: { count?: "exact" | "planned" | "estimated" | undefined; } | undefined): PostgrestFilterBuilder<{ PostgrestVersion: "12"; }, never, never, null, "appointments", never, "POST">', gave the following error.
    Argument of type '{ organization_id: string; calendar_event_id: any; title: any; description: any; start_time: any; end_time: any; status: string; synced_to_external_cal: boolean; booking_source: string; }' is not assignable to parameter of type 'never'.
  Overload 2 of 2, '(values: never[], options?: { count?: "exact" | "planned" | "estimated" | undefined; defaultToNull?: boolean | undefined; } | undefined): PostgrestFilterBuilder<{ PostgrestVersion: "12"; }, never, never, null, "appointments", never, "POST">', gave the following error.
    Argument of type '{ organization_id: string; calendar_event_id: any; title: any; description: any; start_time: any; end_time: any; status: string; synced_to_external_cal: boolean; booking_source: string; }' is not assignable to parameter of type 'never[]'.
      Type '{ organization_id: string; calendar_event_id: any; title: any; description: any; start_time: any; end_time: any; status: string; synced_to_external_cal: boolean; booking_source: string; }' is missing the following properties from type 'never[]': length, pop, push, concat, and 29 more.
src/features/integrations/lib/sync.ts(410,3): error TS6133: 'config' is declared but its value is never read.
src/features/integrations/lib/sync.ts(450,23): error TS2345: Argument of type '{ organization_id: string; email: any; first_name: any; last_name: any; phone: any; }' is not assignable to parameter of type 'never'.
src/features/integrations/lib/sync.ts(451,34): error TS2339: Property 'id' does not exist on type 'never'.
src/features/integrations/lib/sync.ts(454,52): error TS2769: No overload matches this call.
  Overload 1 of 2, '(values: never, options?: { count?: "exact" | "planned" | "estimated" | undefined; } | undefined): PostgrestFilterBuilder<{ PostgrestVersion: "12"; }, never, never, null, "contacts", never, "POST">', gave the following error.
    Argument of type '{ organization_id: string; email: any; first_name: any; last_name: any; phone: any; }' is not assignable to parameter of type 'never'.
  Overload 2 of 2, '(values: never[], options?: { count?: "exact" | "planned" | "estimated" | undefined; defaultToNull?: boolean | undefined; } | undefined): PostgrestFilterBuilder<{ PostgrestVersion: "12"; }, never, never, null, "contacts", never, "POST">', gave the following error.
    Argument of type '{ organization_id: string; email: any; first_name: any; last_name: any; phone: any; }' is not assignable to parameter of type 'never[]'.
      Type '{ organization_id: string; email: any; first_name: any; last_name: any; phone: any; }' is missing the following properties from type 'never[]': length, pop, push, concat, and 29 more.
src/features/integrations/lib/sync.ts(494,3): error TS6133: 'config' is declared but its value is never read.
src/features/integrations/lib/sync.ts(535,23): error TS2345: Argument of type '{ organization_id: string; email: any; first_name: any; last_name: any; phone: any; }' is not assignable to parameter of type 'never'.
src/features/integrations/lib/sync.ts(536,34): error TS2339: Property 'id' does not exist on type 'never'.
src/features/integrations/lib/sync.ts(539,52): error TS2769: No overload matches this call.
  Overload 1 of 2, '(values: never, options?: { count?: "exact" | "planned" | "estimated" | undefined; } | undefined): PostgrestFilterBuilder<{ PostgrestVersion: "12"; }, never, never, null, "contacts", never, "POST">', gave the following error.
    Argument of type '{ organization_id: string; email: any; first_name: any; last_name: any; phone: any; }' is not assignable to parameter of type 'never'.
  Overload 2 of 2, '(values: never[], options?: { count?: "exact" | "planned" | "estimated" | undefined; defaultToNull?: boolean | undefined; } | undefined): PostgrestFilterBuilder<{ PostgrestVersion: "12"; }, never, never, null, "contacts", never, "POST">', gave the following error.
    Argument of type '{ organization_id: string; email: any; first_name: any; last_name: any; phone: any; }' is not assignable to parameter of type 'never[]'.
      Type '{ organization_id: string; email: any; first_name: any; last_name: any; phone: any; }' is missing the following properties from type 'never[]': length, pop, push, concat, and 29 more.
src/features/integrations/lib/sync.ts(622,13): error TS2345: Argument of type '{ status: string; completed_at: string; }' is not assignable to parameter of type 'never'.
src/features/integrations/lib/sync.ts(644,3): error TS6133: 'config' is declared but its value is never read.
src/features/integrations/lib/types.ts(245,5): error TS1294: This syntax is not allowed when 'erasableSyntaxOnly' is enabled.
src/features/integrations/lib/types.ts(246,5): error TS1294: This syntax is not allowed when 'erasableSyntaxOnly' is enabled.
src/features/integrations/lib/types.ts(248,5): error TS1294: This syntax is not allowed when 'erasableSyntaxOnly' is enabled.
src/features/integrations/lib/types.ts(257,5): error TS1294: This syntax is not allowed when 'erasableSyntaxOnly' is enabled.
src/features/integrations/lib/types.ts(259,5): error TS1294: This syntax is not allowed when 'erasableSyntaxOnly' is enabled.
src/features/integrations/lib/types.ts(268,5): error TS1294: This syntax is not allowed when 'erasableSyntaxOnly' is enabled.
src/features/integrations/lib/types.ts(269,5): error TS1294: This syntax is not allowed when 'erasableSyntaxOnly' is enabled.
src/features/integrations/lib/types.ts(271,5): error TS1294: This syntax is not allowed when 'erasableSyntaxOnly' is enabled.
src/features/integrations/lib/types.ts(272,5): error TS1294: This syntax is not allowed when 'erasableSyntaxOnly' is enabled.
src/features/integrations/lib/types.ts(281,5): error TS1294: This syntax is not allowed when 'erasableSyntaxOnly' is enabled.
src/features/integrations/lib/types.ts(283,5): error TS1294: This syntax is not allowed when 'erasableSyntaxOnly' is enabled.
src/features/integrations/lib/types.ts(292,5): error TS1294: This syntax is not allowed when 'erasableSyntaxOnly' is enabled.
src/features/integrations/lib/types.ts(294,5): error TS1294: This syntax is not allowed when 'erasableSyntaxOnly' is enabled.
src/features/integrations/lib/types.ts(295,5): error TS1294: This syntax is not allowed when 'erasableSyntaxOnly' is enabled.
src/features/integrations/lib/webhooks.ts(2,1): error TS6133: 'adminSupabase' is declared but its value is never read.
src/features/integrations/lib/webhooks.ts(5,20): error TS2307: Cannot find module 'crypto' or its corresponding type declarations.
src/features/integrations/lib/webhooks.ts(70,5): error TS2591: Cannot find name 'Buffer'. Do you need to install type definitions for node? Try `npm i --save-dev @types/node` and then add 'node' to the types field in your tsconfig.
src/features/integrations/lib/webhooks.ts(71,5): error TS2591: Cannot find name 'Buffer'. Do you need to install type definitions for node? Try `npm i --save-dev @types/node` and then add 'node' to the types field in your tsconfig.
src/features/integrations/lib/webhooks.ts(90,5): error TS2591: Cannot find name 'Buffer'. Do you need to install type definitions for node? Try `npm i --save-dev @types/node` and then add 'node' to the types field in your tsconfig.
src/features/integrations/lib/webhooks.ts(91,5): error TS2591: Cannot find name 'Buffer'. Do you need to install type definitions for node? Try `npm i --save-dev @types/node` and then add 'node' to the types field in your tsconfig.
src/features/integrations/lib/webhooks.ts(115,6): error TS2769: No overload matches this call.
  Overload 1 of 2, '(values: never, options?: { count?: "exact" | "planned" | "estimated" | undefined; } | undefined): PostgrestFilterBuilder<{ PostgrestVersion: "12"; }, never, never, null, "integration_webhooks", never, "POST">', gave the following error.
    Argument of type '{ organization_id: string; connection_id: string | null; integration_id: string; event_type: string; endpoint_url: string; secret: any; active: boolean; status: string; created_at: string; updated_at: string; }' is not assignable to parameter of type 'never'.
  Overload 2 of 2, '(values: never[], options?: { count?: "exact" | "planned" | "estimated" | undefined; defaultToNull?: boolean | undefined; } | undefined): PostgrestFilterBuilder<{ PostgrestVersion: "12"; }, never, never, null, "integration_webhooks", never, "POST">', gave the following error.
    Object literal may only specify known properties, and 'organization_id' does not exist in type 'never[]'.
src/features/integrations/lib/webhooks.ts(184,13): error TS2345: Argument of type '{ updated_at: string; id?: string | undefined; organization_id?: string | undefined; connection_id?: string | undefined; integration_id?: string | undefined; webhook_id?: string | undefined; event_type?: string | undefined; ... 8 more ...; created_at?: string | undefined; }' is not assignable to parameter of type 'never'.
src/features/integrations/lib/webhooks.ts(265,6): error TS2769: No overload matches this call.
  Overload 1 of 2, '(values: never, options?: { count?: "exact" | "planned" | "estimated" | undefined; } | undefined): PostgrestFilterBuilder<{ PostgrestVersion: "12"; }, never, never, null, "integration_webhook_events", never, "POST">', gave the following error.
    Argument of type '{ webhook_id: string; connection_id: any; event_type: string; event_id: string | undefined; payload: Record<string, unknown>; headers: Record<string, string> | undefined; status: string; received_at: string; created_at: string; }' is not assignable to parameter of type 'never'.
  Overload 2 of 2, '(values: never[], options?: { count?: "exact" | "planned" | "estimated" | undefined; defaultToNull?: boolean | undefined; } | undefined): PostgrestFilterBuilder<{ PostgrestVersion: "12"; }, never, never, null, "integration_webhook_events", never, "POST">', gave the following error.
    Object literal may only specify known properties, and 'webhook_id' does not exist in type 'never[]'.
src/features/integrations/lib/webhooks.ts(267,30): error TS2339: Property 'connection_id' does not exist on type 'never'.
src/features/integrations/lib/webhooks.ts(286,13): error TS2345: Argument of type '{ total_received: any; last_received_at: string; }' is not assignable to parameter of type 'never'.
src/features/integrations/lib/webhooks.ts(287,32): error TS2339: Property 'total_received' does not exist on type 'never'.
src/features/integrations/lib/webhooks.ts(319,13): error TS2345: Argument of type 'any' is not assignable to parameter of type 'never'.
src/features/integrations/lib/webhooks.ts(366,13): error TS2345: Argument of type '{ status: string; retry_count: any; error_message: null; }' is not assignable to parameter of type 'never'.
src/features/integrations/lib/webhooks.ts(368,27): error TS2339: Property 'retry_count' does not exist on type 'never'.
src/features/integrations/lib/webhooks.ts(435,15): error TS2339: Property 'id' does not exist on type 'never'.
src/features/integrations/lib/webhooks.ts(466,46): error TS2339: Property 'status' does not exist on type 'never'.
src/features/integrations/lib/webhooks.ts(467,42): error TS2339: Property 'status' does not exist on type 'never'.
src/features/integrations/registry/IntegrationRegistry.tsx(8,1): error TS6133: 'Card' is declared but its value is never read.
src/features/integrations/registry/IntegrationRegistry.tsx(48,54): error TS7006: Parameter 'integration' implicitly has an 'any' type.
src/features/integrations/registry/IntegrationRegistry.tsx(109,47): error TS7006: Parameter 'i' implicitly has an 'any' type.
src/features/integrations/registry/IntegrationRegistry.tsx(134,38): error TS7006: Parameter 'integration' implicitly has an 'any' type.
src/features/integrations/webhooks/WebhookList.tsx(4,40): error TS6133: 'Play' is declared but its value is never read.
src/features/integrations/webhooks/WebhookList.tsx(4,46): error TS6133: 'RefreshCw' is declared but its value is never read.
src/features/integrations/webhooks/WebhookList.tsx(20,9): error TS6133: 'createWebhook' is declared but its value is never read.
src/features/marketing/analytics/MarketingDashboard.tsx(3,60): error TS6133: 'MousePointerClick' is declared but its value is never read.
src/features/marketing/analytics/MarketingDashboard.tsx(3,79): error TS6133: 'Eye' is declared but its value is never read.
src/features/marketing/analytics/MarketingDashboard.tsx(25,64): error TS2339: Property 'sent_count' does not exist on type 'never'.
src/features/marketing/analytics/MarketingDashboard.tsx(26,66): error TS2339: Property 'failed_count' does not exist on type 'never'.
src/features/marketing/analytics/MarketingDashboard.tsx(33,51): error TS2339: Property 'status' does not exist on type 'never'.
src/features/marketing/analytics/MarketingDashboard.tsx(34,54): error TS2339: Property 'status' does not exist on type 'never'.
src/features/marketing/analytics/MarketingDashboard.tsx(64,24): error TS2339: Property 'totalCampaigns' does not exist on type '{}'.
src/features/marketing/analytics/MarketingDashboard.tsx(70,25): error TS2339: Property 'totalSent' does not exist on type '{}'.
src/features/marketing/analytics/MarketingDashboard.tsx(77,24): error TS2339: Property 'activeCampaigns' does not exist on type '{}'.
src/features/marketing/analytics/MarketingDashboard.tsx(83,24): error TS2339: Property 'totalTemplates' does not exist on type '{}'.
src/features/marketing/CampaignBuilder.tsx(2,28): error TS6133: 'Calendar' is declared but its value is never read.
src/features/marketing/CampaignBuilder.tsx(5,25): error TS1484: 'ProgressStep' is a type and must be imported using a type-only import when 'verbatimModuleSyntax' is enabled.
src/features/marketing/CampaignBuilder.tsx(9,30): error TS1484: 'BreadcrumbItem' is a type and must be imported using a type-only import when 'verbatimModuleSyntax' is enabled.
src/features/marketing/CampaignBuilder.tsx(9,30): error TS6133: 'BreadcrumbItem' is declared but its value is never read.
src/features/marketing/CampaignBuilder.tsx(25,23): error TS6133: 'setScheduledAt' is declared but its value is never read.
src/features/marketing/CampaignList.tsx(35,11): error TS2322: Type '{ children: any; variant: "primary" | "success"; icon: Element; }' is not assignable to type 'IntrinsicAttributes & BadgeProps & RefAttributes<HTMLDivElement>'.
  Property 'icon' does not exist on type 'IntrinsicAttributes & BadgeProps & RefAttributes<HTMLDivElement>'.
src/features/marketing/CampaignList.tsx(116,11): error TS2322: Type '{ id: string; label: string; render: (campaign: any) => Element; }[]' is not assignable to type 'ColumnDef<{ id: string; name: string; type: string; status: string; sent: number; openRate: string; }>[]'.
  Property 'header' is missing in type '{ id: string; label: string; render: (campaign: any) => JSX.Element; }' but required in type 'ColumnDef<{ id: string; name: string; type: string; status: string; sent: number; openRate: string; }>'.
src/features/marketing/email/EmailCampaignBuilder.tsx(4,29): error TS2307: Cannot find module '@hookform/resolvers/zod' or its corresponding type declarations.
src/features/marketing/email/EmailCampaignBuilder.tsx(5,25): error TS2307: Cannot find module 'react-hook-form' or its corresponding type declarations.
src/features/marketing/email/EmailCampaignBuilder.tsx(12,1): error TS6133: 'Textarea' is declared but its value is never read.
src/features/marketing/email/EmailCampaignBuilder.tsx(18,6): error TS6196: 'Campaign' is declared but never used.
src/features/marketing/email/EmailCampaignBuilder.tsx(25,23): error TS2554: Expected 2-3 arguments, but got 1.
src/features/marketing/email/EmailCampaignBuilder.tsx(96,19): error TS2345: Argument of type '{ organization_id: any; type: "email"; status: "draft"; template_id: string | null; name: string; scheduled_at?: string | undefined; audience_filters?: Record<any, unknown> | undefined; }' is not assignable to parameter of type 'never'.
src/features/marketing/email/EmailCampaignBuilder.tsx(103,19): error TS2769: No overload matches this call.
  Overload 1 of 2, '(values: never, options?: { count?: "exact" | "planned" | "estimated" | undefined; } | undefined): PostgrestFilterBuilder<{ PostgrestVersion: "12"; }, never, never, null, "marketing_campaigns", never, "POST">', gave the following error.
    Argument of type '{ organization_id: any; type: "email"; status: "draft"; template_id: string | null; name: string; scheduled_at?: string | undefined; audience_filters?: Record<any, unknown> | undefined; }' is not assignable to parameter of type 'never'.
  Overload 2 of 2, '(values: never[], options?: { count?: "exact" | "planned" | "estimated" | undefined; defaultToNull?: boolean | undefined; } | undefined): PostgrestFilterBuilder<{ PostgrestVersion: "12"; }, never, never, null, "marketing_campaigns", never, "POST">', gave the following error.
    Argument of type '{ organization_id: any; type: "email"; status: "draft"; template_id: string | null; name: string; scheduled_at?: string | undefined; audience_filters?: Record<any, unknown> | undefined; }' is not assignable to parameter of type 'never[]'.
      Type '{ organization_id: any; type: "email"; status: "draft"; template_id: string | null; name: string; scheduled_at?: string | undefined; audience_filters?: Record<any, unknown> | undefined; }' is missing the following properties from type 'never[]': length, pop, push, concat, and 29 more.
src/features/marketing/email/EmailCampaignBuilder.tsx(150,57): error TS2339: Property 'name' does not exist on type 'never'.
src/features/marketing/email/EmailCampaignBuilder.tsx(226,35): error TS2339: Property 'id' does not exist on type 'never'.
src/features/marketing/email/EmailCampaignBuilder.tsx(228,57): error TS2339: Property 'id' does not exist on type 'never'.
src/features/marketing/email/EmailCampaignBuilder.tsx(234,61): error TS2339: Property 'id' does not exist on type 'never'.
src/features/marketing/email/EmailCampaignBuilder.tsx(239,63): error TS2339: Property 'name' does not exist on type 'never'.
src/features/marketing/email/EmailCampaignBuilder.tsx(241,37): error TS2339: Property 'subject' does not exist on type 'never'.
src/features/marketing/email/EmailCampaignDetail.tsx(14,6): error TS6196: 'Campaign' is declared but never used.
src/features/marketing/email/EmailCampaignDetail.tsx(58,30): error TS2339: Property 'status' does not exist on type 'never'.
src/features/marketing/email/EmailCampaignDetail.tsx(59,35): error TS2339: Property 'status' does not exist on type 'never'.
src/features/marketing/email/EmailCampaignDetail.tsx(60,32): error TS2339: Property 'status' does not exist on type 'never'.
src/features/marketing/email/EmailCampaignDetail.tsx(61,33): error TS2339: Property 'status' does not exist on type 'never'.
src/features/marketing/email/EmailCampaignDetail.tsx(62,32): error TS2339: Property 'status' does not exist on type 'never'.
src/features/marketing/email/EmailCampaignDetail.tsx(115,16): error TS2322: Type '"default" | "destructive" | "outline" | "secondary" | "success"' is not assignable to type '"default" | "destructive" | "outline" | "secondary" | null | undefined'.
  Type '"success"' is not assignable to type '"default" | "destructive" | "outline" | "secondary" | null | undefined'.
src/features/marketing/email/EmailCampaignDetail.tsx(161,58): error TS2339: Property 'name' does not exist on type 'never'.
src/features/marketing/email/EmailCampaignDetail.tsx(163,39): error TS2322: Type '"default" | "destructive" | "outline" | "secondary" | "success"' is not assignable to type '"default" | "destructive" | "outline" | "secondary" | null | undefined'.
  Type '"success"' is not assignable to type '"default" | "destructive" | "outline" | "secondary" | null | undefined'.
src/features/marketing/email/EmailCampaignDetail.tsx(163,74): error TS2339: Property 'status' does not exist on type 'never'.
src/features/marketing/email/EmailCampaignDetail.tsx(163,93): error TS2339: Property 'status' does not exist on type 'never'.
src/features/marketing/email/EmailCampaignDetail.tsx(225,40): error TS2339: Property 'created_at' does not exist on type 'never'.
src/features/marketing/email/EmailCampaignDetail.tsx(228,27): error TS2339: Property 'scheduled_at' does not exist on type 'never'.
src/features/marketing/email/EmailCampaignDetail.tsx(232,42): error TS2339: Property 'scheduled_at' does not exist on type 'never'.
src/features/marketing/email/EmailCampaignDetail.tsx(236,27): error TS2339: Property 'started_at' does not exist on type 'never'.
src/features/marketing/email/EmailCampaignDetail.tsx(240,42): error TS2339: Property 'started_at' does not exist on type 'never'.
src/features/marketing/email/EmailCampaignDetail.tsx(244,27): error TS2339: Property 'completed_at' does not exist on type 'never'.
src/features/marketing/email/EmailCampaignDetail.tsx(248,42): error TS2339: Property 'completed_at' does not exist on type 'never'.
src/features/marketing/email/EmailCampaignsList.tsx(4,40): error TS6133: 'Download' is declared but its value is never read.
src/features/marketing/email/EmailCampaignsList.tsx(4,50): error TS6133: 'Trash2' is declared but its value is never read.
src/features/marketing/email/EmailCampaignsList.tsx(37,62): error TS2339: Property 'status' does not exist on type 'never'.
src/features/marketing/email/EmailCampaignsList.tsx(38,36): error TS2339: Property 'name' does not exist on type 'never'.
src/features/marketing/email/EmailCampaignsList.tsx(87,16): error TS2322: Type '"default" | "destructive" | "outline" | "secondary" | "success"' is not assignable to type '"default" | "destructive" | "outline" | "secondary" | null | undefined'.
  Type '"success"' is not assignable to type '"default" | "destructive" | "outline" | "secondary" | null | undefined'.
src/features/marketing/email/EmailCampaignsList.tsx(136,36): error TS2339: Property 'status' does not exist on type 'never'.
src/features/marketing/email/EmailCampaignsList.tsx(137,37): error TS2339: Property 'status' does not exist on type 'never'.
src/features/marketing/email/EmailCampaignsList.tsx(137,63): error TS2339: Property 'status' does not exist on type 'never'.
src/features/marketing/email/EmailCampaignsList.tsx(138,40): error TS2339: Property 'status' does not exist on type 'never'.
src/features/marketing/MarketingLayout.tsx(2,18): error TS6133: 'NavLink' is declared but its value is never read.
src/features/marketing/MarketingLayout.tsx(10,3): error TS6133: 'Plus' is declared but its value is never read.
src/features/marketing/MarketingLayout.tsx(12,27): error TS1484: 'SidebarSection' is a type and must be imported using a type-only import when 'verbatimModuleSyntax' is enabled.
src/features/marketing/MarketingLayout.tsx(13,1): error TS6133: 'ButtonUntitled' is declared but its value is never read.
src/features/marketing/MarketingLayout.tsx(14,1): error TS6133: 'BadgeUntitled' is declared but its value is never read.
src/features/marketing/MarketingLayout.tsx(16,11): error TS6196: 'NavItem' is declared but never used.
src/features/marketing/segments/SegmentBuilder.tsx(11,1): error TS6133: 'Database' is declared but its value is never read.
src/features/marketing/segments/SegmentBuilder.tsx(21,11): error TS6196: 'Segment' is declared but never used.
src/features/marketing/sequences/SequenceBuilder.tsx(3,55): error TS2307: Cannot find module 'react-beautiful-dnd' or its corresponding type declarations.
src/features/marketing/sequences/SequenceBuilder.tsx(4,21): error TS6133: 'Plus' is declared but its value is never read.
src/features/marketing/sequences/SequenceBuilder.tsx(10,1): error TS6192: All imports in import declaration are unused.
src/features/marketing/sequences/SequenceBuilder.tsx(202,21): error TS7006: Parameter 'provided' implicitly has an 'any' type.
src/features/marketing/sequences/SequenceBuilder.tsx(212,31): error TS7006: Parameter 'provided' implicitly has an 'any' type.
src/features/marketing/sms/SMSBuilder.tsx(6,28): error TS6133: 'truncateForSMS' is declared but its value is never read.
src/features/marketing/sms/SMSBuilder.tsx(14,6): error TS6196: 'Campaign' is declared but never used.
src/features/marketing/sms/SMSBuilder.tsx(24,17): error TS6133: 'campaign' is declared but its value is never read.
src/features/marketing/sms/SMSBuilder.tsx(57,19): error TS2345: Argument of type '{ name: string; organization_id: any; type: "sms"; status: "draft"; content: string; scheduled_at: string | null; }' is not assignable to parameter of type 'never'.
src/features/marketing/sms/SMSBuilder.tsx(64,19): error TS2769: No overload matches this call.
  Overload 1 of 2, '(values: never, options?: { count?: "exact" | "planned" | "estimated" | undefined; } | undefined): PostgrestFilterBuilder<{ PostgrestVersion: "12"; }, never, never, null, "marketing_campaigns", never, "POST">', gave the following error.
    Argument of type '{ name: string; organization_id: any; type: "sms"; status: "draft"; content: string; scheduled_at: string | null; }' is not assignable to parameter of type 'never'.
  Overload 2 of 2, '(values: never[], options?: { count?: "exact" | "planned" | "estimated" | undefined; defaultToNull?: boolean | undefined; } | undefined): PostgrestFilterBuilder<{ PostgrestVersion: "12"; }, never, never, null, "marketing_campaigns", never, "POST">', gave the following error.
    Argument of type '{ name: string; organization_id: any; type: "sms"; status: "draft"; content: string; scheduled_at: string | null; }' is not assignable to parameter of type 'never[]'.
      Type '{ name: string; organization_id: any; type: "sms"; status: "draft"; content: string; scheduled_at: string | null; }' is missing the following properties from type 'never[]': length, pop, push, concat, and 29 more.
src/features/marketing/sms/SMSCampaignsList.tsx(4,24): error TS6133: 'MessageSquare' is declared but its value is never read.
src/features/marketing/sms/SMSCampaignsList.tsx(4,39): error TS6133: 'Clock' is declared but its value is never read.
src/features/marketing/sms/SMSCampaignsList.tsx(33,14): error TS2339: Property 'name' does not exist on type 'never'.
src/features/marketing/sms/SMSConversations.tsx(4,1): error TS6133: 'supabase' is declared but its value is never read.
src/features/marketing/sms/SMSConversations.tsx(29,9): error TS6133: 'messages' is declared but its value is never read.
src/features/marketing/templates/TemplateEditor.tsx(4,29): error TS2307: Cannot find module '@hookform/resolvers/zod' or its corresponding type declarations.
src/features/marketing/templates/TemplateEditor.tsx(5,25): error TS2307: Cannot find module 'react-hook-form' or its corresponding type declarations.
src/features/marketing/templates/TemplateEditor.tsx(9,44): error TS6133: 'CONTACT_VARIABLES' is declared but its value is never read.
src/features/marketing/templates/TemplateEditor.tsx(19,6): error TS6196: 'Template' is declared but never used.
src/features/marketing/templates/TemplateEditor.tsx(44,10): error TS6133: 'selectedVariable' is declared but its value is never read.
src/features/marketing/templates/TemplateEditor.tsx(103,19): error TS2345: Argument of type '{ organization_id: any; variables: { name: string; defaultValue: string; }[]; name: string; type: "email" | "sms"; content: string; subject?: string | undefined; }' is not assignable to parameter of type 'never'.
src/features/marketing/templates/TemplateEditor.tsx(110,19): error TS2769: No overload matches this call.
  Overload 1 of 2, '(values: never, options?: { count?: "exact" | "planned" | "estimated" | undefined; } | undefined): PostgrestFilterBuilder<{ PostgrestVersion: "12"; }, never, never, null, "marketing_templates", never, "POST">', gave the following error.
    Argument of type '{ organization_id: any; variables: { name: string; defaultValue: string; }[]; name: string; type: "email" | "sms"; content: string; subject?: string | undefined; }' is not assignable to parameter of type 'never'.
  Overload 2 of 2, '(values: never[], options?: { count?: "exact" | "planned" | "estimated" | undefined; defaultToNull?: boolean | undefined; } | undefined): PostgrestFilterBuilder<{ PostgrestVersion: "12"; }, never, never, null, "marketing_templates", never, "POST">', gave the following error.
    Argument of type '{ organization_id: any; variables: { name: string; defaultValue: string; }[]; name: string; type: "email" | "sms"; content: string; subject?: string | undefined; }' is not assignable to parameter of type 'never[]'.
      Type '{ organization_id: any; variables: { name: string; defaultValue: string; }[]; name: string; type: "email" | "sms"; content: string; subject?: string | undefined; }' is missing the following properties from type 'never[]': length, pop, push, concat, and 29 more.
src/features/marketing/templates/TemplateEditor.tsx(214,51): error TS2339: Property 'name' does not exist on type 'never'.
src/features/marketing/templates/TemplatesList.tsx(4,24): error TS6133: 'Filter' is declared but its value is never read.
src/features/marketing/templates/TemplatesList.tsx(35,58): error TS2339: Property 'type' does not exist on type 'never'.
src/features/marketing/templates/TemplatesList.tsx(36,36): error TS2339: Property 'name' does not exist on type 'never'.
src/features/marketing/templates/TemplatesList.tsx(115,36): error TS2339: Property 'type' does not exist on type 'never'.
src/features/marketing/templates/TemplatesList.tsx(116,34): error TS2339: Property 'type' does not exist on type 'never'.
src/features/memberships/content/ContentEditor.tsx(12,1): error TS6133: 'BadgeUntitled' is declared but its value is never read.
src/features/memberships/content/ContentEditor.tsx(92,12): error TS2322: Type '{ children: Element[]; defaultValue: string; }' is not assignable to type 'IntrinsicAttributes & TabsUntitledProps & RefAttributes<HTMLDivElement>'.
  Property 'children' does not exist on type 'IntrinsicAttributes & TabsUntitledProps & RefAttributes<HTMLDivElement>'.
src/features/memberships/content/ContentEditor.tsx(93,27): error TS2339: Property 'List' does not exist on type 'ForwardRefExoticComponent<TabsUntitledProps & RefAttributes<HTMLDivElement>>'.
src/features/memberships/content/ContentEditor.tsx(94,29): error TS2339: Property 'Trigger' does not exist on type 'ForwardRefExoticComponent<TabsUntitledProps & RefAttributes<HTMLDivElement>>'.
src/features/memberships/content/ContentEditor.tsx(94,76): error TS2339: Property 'Trigger' does not exist on type 'ForwardRefExoticComponent<TabsUntitledProps & RefAttributes<HTMLDivElement>>'.
src/features/memberships/content/ContentEditor.tsx(95,29): error TS2339: Property 'Trigger' does not exist on type 'ForwardRefExoticComponent<TabsUntitledProps & RefAttributes<HTMLDivElement>>'.
src/features/memberships/content/ContentEditor.tsx(95,75): error TS2339: Property 'Trigger' does not exist on type 'ForwardRefExoticComponent<TabsUntitledProps & RefAttributes<HTMLDivElement>>'.
src/features/memberships/content/ContentEditor.tsx(96,29): error TS2339: Property 'Trigger' does not exist on type 'ForwardRefExoticComponent<TabsUntitledProps & RefAttributes<HTMLDivElement>>'.
src/features/memberships/content/ContentEditor.tsx(96,73): error TS2339: Property 'Trigger' does not exist on type 'ForwardRefExoticComponent<TabsUntitledProps & RefAttributes<HTMLDivElement>>'.
src/features/memberships/content/ContentEditor.tsx(97,29): error TS2339: Property 'Trigger' does not exist on type 'ForwardRefExoticComponent<TabsUntitledProps & RefAttributes<HTMLDivElement>>'.
src/features/memberships/content/ContentEditor.tsx(97,77): error TS2339: Property 'Trigger' does not exist on type 'ForwardRefExoticComponent<TabsUntitledProps & RefAttributes<HTMLDivElement>>'.
src/features/memberships/content/ContentEditor.tsx(98,28): error TS2339: Property 'List' does not exist on type 'ForwardRefExoticComponent<TabsUntitledProps & RefAttributes<HTMLDivElement>>'.
src/features/memberships/content/ContentEditor.tsx(100,27): error TS2339: Property 'Content' does not exist on type 'ForwardRefExoticComponent<TabsUntitledProps & RefAttributes<HTMLDivElement>>'.
src/features/memberships/content/ContentEditor.tsx(102,31): error TS2339: Property 'Header' does not exist on type 'ForwardRefExoticComponent<CardProps & RefAttributes<HTMLDivElement>>'.
src/features/memberships/content/ContentEditor.tsx(103,33): error TS2339: Property 'Title' does not exist on type 'ForwardRefExoticComponent<CardProps & RefAttributes<HTMLDivElement>>'.
src/features/memberships/content/ContentEditor.tsx(103,71): error TS2339: Property 'Title' does not exist on type 'ForwardRefExoticComponent<CardProps & RefAttributes<HTMLDivElement>>'.
src/features/memberships/content/ContentEditor.tsx(104,32): error TS2339: Property 'Header' does not exist on type 'ForwardRefExoticComponent<CardProps & RefAttributes<HTMLDivElement>>'.
src/features/memberships/content/ContentEditor.tsx(105,31): error TS2339: Property 'Content' does not exist on type 'ForwardRefExoticComponent<CardProps & RefAttributes<HTMLDivElement>>'.
src/features/memberships/content/ContentEditor.tsx(146,23): error TS2322: Type '{ id: string; label: string; value: "video" | "course" | "document" | "resource" | "live_event"; onChange: (e: ChangeEvent<HTMLInputElement>) => void; type: "select"; options: { ...; }[]; }' is not assignable to type 'IntrinsicAttributes & InputProps & RefAttributes<HTMLInputElement>'.
  Property 'options' does not exist on type 'IntrinsicAttributes & InputProps & RefAttributes<HTMLInputElement>'.
src/features/memberships/content/ContentEditor.tsx(165,32): error TS2339: Property 'Content' does not exist on type 'ForwardRefExoticComponent<CardProps & RefAttributes<HTMLDivElement>>'.
src/features/memberships/content/ContentEditor.tsx(167,28): error TS2339: Property 'Content' does not exist on type 'ForwardRefExoticComponent<TabsUntitledProps & RefAttributes<HTMLDivElement>>'.
src/features/memberships/content/ContentEditor.tsx(169,27): error TS2339: Property 'Content' does not exist on type 'ForwardRefExoticComponent<TabsUntitledProps & RefAttributes<HTMLDivElement>>'.
src/features/memberships/content/ContentEditor.tsx(171,31): error TS2339: Property 'Header' does not exist on type 'ForwardRefExoticComponent<CardProps & RefAttributes<HTMLDivElement>>'.
src/features/memberships/content/ContentEditor.tsx(172,33): error TS2339: Property 'Title' does not exist on type 'ForwardRefExoticComponent<CardProps & RefAttributes<HTMLDivElement>>'.
src/features/memberships/content/ContentEditor.tsx(172,69): error TS2339: Property 'Title' does not exist on type 'ForwardRefExoticComponent<CardProps & RefAttributes<HTMLDivElement>>'.
src/features/memberships/content/ContentEditor.tsx(173,32): error TS2339: Property 'Header' does not exist on type 'ForwardRefExoticComponent<CardProps & RefAttributes<HTMLDivElement>>'.
src/features/memberships/content/ContentEditor.tsx(174,31): error TS2339: Property 'Content' does not exist on type 'ForwardRefExoticComponent<CardProps & RefAttributes<HTMLDivElement>>'.
src/features/memberships/content/ContentEditor.tsx(223,32): error TS2339: Property 'Content' does not exist on type 'ForwardRefExoticComponent<CardProps & RefAttributes<HTMLDivElement>>'.
src/features/memberships/content/ContentEditor.tsx(225,28): error TS2339: Property 'Content' does not exist on type 'ForwardRefExoticComponent<TabsUntitledProps & RefAttributes<HTMLDivElement>>'.
src/features/memberships/content/ContentEditor.tsx(227,27): error TS2339: Property 'Content' does not exist on type 'ForwardRefExoticComponent<TabsUntitledProps & RefAttributes<HTMLDivElement>>'.
src/features/memberships/content/ContentEditor.tsx(229,31): error TS2339: Property 'Header' does not exist on type 'ForwardRefExoticComponent<CardProps & RefAttributes<HTMLDivElement>>'.
src/features/memberships/content/ContentEditor.tsx(230,33): error TS2339: Property 'Title' does not exist on type 'ForwardRefExoticComponent<CardProps & RefAttributes<HTMLDivElement>>'.
src/features/memberships/content/ContentEditor.tsx(230,68): error TS2339: Property 'Title' does not exist on type 'ForwardRefExoticComponent<CardProps & RefAttributes<HTMLDivElement>>'.
src/features/memberships/content/ContentEditor.tsx(231,32): error TS2339: Property 'Header' does not exist on type 'ForwardRefExoticComponent<CardProps & RefAttributes<HTMLDivElement>>'.
src/features/memberships/content/ContentEditor.tsx(232,31): error TS2339: Property 'Content' does not exist on type 'ForwardRefExoticComponent<CardProps & RefAttributes<HTMLDivElement>>'.
src/features/memberships/content/ContentEditor.tsx(240,23): error TS2322: Type '{ id: string; label: string; value: string; onChange: (e: ChangeEvent<HTMLInputElement>) => void; type: "select"; options: { value: string; label: string; }[]; }' is not assignable to type 'IntrinsicAttributes & InputProps & RefAttributes<HTMLInputElement>'.
  Property 'options' does not exist on type 'IntrinsicAttributes & InputProps & RefAttributes<HTMLInputElement>'.
src/features/memberships/content/ContentEditor.tsx(275,32): error TS2339: Property 'Content' does not exist on type 'ForwardRefExoticComponent<CardProps & RefAttributes<HTMLDivElement>>'.
src/features/memberships/content/ContentEditor.tsx(277,28): error TS2339: Property 'Content' does not exist on type 'ForwardRefExoticComponent<TabsUntitledProps & RefAttributes<HTMLDivElement>>'.
src/features/memberships/content/ContentEditor.tsx(279,27): error TS2339: Property 'Content' does not exist on type 'ForwardRefExoticComponent<TabsUntitledProps & RefAttributes<HTMLDivElement>>'.
src/features/memberships/content/ContentEditor.tsx(281,31): error TS2339: Property 'Header' does not exist on type 'ForwardRefExoticComponent<CardProps & RefAttributes<HTMLDivElement>>'.
src/features/memberships/content/ContentEditor.tsx(282,33): error TS2339: Property 'Title' does not exist on type 'ForwardRefExoticComponent<CardProps & RefAttributes<HTMLDivElement>>'.
src/features/memberships/content/ContentEditor.tsx(282,74): error TS2339: Property 'Title' does not exist on type 'ForwardRefExoticComponent<CardProps & RefAttributes<HTMLDivElement>>'.
src/features/memberships/content/ContentEditor.tsx(283,32): error TS2339: Property 'Header' does not exist on type 'ForwardRefExoticComponent<CardProps & RefAttributes<HTMLDivElement>>'.
src/features/memberships/content/ContentEditor.tsx(284,31): error TS2339: Property 'Content' does not exist on type 'ForwardRefExoticComponent<CardProps & RefAttributes<HTMLDivElement>>'.
src/features/memberships/content/ContentEditor.tsx(297,32): error TS2339: Property 'Content' does not exist on type 'ForwardRefExoticComponent<CardProps & RefAttributes<HTMLDivElement>>'.
src/features/memberships/content/ContentEditor.tsx(299,28): error TS2339: Property 'Content' does not exist on type 'ForwardRefExoticComponent<TabsUntitledProps & RefAttributes<HTMLDivElement>>'.
src/features/memberships/content/ContentEditor.tsx(303,43): error TS2322: Type '"outline"' is not assignable to type '"link" | "destructive" | "secondary" | "ghost" | "primary" | "tertiary" | "destructive-secondary" | null | undefined'.
src/features/memberships/content/ContentLibrary.tsx(7,24): error TS6133: 'Filter' is declared but its value is never read.
src/features/memberships/content/ContentLibrary.tsx(7,60): error TS6133: 'Video' is declared but its value is never read.
src/features/memberships/content/ContentLibrary.tsx(35,9): error TS2339: Property 'title' does not exist on type 'never'.
src/features/memberships/content/ContentLibrary.tsx(36,9): error TS2339: Property 'description' does not exist on type 'never'.
src/features/memberships/content/ContentLibrary.tsx(77,27): error TS2339: Property 'Content' does not exist on type 'ForwardRefExoticComponent<CardProps & RefAttributes<HTMLDivElement>>'.
src/features/memberships/content/ContentLibrary.tsx(80,28): error TS2339: Property 'Content' does not exist on type 'ForwardRefExoticComponent<CardProps & RefAttributes<HTMLDivElement>>'.
src/features/memberships/content/ContentLibrary.tsx(83,27): error TS2339: Property 'Content' does not exist on type 'ForwardRefExoticComponent<CardProps & RefAttributes<HTMLDivElement>>'.
src/features/memberships/content/ContentLibrary.tsx(86,28): error TS2339: Property 'Content' does not exist on type 'ForwardRefExoticComponent<CardProps & RefAttributes<HTMLDivElement>>'.
src/features/memberships/content/ContentLibrary.tsx(89,27): error TS2339: Property 'Content' does not exist on type 'ForwardRefExoticComponent<CardProps & RefAttributes<HTMLDivElement>>'.
src/features/memberships/content/ContentLibrary.tsx(92,28): error TS2339: Property 'Content' does not exist on type 'ForwardRefExoticComponent<CardProps & RefAttributes<HTMLDivElement>>'.
src/features/memberships/content/ContentLibrary.tsx(95,27): error TS2339: Property 'Content' does not exist on type 'ForwardRefExoticComponent<CardProps & RefAttributes<HTMLDivElement>>'.
src/features/memberships/content/ContentLibrary.tsx(98,28): error TS2339: Property 'Content' does not exist on type 'ForwardRefExoticComponent<CardProps & RefAttributes<HTMLDivElement>>'.
src/features/memberships/content/ContentLibrary.tsx(120,11): error TS2322: Type '{ value: string; onChange: (e: ChangeEvent<HTMLInputElement>) => void; type: "select"; options: { value: string; label: string; }[]; className: string; }' is not assignable to type 'IntrinsicAttributes & InputProps & RefAttributes<HTMLInputElement>'.
  Property 'options' does not exist on type 'IntrinsicAttributes & InputProps & RefAttributes<HTMLInputElement>'.
src/features/memberships/content/ContentLibrary.tsx(134,11): error TS2322: Type '{ value: string; onChange: (e: ChangeEvent<HTMLInputElement>) => void; type: "select"; options: { value: string; label: string; }[]; className: string; }' is not assignable to type 'IntrinsicAttributes & InputProps & RefAttributes<HTMLInputElement>'.
  Property 'options' does not exist on type 'IntrinsicAttributes & InputProps & RefAttributes<HTMLInputElement>'.
src/features/memberships/content/ContentLibrary.tsx(167,37): error TS2339: Property 'id' does not exist on type 'never'.
src/features/memberships/content/ContentLibrary.tsx(168,21): error TS2339: Property 'thumbnail_url' does not exist on type 'never'.
src/features/memberships/content/ContentLibrary.tsx(170,29): error TS2339: Property 'thumbnail_url' does not exist on type 'never'.
src/features/memberships/content/ContentLibrary.tsx(171,29): error TS2339: Property 'title' does not exist on type 'never'.
src/features/memberships/content/ContentLibrary.tsx(176,31): error TS2339: Property 'Header' does not exist on type 'ForwardRefExoticComponent<CardProps & RefAttributes<HTMLDivElement>>'.
src/features/memberships/content/ContentLibrary.tsx(179,41): error TS2339: Property 'content_type' does not exist on type 'never'.
src/features/memberships/content/ContentLibrary.tsx(180,37): error TS2339: Property 'Title' does not exist on type 'ForwardRefExoticComponent<CardProps & RefAttributes<HTMLDivElement>>'.
src/features/memberships/content/ContentLibrary.tsx(180,69): error TS2339: Property 'title' does not exist on type 'never'.
src/features/memberships/content/ContentLibrary.tsx(180,90): error TS2339: Property 'Title' does not exist on type 'ForwardRefExoticComponent<CardProps & RefAttributes<HTMLDivElement>>'.
src/features/memberships/content/ContentLibrary.tsx(183,52): error TS2339: Property 'is_published' does not exist on type 'never'.
src/features/memberships/content/ContentLibrary.tsx(184,31): error TS2339: Property 'is_published' does not exist on type 'never'.
src/features/memberships/content/ContentLibrary.tsx(186,62): error TS2339: Property 'access_tier' does not exist on type 'never'.
src/features/memberships/content/ContentLibrary.tsx(189,25): error TS2339: Property 'description' does not exist on type 'never'.
src/features/memberships/content/ContentLibrary.tsx(191,29): error TS2339: Property 'description' does not exist on type 'never'.
src/features/memberships/content/ContentLibrary.tsx(194,32): error TS2339: Property 'Header' does not exist on type 'ForwardRefExoticComponent<CardProps & RefAttributes<HTMLDivElement>>'.
src/features/memberships/content/ContentLibrary.tsx(195,31): error TS2339: Property 'Content' does not exist on type 'ForwardRefExoticComponent<CardProps & RefAttributes<HTMLDivElement>>'.
src/features/memberships/content/ContentLibrary.tsx(197,33): error TS2339: Property 'content_type' does not exist on type 'never'.
src/features/memberships/content/ContentLibrary.tsx(198,27): error TS2339: Property 'video_duration_seconds' does not exist on type 'never'.
src/features/memberships/content/ContentLibrary.tsx(199,46): error TS2339: Property 'video_duration_seconds' does not exist on type 'never'.
src/features/memberships/content/ContentLibrary.tsx(201,33): error TS2339: Property 'views' does not exist on type 'never'.
src/features/memberships/content/ContentLibrary.tsx(203,32): error TS2339: Property 'Content' does not exist on type 'ForwardRefExoticComponent<CardProps & RefAttributes<HTMLDivElement>>'.
src/features/memberships/content/ContentLibrary.tsx(205,29): error TS2339: Property 'Footer' does not exist on type 'ForwardRefExoticComponent<CardProps & RefAttributes<HTMLDivElement>>'.
src/features/memberships/content/ContentLibrary.tsx(208,21): error TS2322: Type '"outline"' is not assignable to type '"link" | "destructive" | "secondary" | "ghost" | "primary" | "tertiary" | "destructive-secondary" | null | undefined'.
src/features/memberships/content/ContentLibrary.tsx(219,21): error TS2322: Type '"outline"' is not assignable to type '"link" | "destructive" | "secondary" | "ghost" | "primary" | "tertiary" | "destructive-secondary" | null | undefined'.
src/features/memberships/content/ContentLibrary.tsx(221,61): error TS2339: Property 'id' does not exist on type 'never'.
src/features/memberships/content/ContentLibrary.tsx(221,70): error TS2339: Property 'is_published' does not exist on type 'never'.
src/features/memberships/content/ContentLibrary.tsx(223,27): error TS2339: Property 'is_published' does not exist on type 'never'.
src/features/memberships/content/ContentLibrary.tsx(226,30): error TS2339: Property 'Footer' does not exist on type 'ForwardRefExoticComponent<CardProps & RefAttributes<HTMLDivElement>>'.
src/features/memberships/hooks/useMemberAccess.ts(116,17): error TS2345: Argument of type '{ access_type: "full" | "preview" | "none"; }' is not assignable to parameter of type 'never'.
src/features/memberships/hooks/useMemberAccess.ts(176,10): error TS2769: No overload matches this call.
  Overload 1 of 2, '(values: never, options?: { onConflict?: string | undefined; ignoreDuplicates?: boolean | undefined; count?: "exact" | "planned" | "estimated" | undefined; } | undefined): PostgrestFilterBuilder<{ ...; }, ... 5 more ..., "POST">', gave the following error.
    Argument of type '{ access_id: string; lesson_id: string; status: "in_progress" | "completed" | "not_started"; last_position_seconds: number; time_spent_seconds: number; started_at: string | null; completed_at: string | null; }' is not assignable to parameter of type 'never'.
  Overload 2 of 2, '(values: never[], options?: { onConflict?: string | undefined; ignoreDuplicates?: boolean | undefined; count?: "exact" | "planned" | "estimated" | undefined; defaultToNull?: boolean | undefined; } | undefined): PostgrestFilterBuilder<...>', gave the following error.
    Object literal may only specify known properties, and 'access_id' does not exist in type 'never[]'.
src/features/memberships/hooks/useMemberAccess.ts(215,17): error TS2345: Argument of type '{ bookmarked_at: string | null; }' is not assignable to parameter of type 'never'.
src/features/memberships/hooks/useMemberAccess.ts(249,17): error TS2345: Argument of type '{ notes: string; }' is not assignable to parameter of type 'never'.
src/features/memberships/hooks/useMemberAccess.ts(399,46): error TS2339: Property 'is_completed' does not exist on type 'never'.
src/features/memberships/hooks/useMemberAccess.ts(400,47): error TS2339: Property 'progress_percent' does not exist on type 'never'.
src/features/memberships/hooks/useMemberAccess.ts(400,74): error TS2339: Property 'is_completed' does not exist on type 'never'.
src/features/memberships/hooks/useMemberAccess.ts(401,47): error TS2339: Property 'progress_percent' does not exist on type 'never'.
src/features/memberships/hooks/useMemberAccess.ts(402,63): error TS2339: Property 'total_time_spent_seconds' does not exist on type 'never'.
src/features/memberships/hooks/useMemberAccess.ts(404,43): error TS2339: Property 'progress_percent' does not exist on type 'never'.
src/features/memberships/hooks/useMembershipContent.ts(42,47): error TS2769: No overload matches this call.
  Overload 1 of 2, '(column: "parent_content_id", value: never): PostgrestFilterBuilder<{ PostgrestVersion: "12"; }, never, never, never[], "membership_content", never, "GET">', gave the following error.
    Argument of type 'string | null' is not assignable to parameter of type 'never'.
      Type 'null' is not assignable to type 'never'.
  Overload 2 of 2, '(column: string, value: boolean | null): PostgrestFilterBuilder<{ PostgrestVersion: "12"; }, never, never, never[], "membership_content", never, "GET">', gave the following error.
    Argument of type 'string | null' is not assignable to parameter of type 'boolean | null'.
      Type 'string' is not assignable to type 'boolean | null'.
src/features/memberships/hooks/useMembershipContent.ts(184,17): error TS2339: Property 'id' does not exist on type 'never'.
src/features/memberships/hooks/useMembershipContent.ts(186,38): error TS2339: Property 'id' does not exist on type 'never'.
src/features/memberships/hooks/useMembershipContent.ts(260,19): error TS2345: Argument of type '{ order_index: number; }' is not assignable to parameter of type 'never'.
src/features/memberships/hooks/useMembershipContent.ts(301,17): error TS2345: Argument of type '{ is_published: boolean; published_at: string | null; }' is not assignable to parameter of type 'never'.
src/features/memberships/hooks/useMembershipContent.ts(343,46): error TS2339: Property 'is_published' does not exist on type 'never'.
src/features/memberships/hooks/useMembershipContent.ts(344,44): error TS2339: Property 'is_published' does not exist on type 'never'.
src/features/memberships/hooks/useMembershipContent.ts(345,59): error TS2339: Property 'views' does not exist on type 'never'.
src/features/memberships/hooks/useMembershipContent.ts(346,59): error TS2339: Property 'likes' does not exist on type 'never'.
src/features/memberships/hooks/useMembershipContent.ts(349,15): error TS2339: Property 'content_type' does not exist on type 'never'.
src/features/memberships/hooks/useMembershipContent.ts(349,38): error TS2339: Property 'content_type' does not exist on type 'never'.
src/features/memberships/hooks/useMembershipContent.ts(471,10): error TS2769: No overload matches this call.
  Overload 1 of 2, '(values: never, options?: { count?: "exact" | "planned" | "estimated" | undefined; } | undefined): PostgrestFilterBuilder<{ PostgrestVersion: "12"; }, never, never, null, "membership_certificates", never, "POST">', gave the following error.
    Argument of type '{ organization_id: string; subscription_id: string; content_id: string; user_id: string; certificate_number: string; recipient_name: any; course_name: any; completed_at: string; verification_token: string; }' is not assignable to parameter of type 'never'.
  Overload 2 of 2, '(values: never[], options?: { count?: "exact" | "planned" | "estimated" | undefined; defaultToNull?: boolean | undefined; } | undefined): PostgrestFilterBuilder<{ PostgrestVersion: "12"; }, never, never, null, "membership_certificates", never, "POST">', gave the following error.
    Object literal may only specify known properties, and 'organization_id' does not exist in type 'never[]'.
src/features/memberships/hooks/useMembershipContent.ts(477,32): error TS2339: Property 'data' does not exist on type 'never'.
src/features/memberships/hooks/useMembershipContent.ts(478,32): error TS2339: Property 'data' does not exist on type 'never'.
src/features/memberships/hooks/useMemberships.ts(7,10): error TS6133: 'checkContentAccess' is declared but its value is never read.
src/features/memberships/hooks/useMemberships.ts(8,33): error TS6133: 'buildContentTree' is declared but its value is never read.
src/features/memberships/hooks/useMemberships.ts(8,51): error TS6133: 'calculateCourseProgress' is declared but its value is never read.
src/features/memberships/hooks/useMemberships.ts(168,17): error TS6133: 'data' is declared but its value is never read.
src/features/memberships/hooks/useMemberships.ts(186,17): error TS2345: Argument of type '{ status: string; }' is not assignable to parameter of type 'never'.
src/features/memberships/hooks/useMemberships.ts(216,17): error TS2345: Argument of type 'any' is not assignable to parameter of type 'never'.
src/features/memberships/hooks/useMemberships.ts(224,20): error TS6133: 'variables' is declared but its value is never read.
src/features/memberships/hooks/useMemberships.ts(245,17): error TS2345: Argument of type '{ cancel_at_period_end: boolean; cancelled_at: string; }' is not assignable to parameter of type 'never'.
src/features/memberships/hooks/useMemberships.ts(284,43): error TS2339: Property 'status' does not exist on type 'never'.
src/features/memberships/hooks/useMemberships.ts(285,45): error TS2339: Property 'status' does not exist on type 'never'.
src/features/memberships/hooks/useMemberships.ts(286,46): error TS2339: Property 'status' does not exist on type 'never'.
src/features/memberships/hooks/useMemberships.ts(288,26): error TS2339: Property 'status' does not exist on type 'never'.
src/features/memberships/hooks/useMemberships.ts(288,51): error TS2339: Property 'billing_interval' does not exist on type 'never'.
src/features/memberships/hooks/useMemberships.ts(289,38): error TS2339: Property 'price' does not exist on type 'never'.
src/features/memberships/hooks/useMemberships.ts(291,26): error TS2339: Property 'status' does not exist on type 'never'.
src/features/memberships/hooks/useMemberships.ts(291,51): error TS2339: Property 'billing_interval' does not exist on type 'never'.
src/features/memberships/hooks/useMemberships.ts(292,38): error TS2339: Property 'price' does not exist on type 'never'.
src/features/memberships/hooks/useMemberships.ts(349,17): error TS2345: Argument of type '{ progress_percent: number; is_completed: boolean; completed_at: string | null; last_accessed_at: string; }' is not assignable to parameter of type 'never'.
src/features/memberships/lib/access.ts(49,15): error TS2339: Property 'access_tier' does not exist on type 'never'.
src/features/memberships/lib/access.ts(49,50): error TS2339: Property 'require_subscription' does not exist on type 'never'.
src/features/memberships/lib/access.ts(70,29): error TS2339: Property 'plan' does not exist on type 'never'.
src/features/memberships/lib/access.ts(71,45): error TS2339: Property 'access_tier' does not exist on type 'never'.
src/features/memberships/lib/access.ts(73,17): error TS2339: Property 'drip_delay_days' does not exist on type 'never'.
src/features/memberships/lib/access.ts(74,55): error TS2339: Property 'started_at' does not exist on type 'never'.
src/features/memberships/lib/access.ts(76,59): error TS2339: Property 'drip_delay_days' does not exist on type 'never'.
src/features/memberships/lib/access.ts(83,43): error TS2339: Property 'drip_delay_days' does not exist on type 'never'.
src/features/memberships/lib/access.ts(95,41): error TS2339: Property 'id' does not exist on type 'never'.
src/features/memberships/lib/access.ts(99,15): error TS2339: Property 'access_type' does not exist on type 'never'.
src/features/memberships/lib/access.ts(113,77): error TS2345: Argument of type '{ p_user_id: string; p_organization_id: string; }' is not assignable to parameter of type 'undefined'.
src/features/memberships/lib/access.ts(136,6): error TS2769: No overload matches this call.
  Overload 1 of 2, '(values: never, options?: { onConflict?: string | undefined; ignoreDuplicates?: boolean | undefined; count?: "exact" | "planned" | "estimated" | undefined; } | undefined): PostgrestFilterBuilder<{ ...; }, ... 5 more ..., "POST">', gave the following error.
    Argument of type '{ subscription_id: string; content_id: string; access_type: "full" | "preview"; }' is not assignable to parameter of type 'never'.
  Overload 2 of 2, '(values: never[], options?: { onConflict?: string | undefined; ignoreDuplicates?: boolean | undefined; count?: "exact" | "planned" | "estimated" | undefined; defaultToNull?: boolean | undefined; } | undefined): PostgrestFilterBuilder<...>', gave the following error.
    Object literal may only specify known properties, and 'subscription_id' does not exist in type 'never[]'.
src/features/memberships/lib/access.ts(162,13): error TS2345: Argument of type '{ progress_percent: number; is_completed: boolean; completed_at: string | null; last_accessed_at: string; }' is not assignable to parameter of type 'never'.
src/features/memberships/lib/access.ts(208,41): error TS2339: Property 'plan' does not exist on type 'never'.
src/features/memberships/lib/access.ts(209,45): error TS2339: Property 'price' does not exist on type 'never'.
src/features/memberships/lib/content.ts(146,28): error TS2339: Property 'children' does not exist on type 'never'.
src/features/memberships/lib/content.ts(154,33): error TS2339: Property 'content_id' does not exist on type 'never'.
src/features/memberships/lib/content.ts(157,38): error TS2339: Property 'children' does not exist on type 'never'.
src/features/memberships/lib/content.ts(159,43): error TS2339: Property 'progress_percent' does not exist on type 'never'.
src/features/memberships/lib/content.ts(160,47): error TS2339: Property 'is_completed' does not exist on type 'never'.
src/features/memberships/lib/content.ts(164,5): error TS2698: Spread types may only be created from object types.
src/features/memberships/lib/content.ts(168,37): error TS2339: Property 'is_completed' does not exist on type 'never'.
src/features/memberships/lib/content.ts(168,64): error TS2339: Property 'content_id' does not exist on type 'never'.
src/features/memberships/lib/content.ts(183,15): error TS2345: Argument of type '{ order_index: number; }' is not assignable to parameter of type 'never'.
src/features/memberships/lib/content.ts(217,6): error TS2769: No overload matches this call.
  Overload 1 of 2, '(values: never, options?: { count?: "exact" | "planned" | "estimated" | undefined; } | undefined): PostgrestFilterBuilder<{ PostgrestVersion: "12"; }, never, never, null, "membership_content", never, "POST">', gave the following error.
    Argument of type '{ organization_id: string; content_type: any; parent_content_id: any; title: string; slug: string; description: any; content_body: any; thumbnail_url: any; video_url: any; video_duration_seconds: any; ... 6 more ...; is_published: boolean; }' is not assignable to parameter of type 'never'.
  Overload 2 of 2, '(values: never[], options?: { count?: "exact" | "planned" | "estimated" | undefined; defaultToNull?: boolean | undefined; } | undefined): PostgrestFilterBuilder<{ PostgrestVersion: "12"; }, never, never, null, "membership_content", never, "POST">', gave the following error.
    Object literal may only specify known properties, and 'organization_id' does not exist in type 'never[]'.
src/features/memberships/lib/content.ts(219,30): error TS2339: Property 'content_type' does not exist on type 'never'.
src/features/memberships/lib/content.ts(220,35): error TS2339: Property 'parent_content_id' does not exist on type 'never'.
src/features/memberships/lib/content.ts(221,26): error TS2339: Property 'title' does not exist on type 'never'.
src/features/memberships/lib/content.ts(222,25): error TS2339: Property 'slug' does not exist on type 'never'.
src/features/memberships/lib/content.ts(223,29): error TS2339: Property 'description' does not exist on type 'never'.
src/features/memberships/lib/content.ts(224,30): error TS2339: Property 'content_body' does not exist on type 'never'.
src/features/memberships/lib/content.ts(225,31): error TS2339: Property 'thumbnail_url' does not exist on type 'never'.
src/features/memberships/lib/content.ts(226,27): error TS2339: Property 'video_url' does not exist on type 'never'.
src/features/memberships/lib/content.ts(227,40): error TS2339: Property 'video_duration_seconds' does not exist on type 'never'.
src/features/memberships/lib/content.ts(228,26): error TS2339: Property 'file_url' does not exist on type 'never'.
src/features/memberships/lib/content.ts(229,33): error TS2339: Property 'file_size_bytes' does not exist on type 'never'.
src/features/memberships/lib/content.ts(230,29): error TS2339: Property 'access_tier' does not exist on type 'never'.
src/features/memberships/lib/content.ts(231,38): error TS2339: Property 'require_subscription' does not exist on type 'never'.
src/features/memberships/lib/content.ts(232,33): error TS2339: Property 'drip_delay_days' does not exist on type 'never'.
src/features/memberships/lib/content.ts(233,26): error TS2339: Property 'settings' does not exist on type 'never'.
src/features/memberships/lib/content.ts(244,16): error TS2339: Property 'content_type' does not exist on type 'never'.
src/features/memberships/lib/content.ts(252,51): error TS2769: No overload matches this call.
  Overload 1 of 2, '(values: never, options?: { count?: "exact" | "planned" | "estimated" | undefined; } | undefined): PostgrestFilterBuilder<{ PostgrestVersion: "12"; }, never, never, null, "membership_content", never, "POST">', gave the following error.
    Argument of type '{ organization_id: string; content_type: any; parent_content_id: any; title: any; slug: string; description: any; content_body: any; video_url: any; video_duration_seconds: any; access_tier: any; drip_delay_days: any; settings: any; order_index: any; is_published: boolean; }' is not assignable to parameter of type 'never'.
  Overload 2 of 2, '(values: never[], options?: { count?: "exact" | "planned" | "estimated" | undefined; defaultToNull?: boolean | undefined; } | undefined): PostgrestFilterBuilder<{ PostgrestVersion: "12"; }, never, never, null, "membership_content", never, "POST">', gave the following error.
    Object literal may only specify known properties, and 'organization_id' does not exist in type 'never[]'.
src/features/memberships/lib/content.ts(254,31): error TS2339: Property 'content_type' does not exist on type 'never'.
src/features/memberships/lib/content.ts(255,40): error TS2339: Property 'id' does not exist on type 'never'.
src/features/memberships/lib/content.ts(256,24): error TS2339: Property 'title' does not exist on type 'never'.
src/features/memberships/lib/content.ts(257,26): error TS2339: Property 'slug' does not exist on type 'never'.
src/features/memberships/lib/content.ts(258,30): error TS2339: Property 'description' does not exist on type 'never'.
src/features/memberships/lib/content.ts(259,31): error TS2339: Property 'content_body' does not exist on type 'never'.
src/features/memberships/lib/content.ts(260,28): error TS2339: Property 'video_url' does not exist on type 'never'.
src/features/memberships/lib/content.ts(261,41): error TS2339: Property 'video_duration_seconds' does not exist on type 'never'.
src/features/memberships/lib/content.ts(262,30): error TS2339: Property 'access_tier' does not exist on type 'never'.
src/features/memberships/lib/content.ts(263,34): error TS2339: Property 'drip_delay_days' does not exist on type 'never'.
src/features/memberships/lib/content.ts(264,27): error TS2339: Property 'settings' does not exist on type 'never'.
src/features/memberships/lib/content.ts(265,30): error TS2339: Property 'order_index' does not exist on type 'never'.
src/features/memberships/lib/stripe.ts(57,13): error TS2339: Property 'stripe_price_id' does not exist on type 'never'.
src/features/memberships/lib/stripe.ts(57,37): error TS2339: Property 'price' does not exist on type 'never'.
src/features/memberships/lib/stripe.ts(68,29): error TS2339: Property 'stripe_customer_id' does not exist on type 'never'.
src/features/memberships/lib/stripe.ts(76,27): error TS2339: Property 'email' does not exist on type 'never'.
src/features/memberships/lib/stripe.ts(77,26): error TS2339: Property 'full_name' does not exist on type 'never'.
src/features/memberships/lib/stripe.ts(95,15): error TS2345: Argument of type '{ stripe_customer_id: any; }' is not assignable to parameter of type 'never'.
src/features/memberships/lib/stripe.ts(104,23): error TS2339: Property 'stripe_price_id' does not exist on type 'never'.
src/features/memberships/lib/stripe.ts(139,17): error TS2339: Property 'stripe_customer_id' does not exist on type 'never'.
src/features/memberships/lib/stripe.ts(145,27): error TS2339: Property 'stripe_customer_id' does not exist on type 'never'.
src/features/memberships/lib/stripe.ts(185,16): error TS2339: Property 'stripe_price_id' does not exist on type 'never'.
src/features/memberships/lib/stripe.ts(192,34): error TS2339: Property 'stripe_subscription_id' does not exist on type 'never'.
src/features/memberships/lib/stripe.ts(193,27): error TS2339: Property 'stripe_price_id' does not exist on type 'never'.
src/features/memberships/lib/stripe.ts(205,13): error TS2345: Argument of type '{ plan_id: string; price: any; currency: any; billing_interval: any; }' is not assignable to parameter of type 'never'.
src/features/memberships/lib/stripe.ts(207,22): error TS2339: Property 'price' does not exist on type 'never'.
src/features/memberships/lib/stripe.ts(208,25): error TS2339: Property 'currency' does not exist on type 'never'.
src/features/memberships/lib/stripe.ts(209,33): error TS2339: Property 'billing_interval' does not exist on type 'never'.
src/features/memberships/lib/stripe.ts(233,36): error TS2339: Property 'stripe_subscription_id' does not exist on type 'never'.
src/features/memberships/lib/stripe.ts(245,13): error TS2345: Argument of type '{ cancel_at_period_end: boolean; cancelled_at: string; }' is not assignable to parameter of type 'never'.
src/features/memberships/lib/stripe.ts(271,36): error TS2339: Property 'stripe_subscription_id' does not exist on type 'never'.
src/features/memberships/lib/stripe.ts(282,13): error TS2345: Argument of type '{ cancel_at_period_end: boolean; cancelled_at: null; }' is not assignable to parameter of type 'never'.
src/features/memberships/lib/stripe.ts(314,37): error TS2339: Property 'access_records' does not exist on type 'never'.
src/features/memberships/lib/stripe.ts(315,41): error TS2339: Property 'access_records' does not exist on type 'never'.
src/features/memberships/lib/stripe.ts(315,65): error TS7006: Parameter 'a' implicitly has an 'any' type.
src/features/memberships/lib/stripe.ts(316,39): error TS2339: Property 'access_records' does not exist on type 'never'.
src/features/memberships/lib/stripe.ts(317,6): error TS7006: Parameter 'sum' implicitly has an 'any' type.
src/features/memberships/lib/stripe.ts(317,11): error TS7006: Parameter 'a' implicitly has an 'any' type.
src/features/memberships/lib/stripe.ts(367,53): error TS2769: No overload matches this call.
  Overload 1 of 2, '(values: never, options?: { count?: "exact" | "planned" | "estimated" | undefined; } | undefined): PostgrestFilterBuilder<{ PostgrestVersion: "12"; }, never, never, null, "membership_subscriptions", never, "POST">', gave the following error.
    Argument of type '{ organization_id: any; plan_id: any; user_id: any; status: string; stripe_customer_id: any; started_at: string; }' is not assignable to parameter of type 'never'.
  Overload 2 of 2, '(values: never[], options?: { count?: "exact" | "planned" | "estimated" | undefined; defaultToNull?: boolean | undefined; } | undefined): PostgrestFilterBuilder<{ PostgrestVersion: "12"; }, never, never, null, "membership_subscriptions", never, "POST">', gave the following error.
    Object literal may only specify known properties, and 'organization_id' does not exist in type 'never[]'.
src/features/memberships/lib/stripe.ts(383,15): error TS2345: Argument of type '{ status: string; stripe_subscription_id: any; current_period_start: string; current_period_end: string; trial_start: string | null; trial_end: string | null; }' is not assignable to parameter of type 'never'.
src/features/memberships/lib/stripe.ts(400,13): error TS2345: Argument of type '{ status: any; cancel_at_period_end: any; current_period_end: string; }' is not assignable to parameter of type 'never'.
src/features/memberships/lib/stripe.ts(411,13): error TS2345: Argument of type '{ status: string; cancelled_at: string; }' is not assignable to parameter of type 'never'.
src/features/memberships/lib/stripe.ts(425,9): error TS6133: 'subscription' is declared but its value is never read.
src/features/memberships/lib/stripe.ts(427,13): error TS2345: Argument of type '{ status: string; }' is not assignable to parameter of type 'never'.
src/features/memberships/members/MemberDetails.tsx(52,32): error TS2322: Type '"secondary" | "primary" | "danger"' is not assignable to type '"error" | "neutral" | "outline" | "secondary" | "primary" | "success" | "warning" | "info" | "solid-primary" | "solid-success" | "solid-warning" | "solid-error" | "solid-info" | null | undefined'.
  Type '"danger"' is not assignable to type '"error" | "neutral" | "outline" | "secondary" | "primary" | "success" | "warning" | "info" | "solid-primary" | "solid-success" | "solid-warning" | "solid-error" | "solid-info" | null | undefined'.
src/features/memberships/members/MemberDetails.tsx(65,12): error TS2322: Type '{ children: Element[]; defaultValue: string; }' is not assignable to type 'IntrinsicAttributes & TabsUntitledProps & RefAttributes<HTMLDivElement>'.
  Property 'children' does not exist on type 'IntrinsicAttributes & TabsUntitledProps & RefAttributes<HTMLDivElement>'.
src/features/memberships/members/MemberDetails.tsx(66,27): error TS2339: Property 'List' does not exist on type 'ForwardRefExoticComponent<TabsUntitledProps & RefAttributes<HTMLDivElement>>'.
src/features/memberships/members/MemberDetails.tsx(67,29): error TS2339: Property 'Trigger' does not exist on type 'ForwardRefExoticComponent<TabsUntitledProps & RefAttributes<HTMLDivElement>>'.
src/features/memberships/members/MemberDetails.tsx(67,77): error TS2339: Property 'Trigger' does not exist on type 'ForwardRefExoticComponent<TabsUntitledProps & RefAttributes<HTMLDivElement>>'.
src/features/memberships/members/MemberDetails.tsx(68,29): error TS2339: Property 'Trigger' does not exist on type 'ForwardRefExoticComponent<TabsUntitledProps & RefAttributes<HTMLDivElement>>'.
src/features/memberships/members/MemberDetails.tsx(68,82): error TS2339: Property 'Trigger' does not exist on type 'ForwardRefExoticComponent<TabsUntitledProps & RefAttributes<HTMLDivElement>>'.
src/features/memberships/members/MemberDetails.tsx(69,29): error TS2339: Property 'Trigger' does not exist on type 'ForwardRefExoticComponent<TabsUntitledProps & RefAttributes<HTMLDivElement>>'.
src/features/memberships/members/MemberDetails.tsx(69,77): error TS2339: Property 'Trigger' does not exist on type 'ForwardRefExoticComponent<TabsUntitledProps & RefAttributes<HTMLDivElement>>'.
src/features/memberships/members/MemberDetails.tsx(70,29): error TS2339: Property 'Trigger' does not exist on type 'ForwardRefExoticComponent<TabsUntitledProps & RefAttributes<HTMLDivElement>>'.
src/features/memberships/members/MemberDetails.tsx(70,75): error TS2339: Property 'Trigger' does not exist on type 'ForwardRefExoticComponent<TabsUntitledProps & RefAttributes<HTMLDivElement>>'.
src/features/memberships/members/MemberDetails.tsx(71,29): error TS2339: Property 'Trigger' does not exist on type 'ForwardRefExoticComponent<TabsUntitledProps & RefAttributes<HTMLDivElement>>'.
src/features/memberships/members/MemberDetails.tsx(71,71): error TS2339: Property 'Trigger' does not exist on type 'ForwardRefExoticComponent<TabsUntitledProps & RefAttributes<HTMLDivElement>>'.
src/features/memberships/members/MemberDetails.tsx(72,28): error TS2339: Property 'List' does not exist on type 'ForwardRefExoticComponent<TabsUntitledProps & RefAttributes<HTMLDivElement>>'.
src/features/memberships/members/MemberDetails.tsx(75,27): error TS2339: Property 'Content' does not exist on type 'ForwardRefExoticComponent<TabsUntitledProps & RefAttributes<HTMLDivElement>>'.
src/features/memberships/members/MemberDetails.tsx(78,31): error TS2339: Property 'Header' does not exist on type 'ForwardRefExoticComponent<CardProps & RefAttributes<HTMLDivElement>>'.
src/features/memberships/members/MemberDetails.tsx(79,33): error TS2339: Property 'Title' does not exist on type 'ForwardRefExoticComponent<CardProps & RefAttributes<HTMLDivElement>>'.
src/features/memberships/members/MemberDetails.tsx(79,94): error TS2339: Property 'Title' does not exist on type 'ForwardRefExoticComponent<CardProps & RefAttributes<HTMLDivElement>>'.
src/features/memberships/members/MemberDetails.tsx(80,32): error TS2339: Property 'Header' does not exist on type 'ForwardRefExoticComponent<CardProps & RefAttributes<HTMLDivElement>>'.
src/features/memberships/members/MemberDetails.tsx(81,31): error TS2339: Property 'Content' does not exist on type 'ForwardRefExoticComponent<CardProps & RefAttributes<HTMLDivElement>>'.
src/features/memberships/members/MemberDetails.tsx(118,32): error TS2339: Property 'Content' does not exist on type 'ForwardRefExoticComponent<CardProps & RefAttributes<HTMLDivElement>>'.
src/features/memberships/members/MemberDetails.tsx(123,31): error TS2339: Property 'Header' does not exist on type 'ForwardRefExoticComponent<CardProps & RefAttributes<HTMLDivElement>>'.
src/features/memberships/members/MemberDetails.tsx(124,33): error TS2339: Property 'Title' does not exist on type 'ForwardRefExoticComponent<CardProps & RefAttributes<HTMLDivElement>>'.
src/features/memberships/members/MemberDetails.tsx(124,93): error TS2339: Property 'Title' does not exist on type 'ForwardRefExoticComponent<CardProps & RefAttributes<HTMLDivElement>>'.
src/features/memberships/members/MemberDetails.tsx(125,32): error TS2339: Property 'Header' does not exist on type 'ForwardRefExoticComponent<CardProps & RefAttributes<HTMLDivElement>>'.
src/features/memberships/members/MemberDetails.tsx(126,31): error TS2339: Property 'Content' does not exist on type 'ForwardRefExoticComponent<CardProps & RefAttributes<HTMLDivElement>>'.
src/features/memberships/members/MemberDetails.tsx(148,32): error TS2339: Property 'Content' does not exist on type 'ForwardRefExoticComponent<CardProps & RefAttributes<HTMLDivElement>>'.
src/features/memberships/members/MemberDetails.tsx(155,35): error TS2339: Property 'Content' does not exist on type 'ForwardRefExoticComponent<CardProps & RefAttributes<HTMLDivElement>>'.
src/features/memberships/members/MemberDetails.tsx(163,36): error TS2339: Property 'Content' does not exist on type 'ForwardRefExoticComponent<CardProps & RefAttributes<HTMLDivElement>>'.
src/features/memberships/members/MemberDetails.tsx(166,35): error TS2339: Property 'Content' does not exist on type 'ForwardRefExoticComponent<CardProps & RefAttributes<HTMLDivElement>>'.
src/features/memberships/members/MemberDetails.tsx(174,36): error TS2339: Property 'Content' does not exist on type 'ForwardRefExoticComponent<CardProps & RefAttributes<HTMLDivElement>>'.
src/features/memberships/members/MemberDetails.tsx(177,35): error TS2339: Property 'Content' does not exist on type 'ForwardRefExoticComponent<CardProps & RefAttributes<HTMLDivElement>>'.
src/features/memberships/members/MemberDetails.tsx(185,36): error TS2339: Property 'Content' does not exist on type 'ForwardRefExoticComponent<CardProps & RefAttributes<HTMLDivElement>>'.
src/features/memberships/members/MemberDetails.tsx(188,35): error TS2339: Property 'Content' does not exist on type 'ForwardRefExoticComponent<CardProps & RefAttributes<HTMLDivElement>>'.
src/features/memberships/members/MemberDetails.tsx(196,36): error TS2339: Property 'Content' does not exist on type 'ForwardRefExoticComponent<CardProps & RefAttributes<HTMLDivElement>>'.
src/features/memberships/members/MemberDetails.tsx(200,28): error TS2339: Property 'Content' does not exist on type 'ForwardRefExoticComponent<TabsUntitledProps & RefAttributes<HTMLDivElement>>'.
src/features/memberships/members/MemberDetails.tsx(203,27): error TS2339: Property 'Content' does not exist on type 'ForwardRefExoticComponent<TabsUntitledProps & RefAttributes<HTMLDivElement>>'.
src/features/memberships/members/MemberDetails.tsx(247,28): error TS2339: Property 'Content' does not exist on type 'ForwardRefExoticComponent<TabsUntitledProps & RefAttributes<HTMLDivElement>>'.
src/features/memberships/members/MemberDetails.tsx(250,27): error TS2339: Property 'Content' does not exist on type 'ForwardRefExoticComponent<TabsUntitledProps & RefAttributes<HTMLDivElement>>'.
src/features/memberships/members/MemberDetails.tsx(252,31): error TS2339: Property 'Content' does not exist on type 'ForwardRefExoticComponent<CardProps & RefAttributes<HTMLDivElement>>'.
src/features/memberships/members/MemberDetails.tsx(288,32): error TS2339: Property 'Content' does not exist on type 'ForwardRefExoticComponent<CardProps & RefAttributes<HTMLDivElement>>'.
src/features/memberships/members/MemberDetails.tsx(290,28): error TS2339: Property 'Content' does not exist on type 'ForwardRefExoticComponent<TabsUntitledProps & RefAttributes<HTMLDivElement>>'.
src/features/memberships/members/MemberDetails.tsx(293,27): error TS2339: Property 'Content' does not exist on type 'ForwardRefExoticComponent<TabsUntitledProps & RefAttributes<HTMLDivElement>>'.
src/features/memberships/members/MemberDetails.tsx(295,31): error TS2339: Property 'Header' does not exist on type 'ForwardRefExoticComponent<CardProps & RefAttributes<HTMLDivElement>>'.
src/features/memberships/members/MemberDetails.tsx(296,33): error TS2339: Property 'Title' does not exist on type 'ForwardRefExoticComponent<CardProps & RefAttributes<HTMLDivElement>>'.
src/features/memberships/members/MemberDetails.tsx(296,93): error TS2339: Property 'Title' does not exist on type 'ForwardRefExoticComponent<CardProps & RefAttributes<HTMLDivElement>>'.
src/features/memberships/members/MemberDetails.tsx(297,32): error TS2339: Property 'Header' does not exist on type 'ForwardRefExoticComponent<CardProps & RefAttributes<HTMLDivElement>>'.
src/features/memberships/members/MemberDetails.tsx(298,31): error TS2339: Property 'Content' does not exist on type 'ForwardRefExoticComponent<CardProps & RefAttributes<HTMLDivElement>>'.
src/features/memberships/members/MemberDetails.tsx(339,32): error TS2339: Property 'Content' does not exist on type 'ForwardRefExoticComponent<CardProps & RefAttributes<HTMLDivElement>>'.
src/features/memberships/members/MemberDetails.tsx(341,28): error TS2339: Property 'Content' does not exist on type 'ForwardRefExoticComponent<TabsUntitledProps & RefAttributes<HTMLDivElement>>'.
src/features/memberships/members/MemberDetails.tsx(344,27): error TS2339: Property 'Content' does not exist on type 'ForwardRefExoticComponent<TabsUntitledProps & RefAttributes<HTMLDivElement>>'.
src/features/memberships/members/MemberDetails.tsx(346,31): error TS2339: Property 'Header' does not exist on type 'ForwardRefExoticComponent<CardProps & RefAttributes<HTMLDivElement>>'.
src/features/memberships/members/MemberDetails.tsx(347,33): error TS2339: Property 'Title' does not exist on type 'ForwardRefExoticComponent<CardProps & RefAttributes<HTMLDivElement>>'.
src/features/memberships/members/MemberDetails.tsx(347,88): error TS2339: Property 'Title' does not exist on type 'ForwardRefExoticComponent<CardProps & RefAttributes<HTMLDivElement>>'.
src/features/memberships/members/MemberDetails.tsx(348,32): error TS2339: Property 'Header' does not exist on type 'ForwardRefExoticComponent<CardProps & RefAttributes<HTMLDivElement>>'.
src/features/memberships/members/MemberDetails.tsx(349,31): error TS2339: Property 'Content' does not exist on type 'ForwardRefExoticComponent<CardProps & RefAttributes<HTMLDivElement>>'.
src/features/memberships/members/MemberDetails.tsx(361,32): error TS2339: Property 'Content' does not exist on type 'ForwardRefExoticComponent<CardProps & RefAttributes<HTMLDivElement>>'.
src/features/memberships/members/MemberDetails.tsx(363,28): error TS2339: Property 'Content' does not exist on type 'ForwardRefExoticComponent<TabsUntitledProps & RefAttributes<HTMLDivElement>>'.
src/features/memberships/members/MemberProgress.tsx(32,25): error TS2339: Property 'Header' does not exist on type 'ForwardRefExoticComponent<CardProps & RefAttributes<HTMLDivElement>>'.
src/features/memberships/members/MemberProgress.tsx(33,27): error TS2339: Property 'Title' does not exist on type 'ForwardRefExoticComponent<CardProps & RefAttributes<HTMLDivElement>>'.
src/features/memberships/members/MemberProgress.tsx(36,28): error TS2339: Property 'Title' does not exist on type 'ForwardRefExoticComponent<CardProps & RefAttributes<HTMLDivElement>>'.
src/features/memberships/members/MemberProgress.tsx(37,26): error TS2339: Property 'Header' does not exist on type 'ForwardRefExoticComponent<CardProps & RefAttributes<HTMLDivElement>>'.
src/features/memberships/members/MemberProgress.tsx(38,25): error TS2339: Property 'Content' does not exist on type 'ForwardRefExoticComponent<CardProps & RefAttributes<HTMLDivElement>>'.
src/features/memberships/members/MemberProgress.tsx(44,26): error TS2339: Property 'Content' does not exist on type 'ForwardRefExoticComponent<CardProps & RefAttributes<HTMLDivElement>>'.
src/features/memberships/members/MemberProgress.tsx(48,25): error TS2339: Property 'Header' does not exist on type 'ForwardRefExoticComponent<CardProps & RefAttributes<HTMLDivElement>>'.
src/features/memberships/members/MemberProgress.tsx(49,27): error TS2339: Property 'Title' does not exist on type 'ForwardRefExoticComponent<CardProps & RefAttributes<HTMLDivElement>>'.
src/features/memberships/members/MemberProgress.tsx(52,28): error TS2339: Property 'Title' does not exist on type 'ForwardRefExoticComponent<CardProps & RefAttributes<HTMLDivElement>>'.
src/features/memberships/members/MemberProgress.tsx(53,26): error TS2339: Property 'Header' does not exist on type 'ForwardRefExoticComponent<CardProps & RefAttributes<HTMLDivElement>>'.
src/features/memberships/members/MemberProgress.tsx(54,25): error TS2339: Property 'Content' does not exist on type 'ForwardRefExoticComponent<CardProps & RefAttributes<HTMLDivElement>>'.
src/features/memberships/members/MemberProgress.tsx(59,26): error TS2339: Property 'Content' does not exist on type 'ForwardRefExoticComponent<CardProps & RefAttributes<HTMLDivElement>>'.
src/features/memberships/members/MemberProgress.tsx(63,25): error TS2339: Property 'Header' does not exist on type 'ForwardRefExoticComponent<CardProps & RefAttributes<HTMLDivElement>>'.
src/features/memberships/members/MemberProgress.tsx(64,27): error TS2339: Property 'Title' does not exist on type 'ForwardRefExoticComponent<CardProps & RefAttributes<HTMLDivElement>>'.
src/features/memberships/members/MemberProgress.tsx(67,28): error TS2339: Property 'Title' does not exist on type 'ForwardRefExoticComponent<CardProps & RefAttributes<HTMLDivElement>>'.
src/features/memberships/members/MemberProgress.tsx(68,26): error TS2339: Property 'Header' does not exist on type 'ForwardRefExoticComponent<CardProps & RefAttributes<HTMLDivElement>>'.
src/features/memberships/members/MemberProgress.tsx(69,25): error TS2339: Property 'Content' does not exist on type 'ForwardRefExoticComponent<CardProps & RefAttributes<HTMLDivElement>>'.
src/features/memberships/members/MemberProgress.tsx(74,26): error TS2339: Property 'Content' does not exist on type 'ForwardRefExoticComponent<CardProps & RefAttributes<HTMLDivElement>>'.
src/features/memberships/members/MemberProgress.tsx(78,25): error TS2339: Property 'Header' does not exist on type 'ForwardRefExoticComponent<CardProps & RefAttributes<HTMLDivElement>>'.
src/features/memberships/members/MemberProgress.tsx(79,27): error TS2339: Property 'Title' does not exist on type 'ForwardRefExoticComponent<CardProps & RefAttributes<HTMLDivElement>>'.
src/features/memberships/members/MemberProgress.tsx(82,28): error TS2339: Property 'Title' does not exist on type 'ForwardRefExoticComponent<CardProps & RefAttributes<HTMLDivElement>>'.
src/features/memberships/members/MemberProgress.tsx(83,26): error TS2339: Property 'Header' does not exist on type 'ForwardRefExoticComponent<CardProps & RefAttributes<HTMLDivElement>>'.
src/features/memberships/members/MemberProgress.tsx(84,25): error TS2339: Property 'Content' does not exist on type 'ForwardRefExoticComponent<CardProps & RefAttributes<HTMLDivElement>>'.
src/features/memberships/members/MemberProgress.tsx(89,26): error TS2339: Property 'Content' does not exist on type 'ForwardRefExoticComponent<CardProps & RefAttributes<HTMLDivElement>>'.
src/features/memberships/members/MemberProgress.tsx(96,25): error TS2339: Property 'Header' does not exist on type 'ForwardRefExoticComponent<CardProps & RefAttributes<HTMLDivElement>>'.
src/features/memberships/members/MemberProgress.tsx(97,27): error TS2339: Property 'Title' does not exist on type 'ForwardRefExoticComponent<CardProps & RefAttributes<HTMLDivElement>>'.
src/features/memberships/members/MemberProgress.tsx(97,65): error TS2339: Property 'Title' does not exist on type 'ForwardRefExoticComponent<CardProps & RefAttributes<HTMLDivElement>>'.
src/features/memberships/members/MemberProgress.tsx(98,26): error TS2339: Property 'Header' does not exist on type 'ForwardRefExoticComponent<CardProps & RefAttributes<HTMLDivElement>>'.
src/features/memberships/members/MemberProgress.tsx(99,25): error TS2339: Property 'Content' does not exist on type 'ForwardRefExoticComponent<CardProps & RefAttributes<HTMLDivElement>>'.
src/features/memberships/members/MemberProgress.tsx(132,26): error TS2339: Property 'Content' does not exist on type 'ForwardRefExoticComponent<CardProps & RefAttributes<HTMLDivElement>>'.
src/features/memberships/members/MemberProgress.tsx(139,25): error TS2339: Property 'Header' does not exist on type 'ForwardRefExoticComponent<CardProps & RefAttributes<HTMLDivElement>>'.
src/features/memberships/members/MemberProgress.tsx(140,27): error TS2339: Property 'Title' does not exist on type 'ForwardRefExoticComponent<CardProps & RefAttributes<HTMLDivElement>>'.
src/features/memberships/members/MemberProgress.tsx(140,57): error TS2339: Property 'Title' does not exist on type 'ForwardRefExoticComponent<CardProps & RefAttributes<HTMLDivElement>>'.
src/features/memberships/members/MemberProgress.tsx(141,26): error TS2339: Property 'Header' does not exist on type 'ForwardRefExoticComponent<CardProps & RefAttributes<HTMLDivElement>>'.
src/features/memberships/members/MemberProgress.tsx(142,25): error TS2339: Property 'Content' does not exist on type 'ForwardRefExoticComponent<CardProps & RefAttributes<HTMLDivElement>>'.
src/features/memberships/members/MemberProgress.tsx(166,26): error TS2339: Property 'Content' does not exist on type 'ForwardRefExoticComponent<CardProps & RefAttributes<HTMLDivElement>>'.
src/features/memberships/members/MembersList.tsx(7,32): error TS6133: 'Mail' is declared but its value is never read.
src/features/memberships/members/MembersList.tsx(7,38): error TS6133: 'Phone' is declared but its value is never read.
src/features/memberships/members/MembersList.tsx(9,1): error TS6133: 'InputUntitled' is declared but its value is never read.
src/features/memberships/members/MembersList.tsx(61,9): error TS6133: 'handleCancel' is declared but its value is never read.
src/features/memberships/members/MembersList.tsx(89,13): error TS2322: Type '"outline" | "primary"' is not assignable to type '"link" | "destructive" | "secondary" | "ghost" | "primary" | "tertiary" | "destructive-secondary" | null | undefined'.
  Type '"outline"' is not assignable to type '"link" | "destructive" | "secondary" | "ghost" | "primary" | "tertiary" | "destructive-secondary" | null | undefined'.
src/features/memberships/members/MembersList.tsx(96,13): error TS2322: Type '"outline" | "primary"' is not assignable to type '"link" | "destructive" | "secondary" | "ghost" | "primary" | "tertiary" | "destructive-secondary" | null | undefined'.
  Type '"outline"' is not assignable to type '"link" | "destructive" | "secondary" | "ghost" | "primary" | "tertiary" | "destructive-secondary" | null | undefined'.
src/features/memberships/members/MembersList.tsx(103,13): error TS2322: Type '"outline" | "primary"' is not assignable to type '"link" | "destructive" | "secondary" | "ghost" | "primary" | "tertiary" | "destructive-secondary" | null | undefined'.
  Type '"outline"' is not assignable to type '"link" | "destructive" | "secondary" | "ghost" | "primary" | "tertiary" | "destructive-secondary" | null | undefined'.
src/features/memberships/members/MembersList.tsx(110,13): error TS2322: Type '"outline" | "primary"' is not assignable to type '"link" | "destructive" | "secondary" | "ghost" | "primary" | "tertiary" | "destructive-secondary" | null | undefined'.
  Type '"outline"' is not assignable to type '"link" | "destructive" | "secondary" | "ghost" | "primary" | "tertiary" | "destructive-secondary" | null | undefined'.
src/features/memberships/members/MembersList.tsx(162,34): error TS2322: Type '"outline" | "secondary" | "primary" | "danger"' is not assignable to type '"error" | "neutral" | "outline" | "secondary" | "primary" | "success" | "warning" | "info" | "solid-primary" | "solid-success" | "solid-warning" | "solid-error" | "solid-info" | null | undefined'.
  Type '"danger"' is not assignable to type '"error" | "neutral" | "outline" | "secondary" | "primary" | "success" | "warning" | "info" | "solid-primary" | "solid-success" | "solid-warning" | "solid-error" | "solid-info" | null | undefined'.
src/features/memberships/MembershipLayout.tsx(7,39): error TS6133: 'Settings' is declared but its value is never read.
src/features/memberships/MembershipLayout.tsx(7,49): error TS6133: 'LayoutDashboard' is declared but its value is never read.
src/features/memberships/MembershipLayout.tsx(9,1): error TS6133: 'SidebarUntitled' is declared but its value is never read.
src/features/memberships/payments/PaymentsList.tsx(9,1): error TS6133: 'InputUntitled' is declared but its value is never read.
src/features/memberships/payments/PaymentsList.tsx(12,1): error TS6133: 'CardUntitled' is declared but its value is never read.
src/features/memberships/payments/PaymentsList.tsx(46,27): error TS2322: Type '"outline"' is not assignable to type '"link" | "destructive" | "secondary" | "ghost" | "primary" | "tertiary" | "destructive-secondary" | null | undefined'.
src/features/memberships/payments/PaymentsList.tsx(90,34): error TS2322: Type '"outline" | "secondary" | "primary" | "danger"' is not assignable to type '"error" | "neutral" | "outline" | "secondary" | "primary" | "success" | "warning" | "info" | "solid-primary" | "solid-success" | "solid-warning" | "solid-error" | "solid-info" | null | undefined'.
  Type '"danger"' is not assignable to type '"error" | "neutral" | "outline" | "secondary" | "primary" | "success" | "warning" | "info" | "solid-primary" | "solid-success" | "solid-warning" | "solid-error" | "solid-info" | null | undefined'.
src/features/memberships/plans/PlanComparison.tsx(33,14): error TS2339: Property 'features' does not exist on type 'never'.
src/features/memberships/plans/PlanComparison.tsx(43,35): error TS2339: Property 'id' does not exist on type 'never'.
src/features/memberships/plans/PlanComparison.tsx(43,62): error TS2339: Property 'featured' does not exist on type 'never'.
src/features/memberships/plans/PlanComparison.tsx(44,19): error TS2339: Property 'badge' does not exist on type 'never'.
src/features/memberships/plans/PlanComparison.tsx(46,56): error TS2339: Property 'badge' does not exist on type 'never'.
src/features/memberships/plans/PlanComparison.tsx(50,86): error TS2339: Property 'name' does not exist on type 'never'.
src/features/memberships/plans/PlanComparison.tsx(51,69): error TS2339: Property 'description' does not exist on type 'never'.
src/features/memberships/plans/PlanComparison.tsx(55,23): error TS2339: Property 'currency' does not exist on type 'never'.
src/features/memberships/plans/PlanComparison.tsx(55,60): error TS2339: Property 'price' does not exist on type 'never'.
src/features/memberships/plans/PlanComparison.tsx(57,21): error TS2339: Property 'billing_interval' does not exist on type 'never'.
src/features/memberships/plans/PlanComparison.tsx(58,75): error TS2339: Property 'billing_interval' does not exist on type 'never'.
src/features/memberships/plans/PlanComparison.tsx(62,21): error TS2339: Property 'features' does not exist on type 'never'.
src/features/memberships/plans/PlanComparison.tsx(77,15): error TS2322: Type '"outline" | "primary"' is not assignable to type '"link" | "destructive" | "secondary" | "ghost" | "primary" | "tertiary" | "destructive-secondary" | null | undefined'.
  Type '"outline"' is not assignable to type '"link" | "destructive" | "secondary" | "ghost" | "primary" | "tertiary" | "destructive-secondary" | null | undefined'.
src/features/memberships/plans/PlanComparison.tsx(77,29): error TS2339: Property 'featured' does not exist on type 'never'.
src/features/memberships/plans/PlanComparison.tsx(78,48): error TS2339: Property 'id' does not exist on type 'never'.
src/features/memberships/plans/PlanComparison.tsx(79,30): error TS2339: Property 'id' does not exist on type 'never'.
src/features/memberships/plans/PlanComparison.tsx(81,21): error TS2339: Property 'id' does not exist on type 'never'.
src/features/memberships/plans/PlanComparison.tsx(93,28): error TS2339: Property 'id' does not exist on type 'never'.
src/features/memberships/plans/PlanComparison.tsx(94,21): error TS2339: Property 'badge' does not exist on type 'never'.
src/features/memberships/plans/PlanComparison.tsx(95,73): error TS2339: Property 'badge' does not exist on type 'never'.
src/features/memberships/plans/PlanComparison.tsx(97,85): error TS2339: Property 'name' does not exist on type 'never'.
src/features/memberships/plans/PlanComparison.tsx(98,82): error TS2339: Property 'description' does not exist on type 'never'.
src/features/memberships/plans/PlanComparison.tsx(101,25): error TS2339: Property 'currency' does not exist on type 'never'.
src/features/memberships/plans/PlanComparison.tsx(101,62): error TS2339: Property 'price' does not exist on type 'never'.
src/features/memberships/plans/PlanComparison.tsx(103,23): error TS2339: Property 'billing_interval' does not exist on type 'never'.
src/features/memberships/plans/PlanComparison.tsx(104,77): error TS2339: Property 'billing_interval' does not exist on type 'never'.
src/features/memberships/plans/PlanComparison.tsx(109,17): error TS2322: Type '"outline" | "primary"' is not assignable to type '"link" | "destructive" | "secondary" | "ghost" | "primary" | "tertiary" | "destructive-secondary" | null | undefined'.
  Type '"outline"' is not assignable to type '"link" | "destructive" | "secondary" | "ghost" | "primary" | "tertiary" | "destructive-secondary" | null | undefined'.
src/features/memberships/plans/PlanComparison.tsx(109,31): error TS2339: Property 'featured' does not exist on type 'never'.
src/features/memberships/plans/PlanComparison.tsx(110,50): error TS2339: Property 'id' does not exist on type 'never'.
src/features/memberships/plans/PlanComparison.tsx(111,32): error TS2339: Property 'id' does not exist on type 'never'.
src/features/memberships/plans/PlanComparison.tsx(113,23): error TS2339: Property 'id' does not exist on type 'never'.
src/features/memberships/plans/PlanComparison.tsx(123,42): error TS2339: Property 'features' does not exist on type 'never'.
src/features/memberships/plans/PlanComparison.tsx(126,34): error TS2339: Property 'id' does not exist on type 'never'.
src/features/memberships/plans/PlanEditor.tsx(13,23): error TS6133: 'useMembershipPlan' is declared but its value is never read.
src/features/memberships/plans/PlanEditor.tsx(136,27): error TS2339: Property 'Header' does not exist on type 'ForwardRefExoticComponent<CardProps & RefAttributes<HTMLDivElement>>'.
src/features/memberships/plans/PlanEditor.tsx(137,29): error TS2339: Property 'Title' does not exist on type 'ForwardRefExoticComponent<CardProps & RefAttributes<HTMLDivElement>>'.
src/features/memberships/plans/PlanEditor.tsx(137,67): error TS2339: Property 'Title' does not exist on type 'ForwardRefExoticComponent<CardProps & RefAttributes<HTMLDivElement>>'.
src/features/memberships/plans/PlanEditor.tsx(138,28): error TS2339: Property 'Header' does not exist on type 'ForwardRefExoticComponent<CardProps & RefAttributes<HTMLDivElement>>'.
src/features/memberships/plans/PlanEditor.tsx(139,27): error TS2339: Property 'Content' does not exist on type 'ForwardRefExoticComponent<CardProps & RefAttributes<HTMLDivElement>>'.
src/features/memberships/plans/PlanEditor.tsx(166,28): error TS2339: Property 'Content' does not exist on type 'ForwardRefExoticComponent<CardProps & RefAttributes<HTMLDivElement>>'.
src/features/memberships/plans/PlanEditor.tsx(171,27): error TS2339: Property 'Header' does not exist on type 'ForwardRefExoticComponent<CardProps & RefAttributes<HTMLDivElement>>'.
src/features/memberships/plans/PlanEditor.tsx(172,29): error TS2339: Property 'Title' does not exist on type 'ForwardRefExoticComponent<CardProps & RefAttributes<HTMLDivElement>>'.
src/features/memberships/plans/PlanEditor.tsx(172,57): error TS2339: Property 'Title' does not exist on type 'ForwardRefExoticComponent<CardProps & RefAttributes<HTMLDivElement>>'.
src/features/memberships/plans/PlanEditor.tsx(173,28): error TS2339: Property 'Header' does not exist on type 'ForwardRefExoticComponent<CardProps & RefAttributes<HTMLDivElement>>'.
src/features/memberships/plans/PlanEditor.tsx(174,27): error TS2339: Property 'Content' does not exist on type 'ForwardRefExoticComponent<CardProps & RefAttributes<HTMLDivElement>>'.
src/features/memberships/plans/PlanEditor.tsx(191,19): error TS2322: Type '{ id: string; label: string; value: string; onChange: (e: ChangeEvent<HTMLInputElement>) => void; type: "select"; options: { value: string; label: string; }[]; }' is not assignable to type 'IntrinsicAttributes & InputProps & RefAttributes<HTMLInputElement>'.
  Property 'options' does not exist on type 'IntrinsicAttributes & InputProps & RefAttributes<HTMLInputElement>'.
src/features/memberships/plans/PlanEditor.tsx(205,17): error TS2322: Type '{ id: string; label: string; value: "one_time" | "monthly" | "yearly"; onChange: (e: ChangeEvent<HTMLInputElement>) => void; type: "select"; options: { ...; }[]; }' is not assignable to type 'IntrinsicAttributes & InputProps & RefAttributes<HTMLInputElement>'.
  Property 'options' does not exist on type 'IntrinsicAttributes & InputProps & RefAttributes<HTMLInputElement>'.
src/features/memberships/plans/PlanEditor.tsx(231,28): error TS2339: Property 'Content' does not exist on type 'ForwardRefExoticComponent<CardProps & RefAttributes<HTMLDivElement>>'.
src/features/memberships/plans/PlanEditor.tsx(236,27): error TS2339: Property 'Header' does not exist on type 'ForwardRefExoticComponent<CardProps & RefAttributes<HTMLDivElement>>'.
src/features/memberships/plans/PlanEditor.tsx(237,29): error TS2339: Property 'Title' does not exist on type 'ForwardRefExoticComponent<CardProps & RefAttributes<HTMLDivElement>>'.
src/features/memberships/plans/PlanEditor.tsx(237,58): error TS2339: Property 'Title' does not exist on type 'ForwardRefExoticComponent<CardProps & RefAttributes<HTMLDivElement>>'.
src/features/memberships/plans/PlanEditor.tsx(238,28): error TS2339: Property 'Header' does not exist on type 'ForwardRefExoticComponent<CardProps & RefAttributes<HTMLDivElement>>'.
src/features/memberships/plans/PlanEditor.tsx(239,27): error TS2339: Property 'Content' does not exist on type 'ForwardRefExoticComponent<CardProps & RefAttributes<HTMLDivElement>>'.
src/features/memberships/plans/PlanEditor.tsx(278,28): error TS2339: Property 'Content' does not exist on type 'ForwardRefExoticComponent<CardProps & RefAttributes<HTMLDivElement>>'.
src/features/memberships/plans/PlanEditor.tsx(283,27): error TS2339: Property 'Header' does not exist on type 'ForwardRefExoticComponent<CardProps & RefAttributes<HTMLDivElement>>'.
src/features/memberships/plans/PlanEditor.tsx(284,29): error TS2339: Property 'Title' does not exist on type 'ForwardRefExoticComponent<CardProps & RefAttributes<HTMLDivElement>>'.
src/features/memberships/plans/PlanEditor.tsx(284,70): error TS2339: Property 'Title' does not exist on type 'ForwardRefExoticComponent<CardProps & RefAttributes<HTMLDivElement>>'.
src/features/memberships/plans/PlanEditor.tsx(285,28): error TS2339: Property 'Header' does not exist on type 'ForwardRefExoticComponent<CardProps & RefAttributes<HTMLDivElement>>'.
src/features/memberships/plans/PlanEditor.tsx(286,27): error TS2339: Property 'Content' does not exist on type 'ForwardRefExoticComponent<CardProps & RefAttributes<HTMLDivElement>>'.
src/features/memberships/plans/PlanEditor.tsx(315,28): error TS2339: Property 'Content' does not exist on type 'ForwardRefExoticComponent<CardProps & RefAttributes<HTMLDivElement>>'.
src/features/memberships/plans/PlanEditor.tsx(320,27): error TS2339: Property 'Header' does not exist on type 'ForwardRefExoticComponent<CardProps & RefAttributes<HTMLDivElement>>'.
src/features/memberships/plans/PlanEditor.tsx(321,29): error TS2339: Property 'Title' does not exist on type 'ForwardRefExoticComponent<CardProps & RefAttributes<HTMLDivElement>>'.
src/features/memberships/plans/PlanEditor.tsx(321,66): error TS2339: Property 'Title' does not exist on type 'ForwardRefExoticComponent<CardProps & RefAttributes<HTMLDivElement>>'.
src/features/memberships/plans/PlanEditor.tsx(322,28): error TS2339: Property 'Header' does not exist on type 'ForwardRefExoticComponent<CardProps & RefAttributes<HTMLDivElement>>'.
src/features/memberships/plans/PlanEditor.tsx(323,27): error TS2339: Property 'Content' does not exist on type 'ForwardRefExoticComponent<CardProps & RefAttributes<HTMLDivElement>>'.
src/features/memberships/plans/PlanEditor.tsx(365,28): error TS2339: Property 'Content' does not exist on type 'ForwardRefExoticComponent<CardProps & RefAttributes<HTMLDivElement>>'.
src/features/memberships/plans/PlanEditor.tsx(370,27): error TS2339: Property 'Header' does not exist on type 'ForwardRefExoticComponent<CardProps & RefAttributes<HTMLDivElement>>'.
src/features/memberships/plans/PlanEditor.tsx(371,29): error TS2339: Property 'Title' does not exist on type 'ForwardRefExoticComponent<CardProps & RefAttributes<HTMLDivElement>>'.
src/features/memberships/plans/PlanEditor.tsx(371,56): error TS2339: Property 'Title' does not exist on type 'ForwardRefExoticComponent<CardProps & RefAttributes<HTMLDivElement>>'.
src/features/memberships/plans/PlanEditor.tsx(372,28): error TS2339: Property 'Header' does not exist on type 'ForwardRefExoticComponent<CardProps & RefAttributes<HTMLDivElement>>'.
src/features/memberships/plans/PlanEditor.tsx(373,27): error TS2339: Property 'Content' does not exist on type 'ForwardRefExoticComponent<CardProps & RefAttributes<HTMLDivElement>>'.
src/features/memberships/plans/PlanEditor.tsx(378,17): error TS2322: Type '{ value: "active" | "draft" | "archived"; onChange: (e: ChangeEvent<HTMLInputElement>) => void; type: "select"; options: { value: string; label: string; }[]; }' is not assignable to type 'IntrinsicAttributes & InputProps & RefAttributes<HTMLInputElement>'.
  Property 'options' does not exist on type 'IntrinsicAttributes & InputProps & RefAttributes<HTMLInputElement>'.
src/features/memberships/plans/PlanEditor.tsx(384,28): error TS2339: Property 'Content' does not exist on type 'ForwardRefExoticComponent<CardProps & RefAttributes<HTMLDivElement>>'.
src/features/memberships/plans/PlanEditor.tsx(389,43): error TS2322: Type '"outline"' is not assignable to type '"link" | "destructive" | "secondary" | "ghost" | "primary" | "tertiary" | "destructive-secondary" | null | undefined'.
src/features/memberships/plans/PlansList.tsx(7,42): error TS6133: 'TrendingUp' is declared but its value is never read.
src/features/memberships/plans/PlansList.tsx(49,31): error TS6133: 'planId' is declared but its value is never read.
src/features/memberships/plans/PlansList.tsx(70,25): error TS2339: Property 'Header' does not exist on type 'ForwardRefExoticComponent<CardProps & RefAttributes<HTMLDivElement>>'.
src/features/memberships/plans/PlansList.tsx(71,27): error TS2339: Property 'Title' does not exist on type 'ForwardRefExoticComponent<CardProps & RefAttributes<HTMLDivElement>>'.
src/features/memberships/plans/PlansList.tsx(71,124): error TS2339: Property 'Title' does not exist on type 'ForwardRefExoticComponent<CardProps & RefAttributes<HTMLDivElement>>'.
src/features/memberships/plans/PlansList.tsx(72,26): error TS2339: Property 'Header' does not exist on type 'ForwardRefExoticComponent<CardProps & RefAttributes<HTMLDivElement>>'.
src/features/memberships/plans/PlansList.tsx(73,25): error TS2339: Property 'Content' does not exist on type 'ForwardRefExoticComponent<CardProps & RefAttributes<HTMLDivElement>>'.
src/features/memberships/plans/PlansList.tsx(75,26): error TS2339: Property 'Content' does not exist on type 'ForwardRefExoticComponent<CardProps & RefAttributes<HTMLDivElement>>'.
src/features/memberships/plans/PlansList.tsx(78,25): error TS2339: Property 'Header' does not exist on type 'ForwardRefExoticComponent<CardProps & RefAttributes<HTMLDivElement>>'.
src/features/memberships/plans/PlansList.tsx(79,27): error TS2339: Property 'Title' does not exist on type 'ForwardRefExoticComponent<CardProps & RefAttributes<HTMLDivElement>>'.
src/features/memberships/plans/PlansList.tsx(79,131): error TS2339: Property 'Title' does not exist on type 'ForwardRefExoticComponent<CardProps & RefAttributes<HTMLDivElement>>'.
src/features/memberships/plans/PlansList.tsx(80,26): error TS2339: Property 'Header' does not exist on type 'ForwardRefExoticComponent<CardProps & RefAttributes<HTMLDivElement>>'.
src/features/memberships/plans/PlansList.tsx(81,25): error TS2339: Property 'Content' does not exist on type 'ForwardRefExoticComponent<CardProps & RefAttributes<HTMLDivElement>>'.
src/features/memberships/plans/PlansList.tsx(83,26): error TS2339: Property 'Content' does not exist on type 'ForwardRefExoticComponent<CardProps & RefAttributes<HTMLDivElement>>'.
src/features/memberships/plans/PlansList.tsx(86,25): error TS2339: Property 'Header' does not exist on type 'ForwardRefExoticComponent<CardProps & RefAttributes<HTMLDivElement>>'.
src/features/memberships/plans/PlansList.tsx(87,27): error TS2339: Property 'Title' does not exist on type 'ForwardRefExoticComponent<CardProps & RefAttributes<HTMLDivElement>>'.
src/features/memberships/plans/PlansList.tsx(87,128): error TS2339: Property 'Title' does not exist on type 'ForwardRefExoticComponent<CardProps & RefAttributes<HTMLDivElement>>'.
src/features/memberships/plans/PlansList.tsx(88,26): error TS2339: Property 'Header' does not exist on type 'ForwardRefExoticComponent<CardProps & RefAttributes<HTMLDivElement>>'.
src/features/memberships/plans/PlansList.tsx(89,25): error TS2339: Property 'Content' does not exist on type 'ForwardRefExoticComponent<CardProps & RefAttributes<HTMLDivElement>>'.
src/features/memberships/plans/PlansList.tsx(91,26): error TS2339: Property 'Content' does not exist on type 'ForwardRefExoticComponent<CardProps & RefAttributes<HTMLDivElement>>'.
src/features/memberships/plans/PlansList.tsx(94,25): error TS2339: Property 'Header' does not exist on type 'ForwardRefExoticComponent<CardProps & RefAttributes<HTMLDivElement>>'.
src/features/memberships/plans/PlansList.tsx(95,27): error TS2339: Property 'Title' does not exist on type 'ForwardRefExoticComponent<CardProps & RefAttributes<HTMLDivElement>>'.
src/features/memberships/plans/PlansList.tsx(95,127): error TS2339: Property 'Title' does not exist on type 'ForwardRefExoticComponent<CardProps & RefAttributes<HTMLDivElement>>'.
src/features/memberships/plans/PlansList.tsx(96,26): error TS2339: Property 'Header' does not exist on type 'ForwardRefExoticComponent<CardProps & RefAttributes<HTMLDivElement>>'.
src/features/memberships/plans/PlansList.tsx(97,25): error TS2339: Property 'Content' does not exist on type 'ForwardRefExoticComponent<CardProps & RefAttributes<HTMLDivElement>>'.
src/features/memberships/plans/PlansList.tsx(99,26): error TS2339: Property 'Content' does not exist on type 'ForwardRefExoticComponent<CardProps & RefAttributes<HTMLDivElement>>'.
src/features/memberships/plans/PlansList.tsx(107,23): error TS2339: Property 'id' does not exist on type 'never'.
src/features/memberships/plans/PlansList.tsx(108,41): error TS2339: Property 'featured' does not exist on type 'never'.
src/features/memberships/plans/PlansList.tsx(110,19): error TS2339: Property 'badge' does not exist on type 'never'.
src/features/memberships/plans/PlansList.tsx(112,56): error TS2339: Property 'badge' does not exist on type 'never'.
src/features/memberships/plans/PlansList.tsx(115,19): error TS2339: Property 'featured' does not exist on type 'never'.
src/features/memberships/plans/PlansList.tsx(121,27): error TS2339: Property 'Header' does not exist on type 'ForwardRefExoticComponent<CardProps & RefAttributes<HTMLDivElement>>'.
src/features/memberships/plans/PlansList.tsx(123,31): error TS2339: Property 'Title' does not exist on type 'ForwardRefExoticComponent<CardProps & RefAttributes<HTMLDivElement>>'.
src/features/memberships/plans/PlansList.tsx(123,85): error TS2339: Property 'name' does not exist on type 'never'.
src/features/memberships/plans/PlansList.tsx(123,105): error TS2339: Property 'Title' does not exist on type 'ForwardRefExoticComponent<CardProps & RefAttributes<HTMLDivElement>>'.
src/features/memberships/plans/PlansList.tsx(124,46): error TS2339: Property 'status' does not exist on type 'never'.
src/features/memberships/plans/PlansList.tsx(125,25): error TS2339: Property 'status' does not exist on type 'never'.
src/features/memberships/plans/PlansList.tsx(128,77): error TS2339: Property 'description' does not exist on type 'never'.
src/features/memberships/plans/PlansList.tsx(129,28): error TS2339: Property 'Header' does not exist on type 'ForwardRefExoticComponent<CardProps & RefAttributes<HTMLDivElement>>'.
src/features/memberships/plans/PlansList.tsx(131,27): error TS2339: Property 'Content' does not exist on type 'ForwardRefExoticComponent<CardProps & RefAttributes<HTMLDivElement>>'.
src/features/memberships/plans/PlansList.tsx(134,25): error TS2339: Property 'currency' does not exist on type 'never'.
src/features/memberships/plans/PlansList.tsx(134,62): error TS2339: Property 'price' does not exist on type 'never'.
src/features/memberships/plans/PlansList.tsx(136,23): error TS2339: Property 'billing_interval' does not exist on type 'never'.
src/features/memberships/plans/PlansList.tsx(137,77): error TS2339: Property 'billing_interval' does not exist on type 'never'.
src/features/memberships/plans/PlansList.tsx(141,21): error TS2339: Property 'trial_days' does not exist on type 'never'.
src/features/memberships/plans/PlansList.tsx(144,27): error TS2339: Property 'trial_days' does not exist on type 'never'.
src/features/memberships/plans/PlansList.tsx(149,21): error TS2339: Property 'features' does not exist on type 'never'.
src/features/memberships/plans/PlansList.tsx(149,38): error TS2339: Property 'features' does not exist on type 'never'.
src/features/memberships/plans/PlansList.tsx(151,25): error TS2339: Property 'features' does not exist on type 'never'.
src/features/memberships/plans/PlansList.tsx(164,21): error TS2339: Property 'content_tiers' does not exist on type 'never'.
src/features/memberships/plans/PlansList.tsx(164,43): error TS2339: Property 'content_tiers' does not exist on type 'never'.
src/features/memberships/plans/PlansList.tsx(168,27): error TS2339: Property 'content_tiers' does not exist on type 'never'.
src/features/memberships/plans/PlansList.tsx(168,46): error TS7006: Parameter 'tier' implicitly has an 'any' type.
src/features/memberships/plans/PlansList.tsx(178,42): error TS2339: Property 'id' does not exist on type 'never'.
src/features/memberships/plans/PlansList.tsx(180,28): error TS2339: Property 'Content' does not exist on type 'ForwardRefExoticComponent<CardProps & RefAttributes<HTMLDivElement>>'.
src/features/memberships/plans/PlansList.tsx(182,27): error TS2339: Property 'Footer' does not exist on type 'ForwardRefExoticComponent<CardProps & RefAttributes<HTMLDivElement>>'.
src/features/memberships/plans/PlansList.tsx(184,17): error TS2322: Type '"outline"' is not assignable to type '"link" | "destructive" | "secondary" | "ghost" | "primary" | "tertiary" | "destructive-secondary" | null | undefined'.
src/features/memberships/plans/PlansList.tsx(193,17): error TS2322: Type '"outline"' is not assignable to type '"link" | "destructive" | "secondary" | "ghost" | "primary" | "tertiary" | "destructive-secondary" | null | undefined'.
src/features/memberships/plans/PlansList.tsx(200,17): error TS2322: Type '"outline"' is not assignable to type '"link" | "destructive" | "secondary" | "ghost" | "primary" | "tertiary" | "destructive-secondary" | null | undefined'.
src/features/memberships/plans/PlansList.tsx(202,50): error TS2339: Property 'id' does not exist on type 'never'.
src/features/memberships/plans/PlansList.tsx(206,28): error TS2339: Property 'Footer' does not exist on type 'ForwardRefExoticComponent<CardProps & RefAttributes<HTMLDivElement>>'.
src/features/memberships/portal/ContentViewer.tsx(7,19): error TS6133: 'Clock' is declared but its value is never read.
src/features/memberships/portal/ContentViewer.tsx(13,10): error TS2305: Module '"../hooks/useMemberAccess"' has no exported member 'useContent'.
src/features/memberships/portal/ContentViewer.tsx(13,22): error TS2305: Module '"../hooks/useMemberAccess"' has no exported member 'useMemberProgress'.
src/features/memberships/portal/ContentViewer.tsx(13,41): error TS2305: Module '"../hooks/useMemberAccess"' has no exported member 'useUpdateProgress'.
src/features/memberships/portal/ContentViewer.tsx(125,3): error TS6133: 'content' is declared but its value is never read.
src/features/memberships/portal/ContentViewer.tsx(133,6): error TS2322: Type '{ children: Element[]; defaultValue: string; }' is not assignable to type 'IntrinsicAttributes & TabsUntitledProps & RefAttributes<HTMLDivElement>'.
  Property 'children' does not exist on type 'IntrinsicAttributes & TabsUntitledProps & RefAttributes<HTMLDivElement>'.
src/features/memberships/portal/ContentViewer.tsx(134,21): error TS2339: Property 'List' does not exist on type 'ForwardRefExoticComponent<TabsUntitledProps & RefAttributes<HTMLDivElement>>'.
src/features/memberships/portal/ContentViewer.tsx(135,23): error TS2339: Property 'Trigger' does not exist on type 'ForwardRefExoticComponent<TabsUntitledProps & RefAttributes<HTMLDivElement>>'.
src/features/memberships/portal/ContentViewer.tsx(135,69): error TS2339: Property 'Trigger' does not exist on type 'ForwardRefExoticComponent<TabsUntitledProps & RefAttributes<HTMLDivElement>>'.
src/features/memberships/portal/ContentViewer.tsx(136,23): error TS2339: Property 'Trigger' does not exist on type 'ForwardRefExoticComponent<TabsUntitledProps & RefAttributes<HTMLDivElement>>'.
src/features/memberships/portal/ContentViewer.tsx(136,69): error TS2339: Property 'Trigger' does not exist on type 'ForwardRefExoticComponent<TabsUntitledProps & RefAttributes<HTMLDivElement>>'.
src/features/memberships/portal/ContentViewer.tsx(137,22): error TS2339: Property 'List' does not exist on type 'ForwardRefExoticComponent<TabsUntitledProps & RefAttributes<HTMLDivElement>>'.
src/features/memberships/portal/ContentViewer.tsx(139,21): error TS2339: Property 'Content' does not exist on type 'ForwardRefExoticComponent<TabsUntitledProps & RefAttributes<HTMLDivElement>>'.
src/features/memberships/portal/ContentViewer.tsx(150,31): error TS2339: Property 'Content' does not exist on type 'ForwardRefExoticComponent<CardProps & RefAttributes<HTMLDivElement>>'.
src/features/memberships/portal/ContentViewer.tsx(173,32): error TS2339: Property 'Content' does not exist on type 'ForwardRefExoticComponent<CardProps & RefAttributes<HTMLDivElement>>'.
src/features/memberships/portal/ContentViewer.tsx(182,22): error TS2339: Property 'Content' does not exist on type 'ForwardRefExoticComponent<TabsUntitledProps & RefAttributes<HTMLDivElement>>'.
src/features/memberships/portal/ContentViewer.tsx(184,21): error TS2339: Property 'Content' does not exist on type 'ForwardRefExoticComponent<TabsUntitledProps & RefAttributes<HTMLDivElement>>'.
src/features/memberships/portal/ContentViewer.tsx(186,25): error TS2339: Property 'Header' does not exist on type 'ForwardRefExoticComponent<CardProps & RefAttributes<HTMLDivElement>>'.
src/features/memberships/portal/ContentViewer.tsx(187,27): error TS2339: Property 'Title' does not exist on type 'ForwardRefExoticComponent<CardProps & RefAttributes<HTMLDivElement>>'.
src/features/memberships/portal/ContentViewer.tsx(187,63): error TS2339: Property 'Title' does not exist on type 'ForwardRefExoticComponent<CardProps & RefAttributes<HTMLDivElement>>'.
src/features/memberships/portal/ContentViewer.tsx(188,26): error TS2339: Property 'Header' does not exist on type 'ForwardRefExoticComponent<CardProps & RefAttributes<HTMLDivElement>>'.
src/features/memberships/portal/ContentViewer.tsx(189,25): error TS2339: Property 'Content' does not exist on type 'ForwardRefExoticComponent<CardProps & RefAttributes<HTMLDivElement>>'.
src/features/memberships/portal/ContentViewer.tsx(218,26): error TS2339: Property 'Content' does not exist on type 'ForwardRefExoticComponent<CardProps & RefAttributes<HTMLDivElement>>'.
src/features/memberships/portal/ContentViewer.tsx(220,22): error TS2339: Property 'Content' does not exist on type 'ForwardRefExoticComponent<TabsUntitledProps & RefAttributes<HTMLDivElement>>'.
src/features/memberships/portal/ContentViewer.tsx(294,25): error TS2339: Property 'Content' does not exist on type 'ForwardRefExoticComponent<CardProps & RefAttributes<HTMLDivElement>>'.
src/features/memberships/portal/ContentViewer.tsx(303,26): error TS2339: Property 'Content' does not exist on type 'ForwardRefExoticComponent<CardProps & RefAttributes<HTMLDivElement>>'.
src/features/memberships/portal/MemberPortal.tsx(6,10): error TS6133: 'useEffect' is declared but its value is never read.
src/features/memberships/portal/MemberPortal.tsx(7,18): error TS6133: 'Filter' is declared but its value is never read.
src/features/memberships/portal/MemberPortal.tsx(7,59): error TS6133: 'CheckCircle' is declared but its value is never read.
src/features/memberships/portal/MemberPortal.tsx(9,1): error TS6133: 'InputUntitled' is declared but its value is never read.
src/features/memberships/portal/MemberPortal.tsx(14,10): error TS2724: '"../hooks/useMemberAccess"' has no exported member named 'useContentWithAccess'. Did you mean 'useContentAccess'?
src/features/memberships/portal/MemberPortal.tsx(14,32): error TS2305: Module '"../hooks/useMemberAccess"' has no exported member 'useCourseWithProgress'.
src/features/memberships/portal/MemberPortal.tsx(14,32): error TS6133: 'useCourseWithProgress' is declared but its value is never read.
src/features/memberships/portal/MemberPortal.tsx(53,32): error TS2339: Property 'plan' does not exist on type 'never'.
src/features/memberships/portal/MemberPortal.tsx(76,15): error TS2322: Type '"outline" | "primary"' is not assignable to type '"link" | "destructive" | "secondary" | "ghost" | "primary" | "tertiary" | "destructive-secondary" | null | undefined'.
  Type '"outline"' is not assignable to type '"link" | "destructive" | "secondary" | "ghost" | "primary" | "tertiary" | "destructive-secondary" | null | undefined'.
src/features/memberships/portal/MemberPortal.tsx(83,15): error TS2322: Type '"outline" | "primary"' is not assignable to type '"link" | "destructive" | "secondary" | "ghost" | "primary" | "tertiary" | "destructive-secondary" | null | undefined'.
  Type '"outline"' is not assignable to type '"link" | "destructive" | "secondary" | "ghost" | "primary" | "tertiary" | "destructive-secondary" | null | undefined'.
src/features/memberships/portal/MemberPortal.tsx(90,15): error TS2322: Type '"outline" | "primary"' is not assignable to type '"link" | "destructive" | "secondary" | "ghost" | "primary" | "tertiary" | "destructive-secondary" | null | undefined'.
  Type '"outline"' is not assignable to type '"link" | "destructive" | "secondary" | "ghost" | "primary" | "tertiary" | "destructive-secondary" | null | undefined'.
src/features/memberships/portal/MemberPortal.tsx(97,15): error TS2322: Type '"outline" | "primary"' is not assignable to type '"link" | "destructive" | "secondary" | "ghost" | "primary" | "tertiary" | "destructive-secondary" | null | undefined'.
  Type '"outline"' is not assignable to type '"link" | "destructive" | "secondary" | "ghost" | "primary" | "tertiary" | "destructive-secondary" | null | undefined'.
src/features/memberships/portal/MemberPortal.tsx(158,41): error TS2339: Property 'id' does not exist on type 'never'.
src/features/memberships/portal/MemberPortal.tsx(172,21): error TS2339: Property 'Header' does not exist on type 'ForwardRefExoticComponent<CardProps & RefAttributes<HTMLDivElement>>'.
src/features/memberships/portal/MemberPortal.tsx(173,23): error TS2339: Property 'Title' does not exist on type 'ForwardRefExoticComponent<CardProps & RefAttributes<HTMLDivElement>>'.
src/features/memberships/portal/MemberPortal.tsx(176,24): error TS2339: Property 'Title' does not exist on type 'ForwardRefExoticComponent<CardProps & RefAttributes<HTMLDivElement>>'.
src/features/memberships/portal/MemberPortal.tsx(177,22): error TS2339: Property 'Header' does not exist on type 'ForwardRefExoticComponent<CardProps & RefAttributes<HTMLDivElement>>'.
src/features/memberships/portal/MemberPortal.tsx(178,21): error TS2339: Property 'Content' does not exist on type 'ForwardRefExoticComponent<CardProps & RefAttributes<HTMLDivElement>>'.
src/features/memberships/portal/MemberPortal.tsx(189,22): error TS2339: Property 'Content' does not exist on type 'ForwardRefExoticComponent<CardProps & RefAttributes<HTMLDivElement>>'.
src/features/memberships/portal/MemberPortal.tsx(209,21): error TS2339: Property 'Header' does not exist on type 'ForwardRefExoticComponent<CardProps & RefAttributes<HTMLDivElement>>'.
src/features/memberships/portal/MemberPortal.tsx(210,23): error TS2339: Property 'Title' does not exist on type 'ForwardRefExoticComponent<CardProps & RefAttributes<HTMLDivElement>>'.
src/features/memberships/portal/MemberPortal.tsx(213,24): error TS2339: Property 'Title' does not exist on type 'ForwardRefExoticComponent<CardProps & RefAttributes<HTMLDivElement>>'.
src/features/memberships/portal/MemberPortal.tsx(214,22): error TS2339: Property 'Header' does not exist on type 'ForwardRefExoticComponent<CardProps & RefAttributes<HTMLDivElement>>'.
src/features/memberships/portal/MemberPortal.tsx(215,21): error TS2339: Property 'Content' does not exist on type 'ForwardRefExoticComponent<CardProps & RefAttributes<HTMLDivElement>>'.
src/features/memberships/portal/MemberPortal.tsx(223,22): error TS2339: Property 'Content' does not exist on type 'ForwardRefExoticComponent<CardProps & RefAttributes<HTMLDivElement>>'.
src/features/phone/calls/CallDetails.tsx(7,10): error TS6133: 'Phone' is declared but its value is never read.
src/features/phone/calls/CallDetails.tsx(7,47): error TS6133: 'Clock' is declared but its value is never read.
src/features/phone/calls/CallDetails.tsx(7,54): error TS6133: 'Calendar' is declared but its value is never read.
src/features/phone/calls/CallDetails.tsx(61,15): error TS2551: Property 'recording' does not exist on type '{ id: string; organization_id: string; phone_number_id: string | null; direction: "inbound" | "outbound"; from_number: string; to_number: string; contact_id: string | null; status: "in_progress" | ... 6 more ... | "voicemail"; ... 14 more ...; created_at: string; }'. Did you mean 'recording_id'?
src/features/phone/calls/CallDetails.tsx(62,46): error TS2551: Property 'recording' does not exist on type '{ id: string; organization_id: string; phone_number_id: string | null; direction: "inbound" | "outbound"; from_number: string; to_number: string; contact_id: string | null; status: "in_progress" | ... 6 more ... | "voicemail"; ... 14 more ...; created_at: string; }'. Did you mean 'recording_id'?
src/features/phone/calls/CallDetails.tsx(156,21): error TS2339: Property 'contact' does not exist on type '{ id: string; organization_id: string; phone_number_id: string | null; direction: "inbound" | "outbound"; from_number: string; to_number: string; contact_id: string | null; status: "in_progress" | ... 6 more ... | "voicemail"; ... 14 more ...; created_at: string; }'.
src/features/phone/calls/CallDetails.tsx(164,29): error TS2339: Property 'contact' does not exist on type '{ id: string; organization_id: string; phone_number_id: string | null; direction: "inbound" | "outbound"; from_number: string; to_number: string; contact_id: string | null; status: "in_progress" | ... 6 more ... | "voicemail"; ... 14 more ...; created_at: string; }'.
src/features/phone/calls/CallDetails.tsx(164,55): error TS2339: Property 'contact' does not exist on type '{ id: string; organization_id: string; phone_number_id: string | null; direction: "inbound" | "outbound"; from_number: string; to_number: string; contact_id: string | null; status: "in_progress" | ... 6 more ... | "voicemail"; ... 14 more ...; created_at: string; }'.
src/features/phone/calls/CallDetails.tsx(166,66): error TS2339: Property 'contact' does not exist on type '{ id: string; organization_id: string; phone_number_id: string | null; direction: "inbound" | "outbound"; from_number: string; to_number: string; contact_id: string | null; status: "in_progress" | ... 6 more ... | "voicemail"; ... 14 more ...; created_at: string; }'.
src/features/phone/calls/CallDetails.tsx(174,17): error TS2551: Property 'recording' does not exist on type '{ id: string; organization_id: string; phone_number_id: string | null; direction: "inbound" | "outbound"; from_number: string; to_number: string; contact_id: string | null; status: "in_progress" | ... 6 more ... | "voicemail"; ... 14 more ...; created_at: string; }'. Did you mean 'recording_id'?
src/features/phone/calls/CallDetails.tsx(184,64): error TS2322: Type '"outline"' is not assignable to type '"link" | "destructive" | "secondary" | "ghost" | "primary" | "tertiary" | "destructive-secondary" | null | undefined'.
src/features/phone/calls/CallDetails.tsx(192,29): error TS2551: Property 'recording' does not exist on type '{ id: string; organization_id: string; phone_number_id: string | null; direction: "inbound" | "outbound"; from_number: string; to_number: string; contact_id: string | null; status: "in_progress" | ... 6 more ... | "voicemail"; ... 14 more ...; created_at: string; }'. Did you mean 'recording_id'?
src/features/phone/calls/CallDetails.tsx(193,51): error TS2551: Property 'recording' does not exist on type '{ id: string; organization_id: string; phone_number_id: string | null; direction: "inbound" | "outbound"; from_number: string; to_number: string; contact_id: string | null; status: "in_progress" | ... 6 more ... | "voicemail"; ... 14 more ...; created_at: string; }'. Did you mean 'recording_id'?
src/features/phone/calls/CallDetails.tsx(208,21): error TS2551: Property 'recording' does not exist on type '{ id: string; organization_id: string; phone_number_id: string | null; direction: "inbound" | "outbound"; from_number: string; to_number: string; contact_id: string | null; status: "in_progress" | ... 6 more ... | "voicemail"; ... 14 more ...; created_at: string; }'. Did you mean 'recording_id'?
src/features/phone/calls/CallDetails.tsx(214,62): error TS2551: Property 'recording' does not exist on type '{ id: string; organization_id: string; phone_number_id: string | null; direction: "inbound" | "outbound"; from_number: string; to_number: string; contact_id: string | null; status: "in_progress" | ... 6 more ... | "voicemail"; ... 14 more ...; created_at: string; }'. Did you mean 'recording_id'?
src/features/phone/calls/CallsList.tsx(7,55): error TS6133: 'Clock' is declared but its value is never read.
src/features/phone/calls/CallsList.tsx(7,62): error TS6133: 'Calendar' is declared but its value is never read.
src/features/phone/calls/CallsList.tsx(38,5): error TS2554: Expected 0-1 arguments, but got 2.
src/features/phone/calls/CallsList.tsx(45,10): error TS2339: Property 'contact' does not exist on type '{ id: string; organization_id: string; phone_number_id: string | null; direction: "inbound" | "outbound"; from_number: string; to_number: string; contact_id: string | null; status: "in_progress" | ... 6 more ... | "voicemail"; ... 14 more ...; created_at: string; }'.
src/features/phone/calls/CallsList.tsx(46,10): error TS2339: Property 'contact' does not exist on type '{ id: string; organization_id: string; phone_number_id: string | null; direction: "inbound" | "outbound"; from_number: string; to_number: string; contact_id: string | null; status: "in_progress" | ... 6 more ... | "voicemail"; ... 14 more ...; created_at: string; }'.
src/features/phone/dialer/ActiveCall.tsx(7,49): error TS6133: 'VolumeX' is declared but its value is never read.
src/features/phone/dialer/ActiveCall.tsx(7,65): error TS6133: 'Play' is declared but its value is never read.
src/features/phone/dialer/ActiveCall.tsx(10,10): error TS1484: 'ActiveCall' is a type and must be imported using a type-only import when 'verbatimModuleSyntax' is enabled.
src/features/phone/dialer/ActiveCall.tsx(28,3): error TS6133: 'onTransfer' is declared but its value is never read.
src/features/phone/dialer/ActiveCall.tsx(96,13): error TS2322: Type '"error" | "outline"' is not assignable to type '"link" | "destructive" | "secondary" | "ghost" | "primary" | "tertiary" | "destructive-secondary" | null | undefined'.
  Type '"error"' is not assignable to type '"link" | "destructive" | "secondary" | "ghost" | "primary" | "tertiary" | "destructive-secondary" | null | undefined'.
src/features/phone/dialer/ActiveCall.tsx(110,13): error TS2322: Type '"outline"' is not assignable to type '"link" | "destructive" | "secondary" | "ghost" | "primary" | "tertiary" | "destructive-secondary" | null | undefined'.
src/features/phone/dialer/ActiveCall.tsx(120,13): error TS2322: Type '"outline"' is not assignable to type '"link" | "destructive" | "secondary" | "ghost" | "primary" | "tertiary" | "destructive-secondary" | null | undefined'.
src/features/phone/dialer/ActiveCall.tsx(131,13): error TS2322: Type '"outline" | "primary"' is not assignable to type '"link" | "destructive" | "secondary" | "ghost" | "primary" | "tertiary" | "destructive-secondary" | null | undefined'.
  Type '"outline"' is not assignable to type '"link" | "destructive" | "secondary" | "ghost" | "primary" | "tertiary" | "destructive-secondary" | null | undefined'.
src/features/phone/dialer/ActiveCall.tsx(142,13): error TS2322: Type '"error" | "outline"' is not assignable to type '"link" | "destructive" | "secondary" | "ghost" | "primary" | "tertiary" | "destructive-secondary" | null | undefined'.
  Type '"error"' is not assignable to type '"link" | "destructive" | "secondary" | "ghost" | "primary" | "tertiary" | "destructive-secondary" | null | undefined'.
src/features/phone/dialer/ActiveCall.tsx(152,13): error TS2322: Type '"outline"' is not assignable to type '"link" | "destructive" | "secondary" | "ghost" | "primary" | "tertiary" | "destructive-secondary" | null | undefined'.
src/features/phone/dialer/ActiveCall.tsx(167,13): error TS2322: Type '"error"' is not assignable to type '"link" | "destructive" | "secondary" | "ghost" | "primary" | "tertiary" | "destructive-secondary" | null | undefined'.
src/features/phone/dialer/Dialer.tsx(156,17): error TS2322: Type '"outline"' is not assignable to type '"link" | "destructive" | "secondary" | "ghost" | "primary" | "tertiary" | "destructive-secondary" | null | undefined'.
src/features/phone/dialer/Dialer.tsx(166,17): error TS2322: Type '"outline"' is not assignable to type '"link" | "destructive" | "secondary" | "ghost" | "primary" | "tertiary" | "destructive-secondary" | null | undefined'.
src/features/phone/dialer/Dialer.tsx(177,17): error TS2322: Type '"error"' is not assignable to type '"link" | "destructive" | "secondary" | "ghost" | "primary" | "tertiary" | "destructive-secondary" | null | undefined'.
src/features/phone/dialer/Dialer.tsx(186,17): error TS2322: Type '"outline" | "primary"' is not assignable to type '"link" | "destructive" | "secondary" | "ghost" | "primary" | "tertiary" | "destructive-secondary" | null | undefined'.
  Type '"outline"' is not assignable to type '"link" | "destructive" | "secondary" | "ghost" | "primary" | "tertiary" | "destructive-secondary" | null | undefined'.
src/features/phone/dialer/Dialer.tsx(198,17): error TS2322: Type '"outline"' is not assignable to type '"link" | "destructive" | "secondary" | "ghost" | "primary" | "tertiary" | "destructive-secondary" | null | undefined'.
src/features/phone/dialer/Dialer.tsx(218,17): error TS2322: Type '"outline"' is not assignable to type '"link" | "destructive" | "secondary" | "ghost" | "primary" | "tertiary" | "destructive-secondary" | null | undefined'.
src/features/phone/hooks/useCalls.ts(91,17): error TS2769: No overload matches this call.
  Overload 1 of 2, '(values: never, options?: { count?: "exact" | "planned" | "estimated" | undefined; } | undefined): PostgrestFilterBuilder<{ PostgrestVersion: "12"; }, never, never, null, "phone_calls", never, "POST">', gave the following error.
    Argument of type '{ id?: string | undefined; organization_id: string; phone_number_id?: string | null | undefined; direction: "inbound" | "outbound"; from_number: string; to_number: string; contact_id?: string | ... 1 more ... | undefined; ... 15 more ...; created_at?: string | undefined; }' is not assignable to parameter of type 'never'.
  Overload 2 of 2, '(values: never[], options?: { count?: "exact" | "planned" | "estimated" | undefined; defaultToNull?: boolean | undefined; } | undefined): PostgrestFilterBuilder<{ PostgrestVersion: "12"; }, never, never, null, "phone_calls", never, "POST">', gave the following error.
    Argument of type '{ id?: string | undefined; organization_id: string; phone_number_id?: string | null | undefined; direction: "inbound" | "outbound"; from_number: string; to_number: string; contact_id?: string | ... 1 more ... | undefined; ... 15 more ...; created_at?: string | undefined; }' is not assignable to parameter of type 'never[]'.
      Type '{ id?: string | undefined; organization_id: string; phone_number_id?: string | null | undefined; direction: "inbound" | "outbound"; from_number: string; to_number: string; contact_id?: string | ... 1 more ... | undefined; ... 15 more ...; created_at?: string | undefined; }' is missing the following properties from type 'never[]': length, pop, push, concat, and 29 more.
src/features/phone/hooks/useCalls.ts(112,17): error TS2345: Argument of type '{ id?: string | undefined; organization_id?: string | undefined; phone_number_id?: string | null | undefined; direction?: "inbound" | "outbound" | undefined; from_number?: string | undefined; ... 17 more ...; created_at?: string | undefined; }' is not assignable to parameter of type 'never'.
src/features/phone/hooks/useCalls.ts(135,17): error TS2345: Argument of type '{ notes: string; }' is not assignable to parameter of type 'never'.
src/features/phone/hooks/useCalls.ts(157,17): error TS2345: Argument of type '{ tags: string[]; }' is not assignable to parameter of type 'never'.
src/features/phone/hooks/useCalls.ts(176,73): error TS2345: Argument of type '{ p_days: number; }' is not assignable to parameter of type 'undefined'.
src/features/phone/hooks/usePhoneNumbers.ts(55,17): error TS2769: No overload matches this call.
  Overload 1 of 2, '(values: never, options?: { count?: "exact" | "planned" | "estimated" | undefined; } | undefined): PostgrestFilterBuilder<{ PostgrestVersion: "12"; }, never, never, null, "phone_numbers", never, "POST">', gave the following error.
    Argument of type '{ id?: string | undefined; organization_id: string; phone_number: string; country_code?: string | undefined; type?: "local" | "toll_free" | "mobile" | undefined; provider: string; provider_phone_id?: string | ... 1 more ... | undefined; ... 11 more ...; updated_at?: string | undefined; }' is not assignable to parameter of type 'never'.
  Overload 2 of 2, '(values: never[], options?: { count?: "exact" | "planned" | "estimated" | undefined; defaultToNull?: boolean | undefined; } | undefined): PostgrestFilterBuilder<{ PostgrestVersion: "12"; }, never, never, null, "phone_numbers", never, "POST">', gave the following error.
    Argument of type '{ id?: string | undefined; organization_id: string; phone_number: string; country_code?: string | undefined; type?: "local" | "toll_free" | "mobile" | undefined; provider: string; provider_phone_id?: string | ... 1 more ... | undefined; ... 11 more ...; updated_at?: string | undefined; }' is not assignable to parameter of type 'never[]'.
      Type '{ id?: string | undefined; organization_id: string; phone_number: string; country_code?: string | undefined; type?: "local" | "toll_free" | "mobile" | undefined; provider: string; provider_phone_id?: string | ... 1 more ... | undefined; ... 11 more ...; updated_at?: string | undefined; }' is missing the following properties from type 'never[]': length, pop, push, concat, and 29 more.
src/features/phone/hooks/usePhoneNumbers.ts(76,17): error TS2345: Argument of type '{ id?: string | undefined; organization_id?: string | undefined; phone_number?: string | undefined; country_code?: string | undefined; type?: "local" | "toll_free" | "mobile" | undefined; ... 13 more ...; updated_at?: string | undefined; }' is not assignable to parameter of type 'never'.
src/features/phone/hooks/usePhoneNumbers.ts(130,17): error TS2345: Argument of type '{ forward_to?: string | undefined; recording_enabled?: boolean | undefined; voicemail_enabled?: boolean | undefined; sms_enabled?: boolean | undefined; call_tracking_enabled?: boolean | undefined; }' is not assignable to parameter of type 'never'.
src/features/phone/hooks/useSMS.ts(116,34): error TS2339: Property 'data' does not exist on type '{ user: User; } | { user: null; }'.
  Property 'data' does not exist on type '{ user: User; }'.
src/features/phone/hooks/useSMS.ts(120,17): error TS2769: No overload matches this call.
  Overload 1 of 2, '(values: never, options?: { count?: "exact" | "planned" | "estimated" | undefined; } | undefined): PostgrestFilterBuilder<{ PostgrestVersion: "12"; }, never, never, null, "sms_messages", never, "POST">', gave the following error.
    Argument of type '{ id?: string | undefined; organization_id: string; thread_id: string; phone_number_id?: string | null | undefined; direction: "inbound" | "outbound"; from_number: string; to_number: string; ... 10 more ...; created_at?: string | undefined; }' is not assignable to parameter of type 'never'.
  Overload 2 of 2, '(values: never[], options?: { count?: "exact" | "planned" | "estimated" | undefined; defaultToNull?: boolean | undefined; } | undefined): PostgrestFilterBuilder<{ PostgrestVersion: "12"; }, never, never, null, "sms_messages", never, "POST">', gave the following error.
    Argument of type '{ id?: string | undefined; organization_id: string; thread_id: string; phone_number_id?: string | null | undefined; direction: "inbound" | "outbound"; from_number: string; to_number: string; ... 10 more ...; created_at?: string | undefined; }' is not assignable to parameter of type 'never[]'.
      Type '{ id?: string | undefined; organization_id: string; thread_id: string; phone_number_id?: string | null | undefined; direction: "inbound" | "outbound"; from_number: string; to_number: string; ... 10 more ...; created_at?: string | undefined; }' is missing the following properties from type 'never[]': length, pop, push, concat, and 29 more.
src/features/phone/hooks/useSMS.ts(156,17): error TS2345: Argument of type '{ unread_count: number; }' is not assignable to parameter of type 'never'.
src/features/phone/hooks/useSMS.ts(166,17): error TS2345: Argument of type '{ read_at: string; }' is not assignable to parameter of type 'never'.
src/features/phone/hooks/useSMS.ts(188,17): error TS2345: Argument of type '{ status: string; }' is not assignable to parameter of type 'never'.
src/features/phone/hooks/useSMS.ts(226,15): error TS6133: 'data' is declared but its value is never read.
src/features/phone/hooks/useVoicemails.ts(75,17): error TS2345: Argument of type '{ id?: string | undefined; organization_id?: string | undefined; phone_number_id?: string | null | undefined; call_id?: string | null | undefined; from_number?: string | undefined; ... 12 more ...; created_at?: string | undefined; }' is not assignable to parameter of type 'never'.
src/features/phone/hooks/useVoicemails.ts(98,17): error TS2345: Argument of type '{ status: string; }' is not assignable to parameter of type 'never'.
src/features/phone/hooks/useVoicemails.ts(139,17): error TS2345: Argument of type '{ status: string; }' is not assignable to parameter of type 'never'.
src/features/phone/hooks/useVoicemails.ts(158,15): error TS6133: 'data' is declared but its value is never read.
src/features/phone/lib/callHandler.ts(31,9): error TS6133: 'callTimerRef' is declared but its value is never read.
src/features/phone/lib/callHandler.ts(31,31): error TS2503: Cannot find namespace 'NodeJS'.
src/features/phone/PhoneLayout.tsx(7,17): error TS6133: 'PhoneIncoming' is declared but its value is never read.
src/features/phone/PhoneLayout.tsx(62,19): error TS6133: 'isActive' is declared but its value is never read.
src/features/phone/sms/SMSConversation.tsx(10,1): error TS6133: 'BadgeUntitled' is declared but its value is never read.
src/features/phone/sms/SMSConversation.tsx(78,23): error TS2339: Property 'contact' does not exist on type '{ id: string; organization_id: string; phone_number_id: string | null; contact_id: string | null; participant_phone: string; status: "active" | "archived" | "closed"; assigned_to: string | null; ... 5 more ...; updated_at: string; }'.
src/features/phone/sms/SMSConversation.tsx(80,27): error TS2339: Property 'contact' does not exist on type '{ id: string; organization_id: string; phone_number_id: string | null; contact_id: string | null; participant_phone: string; status: "active" | "archived" | "closed"; assigned_to: string | null; ... 5 more ...; updated_at: string; }'.
src/features/phone/sms/SMSConversation.tsx(90,25): error TS2339: Property 'contact' does not exist on type '{ id: string; organization_id: string; phone_number_id: string | null; contact_id: string | null; participant_phone: string; status: "active" | "archived" | "closed"; assigned_to: string | null; ... 5 more ...; updated_at: string; }'.
src/features/phone/sms/SMSConversation.tsx(91,31): error TS2339: Property 'contact' does not exist on type '{ id: string; organization_id: string; phone_number_id: string | null; contact_id: string | null; participant_phone: string; status: "active" | "archived" | "closed"; assigned_to: string | null; ... 5 more ...; updated_at: string; }'.
src/features/phone/sms/SMSConversation.tsx(91,60): error TS2339: Property 'contact' does not exist on type '{ id: string; organization_id: string; phone_number_id: string | null; contact_id: string | null; participant_phone: string; status: "active" | "archived" | "closed"; assigned_to: string | null; ... 5 more ...; updated_at: string; }'.
src/features/phone/sms/SMSConversation.tsx(100,29): error TS2322: Type '"outline"' is not assignable to type '"link" | "destructive" | "secondary" | "ghost" | "primary" | "tertiary" | "destructive-secondary" | null | undefined'.
src/features/phone/sms/SMSList.tsx(7,18): error TS6133: 'MessageCircle' is declared but its value is never read.
src/features/phone/sms/SMSList.tsx(7,47): error TS6133: 'Phone' is declared but its value is never read.
src/features/phone/sms/SMSList.tsx(25,12): error TS2339: Property 'contact' does not exist on type '{ id: string; organization_id: string; phone_number_id: string | null; contact_id: string | null; participant_phone: string; status: "active" | "archived" | "closed"; assigned_to: string | null; ... 5 more ...; updated_at: string; }'.
src/features/phone/sms/SMSList.tsx(26,12): error TS2339: Property 'contact' does not exist on type '{ id: string; organization_id: string; phone_number_id: string | null; contact_id: string | null; participant_phone: string; status: "active" | "archived" | "closed"; assigned_to: string | null; ... 5 more ...; updated_at: string; }'.
src/features/phone/sms/SMSList.tsx(77,33): error TS2339: Property 'contact' does not exist on type '{ id: string; organization_id: string; phone_number_id: string | null; contact_id: string | null; participant_phone: string; status: "active" | "archived" | "closed"; assigned_to: string | null; ... 5 more ...; updated_at: string; }'.
src/features/phone/sms/SMSList.tsx(83,37): error TS2339: Property 'contact' does not exist on type '{ id: string; organization_id: string; phone_number_id: string | null; contact_id: string | null; participant_phone: string; status: "active" | "archived" | "closed"; assigned_to: string | null; ... 5 more ...; updated_at: string; }'.
src/features/phone/sms/SMSList.tsx(84,43): error TS2339: Property 'contact' does not exist on type '{ id: string; organization_id: string; phone_number_id: string | null; contact_id: string | null; participant_phone: string; status: "active" | "archived" | "closed"; assigned_to: string | null; ... 5 more ...; updated_at: string; }'.
src/features/phone/sms/SMSList.tsx(84,72): error TS2339: Property 'contact' does not exist on type '{ id: string; organization_id: string; phone_number_id: string | null; contact_id: string | null; participant_phone: string; status: "active" | "archived" | "closed"; assigned_to: string | null; ... 5 more ...; updated_at: string; }'.
src/features/phone/voicemail/VoicemailList.tsx(6,28): error TS6133: 'useEffect' is declared but its value is never read.
src/features/phone/voicemail/VoicemailList.tsx(167,23): error TS2322: Type '"outline"' is not assignable to type '"link" | "destructive" | "secondary" | "ghost" | "primary" | "tertiary" | "destructive-secondary" | null | undefined'.
src/features/phone/voicemail/VoicemailList.tsx(207,21): error TS2322: Type '"outline"' is not assignable to type '"link" | "destructive" | "secondary" | "ghost" | "primary" | "tertiary" | "destructive-secondary" | null | undefined'.
src/features/phone/voicemail/VoicemailList.tsx(231,28): error TS2551: Property 'phone_number' does not exist on type '{ id: string; organization_id: string; phone_number_id: string | null; call_id: string | null; from_number: string; caller_name: string | null; duration_seconds: number | null; transcription: string | null; ... 9 more ...; created_at: string; }'. Did you mean 'phone_number_id'?
src/features/phone/voicemail/VoicemailList.tsx(233,54): error TS2551: Property 'phone_number' does not exist on type '{ id: string; organization_id: string; phone_number_id: string | null; call_id: string | null; from_number: string; caller_name: string | null; duration_seconds: number | null; transcription: string | null; ... 9 more ...; created_at: string; }'. Did you mean 'phone_number_id'?
src/features/reputation/alerts/AlertsList.tsx(69,11): error TS2322: Type '"outline" | "primary"' is not assignable to type '"link" | "destructive" | "secondary" | "ghost" | "primary" | "tertiary" | "destructive-secondary" | null | undefined'.
  Type '"outline"' is not assignable to type '"link" | "destructive" | "secondary" | "ghost" | "primary" | "tertiary" | "destructive-secondary" | null | undefined'.
src/features/reputation/alerts/AlertsList.tsx(76,11): error TS2322: Type '"outline" | "primary"' is not assignable to type '"link" | "destructive" | "secondary" | "ghost" | "primary" | "tertiary" | "destructive-secondary" | null | undefined'.
  Type '"outline"' is not assignable to type '"link" | "destructive" | "secondary" | "ghost" | "primary" | "tertiary" | "destructive-secondary" | null | undefined'.
src/features/reputation/alerts/AlertsList.tsx(83,11): error TS2322: Type '"outline" | "primary"' is not assignable to type '"link" | "destructive" | "secondary" | "ghost" | "primary" | "tertiary" | "destructive-secondary" | null | undefined'.
  Type '"outline"' is not assignable to type '"link" | "destructive" | "secondary" | "ghost" | "primary" | "tertiary" | "destructive-secondary" | null | undefined'.
src/features/reputation/analytics/RatingBreakdown.tsx(10,9): error TS6133: 'total' is declared but its value is never read.
src/features/reputation/analytics/ReputationDashboard.tsx(11,68): error TS2305: Module '"../hooks/useReviews"' has no exported member 'useResponseStats'.
src/features/reputation/analytics/ReputationDashboard.tsx(49,11): error TS2322: Type '{ title: string; value: string; icon: ForwardRefExoticComponent<Omit<LucideProps, "ref"> & RefAttributes<SVGSVGElement>>; description: string; }' is not assignable to type 'IntrinsicAttributes & MetricCardUntitledProps & RefAttributes<HTMLDivElement>'.
  Property 'description' does not exist on type 'IntrinsicAttributes & MetricCardUntitledProps & RefAttributes<HTMLDivElement>'.
src/features/reputation/analytics/ReputationDashboard.tsx(55,11): error TS2322: Type '{ title: string; value: string; icon: ForwardRefExoticComponent<Omit<LucideProps, "ref"> & RefAttributes<SVGSVGElement>>; description: string; }' is not assignable to type 'IntrinsicAttributes & MetricCardUntitledProps & RefAttributes<HTMLDivElement>'.
  Property 'description' does not exist on type 'IntrinsicAttributes & MetricCardUntitledProps & RefAttributes<HTMLDivElement>'.
src/features/reputation/analytics/ReputationDashboard.tsx(61,11): error TS2322: Type '{ title: string; value: string; icon: ForwardRefExoticComponent<Omit<LucideProps, "ref"> & RefAttributes<SVGSVGElement>>; description: string; }' is not assignable to type 'IntrinsicAttributes & MetricCardUntitledProps & RefAttributes<HTMLDivElement>'.
  Property 'description' does not exist on type 'IntrinsicAttributes & MetricCardUntitledProps & RefAttributes<HTMLDivElement>'.
src/features/reputation/analytics/ReputationDashboard.tsx(67,11): error TS2322: Type '{ title: string; value: string; icon: ForwardRefExoticComponent<Omit<LucideProps, "ref"> & RefAttributes<SVGSVGElement>>; description: string; }' is not assignable to type 'IntrinsicAttributes & MetricCardUntitledProps & RefAttributes<HTMLDivElement>'.
  Property 'description' does not exist on type 'IntrinsicAttributes & MetricCardUntitledProps & RefAttributes<HTMLDivElement>'.
src/features/reputation/analytics/SentimentAnalysis.tsx(6,1): error TS6133: 'cn' is declared but its value is never read.
src/features/reputation/hooks/useReputationAlerts.ts(11,3): error TS6133: 'getReviewFlags' is declared but its value is never read.
src/features/reputation/hooks/useReputationAlerts.ts(33,3): error TS6133: 'applyTemplate' is declared but its value is never read.
src/features/reputation/hooks/useReputationAlerts.ts(91,20): error TS2304: Cannot find name 'getReviewFilters'.
src/features/reputation/lib/aggregators.ts(109,6): error TS2769: No overload matches this call.
  Overload 1 of 2, '(values: never, options?: { count?: "exact" | "planned" | "estimated" | undefined; } | undefined): PostgrestFilterBuilder<{ PostgrestVersion: "12"; }, never, never, null, "review_sources", never, "POST">', gave the following error.
    Argument of type '{ status: "active" | "error" | "disconnected"; error_message?: string | undefined; last_synced_at?: string | undefined; auto_response_enabled: boolean; platform: ReviewPlatform; business_name: string; ... 8 more ...; organization_id: string; }' is not assignable to parameter of type 'never'.
  Overload 2 of 2, '(values: never[], options?: { count?: "exact" | "planned" | "estimated" | undefined; defaultToNull?: boolean | undefined; } | undefined): PostgrestFilterBuilder<{ PostgrestVersion: "12"; }, never, never, null, "review_sources", never, "POST">', gave the following error.
    Object literal may only specify known properties, and 'organization_id' does not exist in type 'never[]'.
src/features/reputation/lib/aggregators.ts(129,13): error TS2345: Argument of type 'Partial<Omit<ReviewSource, "id" | "created_at" | "organization_id">>' is not assignable to parameter of type 'never'.
src/features/reputation/lib/aggregators.ts(236,13): error TS2345: Argument of type '{ status: "new" | "read" | "hidden" | "flagged"; }' is not assignable to parameter of type 'never'.
src/features/reputation/lib/aggregators.ts(248,13): error TS2345: Argument of type '{ assigned_to: string | null; }' is not assignable to parameter of type 'never'.
src/features/reputation/lib/aggregators.ts(260,13): error TS2345: Argument of type '{ tags: string[]; }' is not assignable to parameter of type 'never'.
src/features/reputation/lib/aggregators.ts(274,68): error TS2345: Argument of type '{ p_organization_id: string; p_source_id: string | null; p_days: number; }' is not assignable to parameter of type 'undefined'.
src/features/reputation/lib/aggregators.ts(342,3): error TS6133: 'sourceId' is declared but its value is never read.
src/features/reputation/lib/aggregators.ts(361,25): error TS2339: Property 'review_date' does not exist on type 'never'.
src/features/reputation/lib/aggregators.ts(364,37): error TS2339: Property 'rating' does not exist on type 'never'.
src/features/reputation/lib/aggregators.ts(388,13): error TS2345: Argument of type '{ last_synced_at: string; next_sync_at: string; }' is not assignable to parameter of type 'never'.
src/features/reputation/lib/aggregators.ts(411,13): error TS2345: Argument of type '{ status: "new" | "read" | "hidden" | "flagged"; }' is not assignable to parameter of type 'never'.
src/features/reputation/lib/aggregators.ts(426,13): error TS2345: Argument of type '{ assigned_to: string | null; }' is not assignable to parameter of type 'never'.
src/features/reputation/lib/alerts.ts(102,6): error TS2769: No overload matches this call.
  Overload 1 of 2, '(values: never, options?: { onConflict?: string | undefined; ignoreDuplicates?: boolean | undefined; count?: "exact" | "planned" | "estimated" | undefined; } | undefined): PostgrestFilterBuilder<{ ...; }, ... 5 more ..., "POST">', gave the following error.
    Argument of type '{ active: boolean; sms_enabled: boolean; notify_on_new_review: boolean; notify_on_rating_change: boolean; notify_on_negative_review: boolean; negative_threshold: number; email_enabled: boolean; ... 8 more ...; source_id: string; }' is not assignable to parameter of type 'never'.
  Overload 2 of 2, '(values: never[], options?: { onConflict?: string | undefined; ignoreDuplicates?: boolean | undefined; count?: "exact" | "planned" | "estimated" | undefined; defaultToNull?: boolean | undefined; } | undefined): PostgrestFilterBuilder<...>', gave the following error.
    Object literal may only specify known properties, and 'organization_id' does not exist in type 'never[]'.
src/features/reputation/lib/alerts.ts(165,6): error TS2769: No overload matches this call.
  Overload 1 of 2, '(values: never, options?: { count?: "exact" | "planned" | "estimated" | undefined; } | undefined): PostgrestFilterBuilder<{ PostgrestVersion: "12"; }, never, never, null, "review_flags", never, "POST">', gave the following error.
    Argument of type '{ resolved: boolean; notes?: string | undefined; flag_reason: "spam" | "fake_review" | "inappropriate_content" | "competitor" | "off_topic" | "other"; resolved_at?: string | undefined; resolved_by?: string | undefined; ... 4 more ...; review_id: string; }' is not assignable to parameter of type 'never'.
  Overload 2 of 2, '(values: never[], options?: { count?: "exact" | "planned" | "estimated" | undefined; defaultToNull?: boolean | undefined; } | undefined): PostgrestFilterBuilder<{ PostgrestVersion: "12"; }, never, never, null, "review_flags", never, "POST">', gave the following error.
    Object literal may only specify known properties, and 'resolved' does not exist in type 'never[]'.
src/features/reputation/lib/alerts.ts(179,13): error TS2345: Argument of type '{ status: string; }' is not assignable to parameter of type 'never'.
src/features/reputation/lib/alerts.ts(196,13): error TS2345: Argument of type '{ resolved: boolean; resolved_at: string; resolved_by: string; resolution_notes: string | undefined; action_taken: "none" | "hidden" | "reported" | "removed"; }' is not assignable to parameter of type 'never'.
src/features/reputation/lib/alerts.ts(256,13): error TS2345: Argument of type '{ read: boolean; read_at: string; }' is not assignable to parameter of type 'never'.
src/features/reputation/lib/alerts.ts(274,13): error TS2345: Argument of type '{ dismissed: boolean; dismissed_at: string; }' is not assignable to parameter of type 'never'.
src/features/reputation/lib/alerts.ts(292,13): error TS2345: Argument of type '{ read: boolean; read_at: string; }' is not assignable to parameter of type 'never'.
src/features/reputation/lib/alerts.ts(351,13): error TS2345: Argument of type '{ last_sent_at: string; }' is not assignable to parameter of type 'never'.
src/features/reputation/lib/alerts.ts(387,6): error TS2769: No overload matches this call.
  Overload 1 of 2, '(values: never, options?: { count?: "exact" | "planned" | "estimated" | undefined; } | undefined): PostgrestFilterBuilder<{ PostgrestVersion: "12"; }, never, never, null, "reputation_alerts", never, "POST">', gave the following error.
    Argument of type '{ read: boolean; dismissed: boolean; type: "negative_review" | "rating_drop" | "review_volume" | "response_needed" | "flagged_review"; title: string; details?: any; description: string; ... 4 more ...; organization_id: string; }' is not assignable to parameter of type 'never'.
  Overload 2 of 2, '(values: never[], options?: { count?: "exact" | "planned" | "estimated" | undefined; defaultToNull?: boolean | undefined; } | undefined): PostgrestFilterBuilder<{ PostgrestVersion: "12"; }, never, never, null, "reputation_alerts", never, "POST">', gave the following error.
    Object literal may only specify known properties, and 'read' does not exist in type 'never[]'.
src/features/reputation/lib/responders.ts(96,6): error TS2769: No overload matches this call.
  Overload 1 of 2, '(values: never, options?: { count?: "exact" | "planned" | "estimated" | undefined; } | undefined): PostgrestFilterBuilder<{ PostgrestVersion: "12"; }, never, never, null, "review_responses", never, "POST">', gave the following error.
    Argument of type '{ status: "draft" | "posted" | "failed"; content: string; template_id?: string | undefined; error_message?: string | undefined; response_type: "public" | "private" | "both"; author_id?: string | undefined; author_name?: string | undefined; ... 4 more ...; review_id: string; }' is not assignable to parameter of type 'never'.
  Overload 2 of 2, '(values: never[], options?: { count?: "exact" | "planned" | "estimated" | undefined; defaultToNull?: boolean | undefined; } | undefined): PostgrestFilterBuilder<{ PostgrestVersion: "12"; }, never, never, null, "review_responses", never, "POST">', gave the following error.
    Object literal may only specify known properties, and 'organization_id' does not exist in type 'never[]'.
src/features/reputation/lib/responders.ts(117,13): error TS2345: Argument of type 'Partial<Omit<ReviewResponse, "id" | "created_at" | "organization_id" | "review_id">>' is not assignable to parameter of type 'never'.
src/features/reputation/lib/responders.ts(148,13): error TS2345: Argument of type '{ status: string; posted_at: string; posted_on_platform: boolean; platform_response_id: string; }' is not assignable to parameter of type 'never'.
src/features/reputation/lib/responders.ts(202,6): error TS2769: No overload matches this call.
  Overload 1 of 2, '(values: never, options?: { count?: "exact" | "planned" | "estimated" | undefined; } | undefined): PostgrestFilterBuilder<{ PostgrestVersion: "12"; }, never, never, null, "marketing_templates", never, "POST">', gave the following error.
    Argument of type '{ organization_id: string; template_type: string; name: string; subject: string; content: string; is_active: boolean; metadata: { sentiment: "positive" | "neutral" | "negative" | undefined; rating_range: [...] | undefined; variables: string[] | undefined; }; }' is not assignable to parameter of type 'never'.
  Overload 2 of 2, '(values: never[], options?: { count?: "exact" | "planned" | "estimated" | undefined; defaultToNull?: boolean | undefined; } | undefined): PostgrestFilterBuilder<{ PostgrestVersion: "12"; }, never, never, null, "marketing_templates", never, "POST">', gave the following error.
    Object literal may only specify known properties, and 'organization_id' does not exist in type 'never[]'.
src/features/reputation/lib/responders.ts(231,13): error TS2345: Argument of type '{ name: string | undefined; subject: string | undefined; content: string | undefined; is_active: boolean | undefined; metadata: { sentiment: "positive" | "neutral" | "negative" | undefined; rating_range: [...] | undefined; variables: string[] | undefined; }; }' is not assignable to parameter of type 'never'.
src/features/reputation/lib/responders.ts(357,13): error TS2769: No overload matches this call.
  Overload 1 of 2, '(values: never, options?: { count?: "exact" | "planned" | "estimated" | undefined; } | undefined): PostgrestFilterBuilder<{ PostgrestVersion: "12"; }, never, never, null, "review_responses", never, "POST">', gave the following error.
    Argument of type '{ organization_id: string; review_id: string; content: string; author_id: string | undefined; author_name: string | undefined; response_type: "public" | "private" | "both"; status: "draft"; }[]' is not assignable to parameter of type 'never'.
  Overload 2 of 2, '(values: never[], options?: { count?: "exact" | "planned" | "estimated" | undefined; defaultToNull?: boolean | undefined; } | undefined): PostgrestFilterBuilder<{ PostgrestVersion: "12"; }, never, never, null, "review_responses", never, "POST">', gave the following error.
    Argument of type '{ organization_id: string; review_id: string; content: string; author_id: string | undefined; author_name: string | undefined; response_type: "public" | "private" | "both"; status: "draft"; }[]' is not assignable to parameter of type 'never[]'.
      Type '{ organization_id: string; review_id: string; content: string; author_id: string | undefined; author_name: string | undefined; response_type: "public" | "private" | "both"; status: "draft"; }' is not assignable to type 'never'.
src/features/reputation/lib/responders.ts(416,40): error TS2339: Property 'status' does not exist on type 'never'.
src/features/reputation/lib/responders.ts(417,39): error TS2339: Property 'status' does not exist on type 'never'.
src/features/reputation/ReputationLayout.tsx(7,52): error TS2305: Module '"lucide-react"' has no exported member 'AlertBell'.
src/features/reputation/responses/ResponseTemplates.tsx(13,1): error TS6133: 'cn' is declared but its value is never read.
src/features/reputation/responses/ResponseTemplates.tsx(116,35): error TS2322: Type '"outline"' is not assignable to type '"link" | "destructive" | "secondary" | "ghost" | "primary" | "tertiary" | "destructive-secondary" | null | undefined'.
src/features/reputation/responses/ResponseTemplates.tsx(122,11): error TS2322: Type '"outline"' is not assignable to type '"link" | "destructive" | "secondary" | "ghost" | "primary" | "tertiary" | "destructive-secondary" | null | undefined'.
src/features/reputation/reviews/ReviewDetail.tsx(9,16): error TS6133: 'MessageSquare' is declared but its value is never read.
src/features/reputation/reviews/ReviewDetail.tsx(23,10): error TS6133: 'selectedTemplate' is declared but its value is never read.
src/features/reputation/reviews/ReviewDetail.tsx(47,13): error TS6133: 'response' is declared but its value is never read.
src/features/reputation/reviews/ReviewDetail.tsx(49,9): error TS2353: Object literal may only specify known properties, and 'content' does not exist in type '{ reviewId: string; response: Omit<Omit<ReviewResponse, "id" | "created_at" | "updated_at" | "organization_id" | "review_id">, "organizationId">; }'.
src/features/reputation/reviews/ReviewDetail.tsx(151,31): error TS2322: Type '"outline"' is not assignable to type '"link" | "destructive" | "secondary" | "ghost" | "primary" | "tertiary" | "destructive-secondary" | null | undefined'.
src/features/reputation/reviews/ReviewDetail.tsx(189,51): error TS2322: Type '"outline"' is not assignable to type '"link" | "destructive" | "secondary" | "ghost" | "primary" | "tertiary" | "destructive-secondary" | null | undefined'.
src/features/reputation/reviews/ReviewDetail.tsx(216,33): error TS2322: Type '"outline"' is not assignable to type '"link" | "destructive" | "secondary" | "ghost" | "primary" | "tertiary" | "destructive-secondary" | null | undefined'.
src/features/reputation/reviews/ReviewDetail.tsx(230,17): error TS2322: Type '"outline"' is not assignable to type '"link" | "destructive" | "secondary" | "ghost" | "primary" | "tertiary" | "destructive-secondary" | null | undefined'.
src/features/reputation/reviews/ReviewDetail.tsx(237,17): error TS2322: Type '"outline"' is not assignable to type '"link" | "destructive" | "secondary" | "ghost" | "primary" | "tertiary" | "destructive-secondary" | null | undefined'.
src/features/reputation/reviews/ReviewDetail.tsx(254,21): error TS2322: Type '"outline"' is not assignable to type '"link" | "destructive" | "secondary" | "ghost" | "primary" | "tertiary" | "destructive-secondary" | null | undefined'.
src/features/reputation/reviews/ReviewsList.tsx(22,22): error TS6133: 'useReviewsCount' is declared but its value is never read.
src/features/reputation/reviews/ReviewsList.tsx(38,10): error TS6133: 'showBulkResponse' is declared but its value is never read.
src/features/reputation/reviews/ReviewsList.tsx(47,9): error TS6133: 'assignReview' is declared but its value is never read.
src/features/reputation/reviews/ReviewsList.tsx(218,19): error TS2322: Type '"outline"' is not assignable to type '"link" | "destructive" | "secondary" | "ghost" | "primary" | "tertiary" | "destructive-secondary" | null | undefined'.
src/features/reputation/reviews/ReviewsList.tsx(232,29): error TS2322: Type '"outline"' is not assignable to type '"link" | "destructive" | "secondary" | "ghost" | "primary" | "tertiary" | "destructive-secondary" | null | undefined'.
src/features/reputation/reviews/ReviewsList.tsx(359,9): error TS6133: 'responses' is declared but its value is never read.
src/features/reputation/sources/SourcesList.tsx(13,28): error TS2305: Module '"../hooks/useReviewSources"' has no exported member 'useSyncReviews'.
src/features/reputation/sources/SourcesList.tsx(113,11): error TS2322: Type '"outline"' is not assignable to type '"link" | "destructive" | "secondary" | "ghost" | "primary" | "tertiary" | "destructive-secondary" | null | undefined'.
src/features/reputation/sources/SourcesList.tsx(117,21): error TS2304: Cannot find name 'syncReviews'.
src/features/reputation/sources/SourcesList.tsx(119,52): error TS2304: Cannot find name 'syncReviews'.
src/features/reputation/sources/SourcesList.tsx(122,25): error TS2322: Type '"outline"' is not assignable to type '"link" | "destructive" | "secondary" | "ghost" | "primary" | "tertiary" | "destructive-secondary" | null | undefined'.
src/features/reputation/widgets/ReviewBadge.tsx(29,55): error TS2345: Argument of type '{ platform: "google" | "yelp" | "tripadvisor" | "all"; showRating: boolean; showCount: boolean; theme: "light" | "dark"; sourceId: string | undefined; }' is not assignable to parameter of type 'ReviewBadgeProps'.
  Property 'organizationId' is missing in type '{ platform: "google" | "yelp" | "tripadvisor" | "all"; showRating: boolean; showCount: boolean; theme: "light" | "dark"; sourceId: string | undefined; }' but required in type 'ReviewBadgeProps'.
src/features/reputation/widgets/ReviewBadge.tsx(78,38): error TS2345: Argument of type '{ showRating: string; showCount: string; theme: "light" | "dark" | undefined; source?: string | undefined; platform?: "google" | "yelp" | "tripadvisor" | undefined; org: string; }' is not assignable to parameter of type 'string | Record<string, string> | URLSearchParams | string[][] | undefined'.
  Type '{ showRating: string; showCount: string; theme: "light" | "dark" | undefined; source?: string | undefined; platform?: "google" | "yelp" | "tripadvisor" | undefined; org: string; }' is not assignable to type 'undefined'.
src/features/reputation/widgets/TestimonialCarousel.tsx(25,3): error TS6133: 'organizationId' is declared but its value is never read.
src/features/reputation/widgets/TestimonialCarousel.tsx(118,17): error TS2322: Type '"outline"' is not assignable to type '"link" | "destructive" | "secondary" | "ghost" | "primary" | "tertiary" | "destructive-secondary" | null | undefined'.
src/features/reputation/widgets/TestimonialCarousel.tsx(126,17): error TS2322: Type '"outline"' is not assignable to type '"link" | "destructive" | "secondary" | "ghost" | "primary" | "tertiary" | "destructive-secondary" | null | undefined'.
src/features/social/accounts/AccountsList.tsx(1,1): error TS6133: 'React' is declared but its value is never read.
src/features/social/accounts/AccountsList.tsx(3,10): error TS2305: Module '"@/components/ui/button-untitled"' has no exported member 'Button'.
src/features/social/accounts/AccountsList.tsx(4,10): error TS2305: Module '"@/components/ui/card-untitled"' has no exported member 'Card'.
src/features/social/accounts/AccountsList.tsx(4,16): error TS2305: Module '"@/components/ui/card-untitled"' has no exported member 'CardContent'.
src/features/social/accounts/AccountsList.tsx(4,29): error TS2305: Module '"@/components/ui/card-untitled"' has no exported member 'CardHeader'.
src/features/social/accounts/AccountsList.tsx(4,41): error TS2724: '"@/components/ui/card-untitled"' has no exported member named 'CardTitle'. Did you mean 'CardUntitled'?
src/features/social/accounts/AccountsList.tsx(4,52): error TS2305: Module '"@/components/ui/card-untitled"' has no exported member 'CardFooter'.
src/features/social/accounts/AccountsList.tsx(5,10): error TS2305: Module '"@/components/ui/badge-untitled"' has no exported member 'Badge'.
src/features/social/accounts/AccountsList.tsx(47,9): error TS2322: Type '{ title: string; subtitle: string; actions: Element; }' is not assignable to type 'IntrinsicAttributes & PageHeaderProps'.
  Property 'subtitle' does not exist on type 'IntrinsicAttributes & PageHeaderProps'.
src/features/social/accounts/ConnectAccount.tsx(1,8): error TS6133: 'React' is declared but its value is never read.
src/features/social/accounts/ConnectAccount.tsx(2,10): error TS2305: Module '"@/components/ui/button-untitled"' has no exported member 'Button'.
src/features/social/accounts/ConnectAccount.tsx(3,10): error TS2305: Module '"@/components/ui/card-untitled"' has no exported member 'Card'.
src/features/social/accounts/ConnectAccount.tsx(3,16): error TS2305: Module '"@/components/ui/card-untitled"' has no exported member 'CardContent'.
src/features/social/accounts/ConnectAccount.tsx(3,29): error TS2305: Module '"@/components/ui/card-untitled"' has no exported member 'CardHeader'.
src/features/social/accounts/ConnectAccount.tsx(3,41): error TS2724: '"@/components/ui/card-untitled"' has no exported member named 'CardTitle'. Did you mean 'CardUntitled'?
src/features/social/accounts/ConnectAccount.tsx(12,43): error TS6133: 'onConnect' is declared but its value is never read.
src/features/social/accounts/ConnectAccount.tsx(13,28): error TS6133: 'setSelectedPlatform' is declared but its value is never read.
src/features/social/analytics/SocialAnalytics.tsx(1,1): error TS6133: 'React' is declared but its value is never read.
src/features/social/analytics/SocialAnalytics.tsx(3,10): error TS2305: Module '"@/components/ui/card-untitled"' has no exported member 'Card'.
src/features/social/analytics/SocialAnalytics.tsx(3,16): error TS2305: Module '"@/components/ui/card-untitled"' has no exported member 'CardContent'.
src/features/social/analytics/SocialAnalytics.tsx(3,29): error TS2305: Module '"@/components/ui/card-untitled"' has no exported member 'CardHeader'.
src/features/social/analytics/SocialAnalytics.tsx(3,41): error TS2724: '"@/components/ui/card-untitled"' has no exported member named 'CardTitle'. Did you mean 'CardUntitled'?
src/features/social/analytics/SocialAnalytics.tsx(21,25): error TS2339: Property 'total_followers' does not exist on type 'never'.
src/features/social/analytics/SocialAnalytics.tsx(28,28): error TS2339: Property 'avg_engagement_rate' does not exist on type 'never'.
src/features/social/analytics/SocialAnalytics.tsx(35,25): error TS2339: Property 'total_posts' does not exist on type 'never'.
src/features/social/analytics/SocialAnalytics.tsx(42,25): error TS2339: Property 'avg_likes' does not exist on type 'never'.
src/features/social/analytics/SocialAnalytics.tsx(53,9): error TS2322: Type '{ title: string; subtitle: string; }' is not assignable to type 'IntrinsicAttributes & PageHeaderProps'.
  Property 'subtitle' does not exist on type 'IntrinsicAttributes & PageHeaderProps'.
src/features/social/calendar/DayView.tsx(1,1): error TS6133: 'React' is declared but its value is never read.
src/features/social/calendar/DayView.tsx(2,40): error TS6133: 'addHours' is declared but its value is never read.
src/features/social/calendar/DayView.tsx(3,10): error TS2305: Module '"@/components/ui/card-untitled"' has no exported member 'Card'.
src/features/social/calendar/DayView.tsx(3,16): error TS2305: Module '"@/components/ui/card-untitled"' has no exported member 'CardContent'.
src/features/social/calendar/DayView.tsx(4,10): error TS2305: Module '"@/components/ui/badge-untitled"' has no exported member 'Badge'.
src/features/social/calendar/DayView.tsx(5,10): error TS2305: Module '"@/components/ui/button-untitled"' has no exported member 'Button'.
src/features/social/calendar/DayView.tsx(25,38): error TS2339: Property 'scheduled_for' does not exist on type 'never'.
src/features/social/calendar/DayView.tsx(64,35): error TS2339: Property 'id' does not exist on type 'never'.
src/features/social/calendar/DayView.tsx(66,59): error TS2339: Property 'id' does not exist on type 'never'.
src/features/social/calendar/DayView.tsx(73,59): error TS2339: Property 'social_accounts' does not exist on type 'never'.
src/features/social/calendar/DayView.tsx(76,41): error TS2339: Property 'social_accounts' does not exist on type 'never'.
src/features/social/calendar/DayView.tsx(78,64): error TS2339: Property 'status' does not exist on type 'never'.
src/features/social/calendar/DayView.tsx(81,39): error TS2339: Property 'social_posts' does not exist on type 'never'.
src/features/social/calendar/DayView.tsx(84,55): error TS2339: Property 'scheduled_for' does not exist on type 'never'.
src/features/social/calendar/DayView.tsx(92,43): error TS7006: Parameter 'e' implicitly has an 'any' type.
src/features/social/calendar/DayView.tsx(102,43): error TS7006: Parameter 'e' implicitly has an 'any' type.
src/features/social/calendar/SocialCalendar.tsx(1,8): error TS6133: 'React' is declared but its value is never read.
src/features/social/calendar/SocialCalendar.tsx(3,10): error TS2305: Module '"@/components/ui/button-untitled"' has no exported member 'Button'.
src/features/social/calendar/SocialCalendar.tsx(4,10): error TS2305: Module '"@/components/ui/card-untitled"' has no exported member 'Card'.
src/features/social/calendar/SocialCalendar.tsx(4,16): error TS2305: Module '"@/components/ui/card-untitled"' has no exported member 'CardContent'.
src/features/social/calendar/SocialCalendar.tsx(4,29): error TS2305: Module '"@/components/ui/card-untitled"' has no exported member 'CardHeader'.
src/features/social/calendar/SocialCalendar.tsx(4,29): error TS6133: 'CardHeader' is declared but its value is never read.
src/features/social/calendar/SocialCalendar.tsx(4,41): error TS2724: '"@/components/ui/card-untitled"' has no exported member named 'CardTitle'. Did you mean 'CardUntitled'?
src/features/social/calendar/SocialCalendar.tsx(4,41): error TS6133: 'CardTitle' is declared but its value is never read.
src/features/social/calendar/SocialCalendar.tsx(5,1): error TS6133: 'Badge' is declared but its value is never read.
src/features/social/calendar/SocialCalendar.tsx(5,10): error TS2305: Module '"@/components/ui/badge-untitled"' has no exported member 'Badge'.
src/features/social/calendar/SocialCalendar.tsx(16,10): error TS6133: 'selectedPost' is declared but its value is never read.
src/features/social/calendar/SocialCalendar.tsx(38,38): error TS2339: Property 'scheduled_for' does not exist on type 'never'.
src/features/social/calendar/SocialCalendar.tsx(89,24): error TS2367: This comparison appears to be unintentional because the types '"month" | "week"' and '"day"' have no overlap.
src/features/social/calendar/SocialCalendar.tsx(162,41): error TS2339: Property 'id' does not exist on type 'never'.
src/features/social/calendar/SocialCalendar.tsx(166,54): error TS2339: Property 'id' does not exist on type 'never'.
src/features/social/calendar/SocialCalendar.tsx(169,67): error TS2339: Property 'social_accounts' does not exist on type 'never'.
src/features/social/calendar/SocialCalendar.tsx(171,39): error TS2339: Property 'social_posts' does not exist on type 'never'.
src/features/social/campaigns/CampaignAnalytics.tsx(1,1): error TS6133: 'React' is declared but its value is never read.
src/features/social/campaigns/CampaignAnalytics.tsx(2,10): error TS2305: Module '"@/components/ui/card-untitled"' has no exported member 'Card'.
src/features/social/campaigns/CampaignAnalytics.tsx(2,16): error TS2305: Module '"@/components/ui/card-untitled"' has no exported member 'CardContent'.
src/features/social/campaigns/CampaignAnalytics.tsx(2,29): error TS2305: Module '"@/components/ui/card-untitled"' has no exported member 'CardHeader'.
src/features/social/campaigns/CampaignAnalytics.tsx(2,41): error TS2724: '"@/components/ui/card-untitled"' has no exported member named 'CardTitle'. Did you mean 'CardUntitled'?
src/features/social/campaigns/CampaignAnalytics.tsx(3,29): error TS6133: 'MessageCircle' is declared but its value is never read.
src/features/social/campaigns/CampaignAnalytics.tsx(3,44): error TS6133: 'Share2' is declared but its value is never read.
src/features/social/campaigns/CampaignAnalytics.tsx(9,35): error TS6133: 'campaignId' is declared but its value is never read.
src/features/social/campaigns/CampaignBuilder.tsx(1,8): error TS6133: 'React' is declared but its value is never read.
src/features/social/campaigns/CampaignBuilder.tsx(3,10): error TS2305: Module '"@/components/ui/button-untitled"' has no exported member 'Button'.
src/features/social/campaigns/CampaignBuilder.tsx(4,10): error TS2305: Module '"@/components/ui/card-untitled"' has no exported member 'Card'.
src/features/social/campaigns/CampaignBuilder.tsx(4,16): error TS2305: Module '"@/components/ui/card-untitled"' has no exported member 'CardContent'.
src/features/social/campaigns/CampaignBuilder.tsx(4,29): error TS2305: Module '"@/components/ui/card-untitled"' has no exported member 'CardHeader'.
src/features/social/campaigns/CampaignBuilder.tsx(4,41): error TS2724: '"@/components/ui/card-untitled"' has no exported member named 'CardTitle'. Did you mean 'CardUntitled'?
src/features/social/campaigns/CampaignBuilder.tsx(5,10): error TS2305: Module '"@/components/ui/input-untitled"' has no exported member 'Input'.
src/features/social/campaigns/CampaignBuilder.tsx(6,10): error TS2305: Module '"@/components/ui/textarea-untitled"' has no exported member 'Textarea'.
src/features/social/campaigns/CampaignBuilder.tsx(7,10): error TS2305: Module '"@/components/ui/badge-untitled"' has no exported member 'Badge'.
src/features/social/campaigns/CampaignBuilder.tsx(8,16): error TS6133: 'Calendar' is declared but its value is never read.
src/features/social/campaigns/CampaignBuilder.tsx(8,26): error TS6133: 'TrendingUp' is declared but its value is never read.
src/features/social/campaigns/CampaignBuilder.tsx(59,30): error TS7006: Parameter 'e' implicitly has an 'any' type.
src/features/social/campaigns/CampaignBuilder.tsx(68,30): error TS7006: Parameter 'e' implicitly has an 'any' type.
src/features/social/campaigns/CampaignBuilder.tsx(85,30): error TS7006: Parameter 'e' implicitly has an 'any' type.
src/features/social/campaigns/CampaignBuilder.tsx(87,32): error TS7006: Parameter 'e' implicitly has an 'any' type.
src/features/social/campaigns/CampaignsList.tsx(1,1): error TS6133: 'React' is declared but its value is never read.
src/features/social/campaigns/CampaignsList.tsx(3,10): error TS2305: Module '"@/components/ui/button-untitled"' has no exported member 'Button'.
src/features/social/campaigns/CampaignsList.tsx(4,10): error TS2305: Module '"@/components/ui/card-untitled"' has no exported member 'Card'.
src/features/social/campaigns/CampaignsList.tsx(4,16): error TS2305: Module '"@/components/ui/card-untitled"' has no exported member 'CardContent'.
src/features/social/campaigns/CampaignsList.tsx(5,10): error TS2305: Module '"@/components/ui/badge-untitled"' has no exported member 'Badge'.
src/features/social/campaigns/CampaignsList.tsx(85,14): error TS6133: 'row' is declared but its value is never read.
src/features/social/campaigns/CampaignsList.tsx(105,9): error TS2322: Type '{ title: string; subtitle: string; actions: Element; }' is not assignable to type 'IntrinsicAttributes & PageHeaderProps'.
  Property 'subtitle' does not exist on type 'IntrinsicAttributes & PageHeaderProps'.
src/features/social/campaigns/CampaignsList.tsx(131,17): error TS2322: Type '{ columns: ({ id: string; header: string; cell: (row: any) => Element; } | { id: string; header: string; cell: (row: any) => string; })[]; data: { id: string; name: string; description: string; status: string; posts_count: number; scheduled_count: number; published_count: number; created_at: Date; }[]; pagination: t...' is not assignable to type 'IntrinsicAttributes & DataTableProps<{ id: string; name: string; description: string; status: string; posts_count: number; scheduled_count: number; published_count: number; created_at: Date; }>'.
  Property 'pagination' does not exist on type 'IntrinsicAttributes & DataTableProps<{ id: string; name: string; description: string; status: string; posts_count: number; scheduled_count: number; published_count: number; created_at: Date; }>'.
src/features/social/composer/AccountSelector.tsx(1,1): error TS6133: 'React' is declared but its value is never read.
src/features/social/composer/AccountSelector.tsx(2,10): error TS2305: Module '"@/components/ui/badge-untitled"' has no exported member 'Badge'.
src/features/social/composer/AccountSelector.tsx(3,10): error TS2305: Module '"@/components/ui/button-untitled"' has no exported member 'Button'.
src/features/social/composer/AccountSelector.tsx(4,10): error TS2305: Module '"@/components/ui/switch"' has no exported member 'Checkbox'.
src/features/social/composer/EmojiPicker.tsx(1,8): error TS6133: 'React' is declared but its value is never read.
src/features/social/composer/EmojiPicker.tsx(2,10): error TS2305: Module '"@/components/ui/button-untitled"' has no exported member 'Button'.
src/features/social/composer/EmojiPicker.tsx(3,10): error TS2305: Module '"@/components/ui/dropdown-menu"' has no exported member 'Popover'.
src/features/social/composer/EmojiPicker.tsx(3,19): error TS2305: Module '"@/components/ui/dropdown-menu"' has no exported member 'PopoverContent'.
src/features/social/composer/EmojiPicker.tsx(3,35): error TS2305: Module '"@/components/ui/dropdown-menu"' has no exported member 'PopoverTrigger'.
src/features/social/composer/HashtagSuggestions.tsx(1,8): error TS6133: 'React' is declared but its value is never read.
src/features/social/composer/HashtagSuggestions.tsx(2,10): error TS2305: Module '"@/components/ui/button-untitled"' has no exported member 'Button'.
src/features/social/composer/HashtagSuggestions.tsx(3,10): error TS2305: Module '"@/components/ui/dropdown-menu"' has no exported member 'Popover'.
src/features/social/composer/HashtagSuggestions.tsx(3,19): error TS2305: Module '"@/components/ui/dropdown-menu"' has no exported member 'PopoverContent'.
src/features/social/composer/HashtagSuggestions.tsx(3,35): error TS2305: Module '"@/components/ui/dropdown-menu"' has no exported member 'PopoverTrigger'.
src/features/social/composer/MediaUploader.tsx(2,10): error TS2305: Module '"@/components/ui/button-untitled"' has no exported member 'Button'.
src/features/social/composer/MediaUploader.tsx(4,1): error TS6133: 'cn' is declared but its value is never read.
src/features/social/composer/MediaUploader.tsx(16,3): error TS6133: 'maxFiles' is declared but its value is never read.
src/features/social/composer/PostComposer.tsx(1,8): error TS6133: 'React' is declared but its value is never read.
src/features/social/composer/PostComposer.tsx(2,10): error TS2305: Module '"@/components/ui/button-untitled"' has no exported member 'Button'.
src/features/social/composer/PostComposer.tsx(3,10): error TS2305: Module '"@/components/ui/textarea-untitled"' has no exported member 'Textarea'.
src/features/social/composer/PostComposer.tsx(5,10): error TS2305: Module '"@/components/ui/card-untitled"' has no exported member 'Card'.
src/features/social/composer/PostComposer.tsx(5,16): error TS2305: Module '"@/components/ui/card-untitled"' has no exported member 'CardContent'.
src/features/social/composer/PostComposer.tsx(5,29): error TS2305: Module '"@/components/ui/card-untitled"' has no exported member 'CardHeader'.
src/features/social/composer/PostComposer.tsx(5,41): error TS2724: '"@/components/ui/card-untitled"' has no exported member named 'CardTitle'. Did you mean 'CardUntitled'?
src/features/social/composer/PostComposer.tsx(6,1): error TS6133: 'Badge' is declared but its value is never read.
src/features/social/composer/PostComposer.tsx(6,10): error TS2305: Module '"@/components/ui/badge-untitled"' has no exported member 'Badge'.
src/features/social/composer/PostComposer.tsx(8,1): error TS6133: 'useSocialAccounts' is declared but its value is never read.
src/features/social/composer/PostComposer.tsx(8,10): error TS2305: Module '"../hooks/useSocialPosts"' has no exported member 'useSocialAccounts'.
src/features/social/composer/PostComposer.tsx(18,1): error TS6133: 'cn' is declared but its value is never read.
src/features/social/composer/PostComposer.tsx(36,38): error TS2304: Cannot find name 'useSocialPosts'.
src/features/social/composer/PostComposer.tsx(97,24): error TS2339: Property 'id' does not exist on type 'never'.
src/features/social/composer/PostComposer.tsx(98,26): error TS2339: Property 'file_type' does not exist on type 'never'.
src/features/social/composer/PostComposer.tsx(99,25): error TS2339: Property 'file_url' does not exist on type 'never'.
src/features/social/composer/PostComposer.tsx(100,31): error TS2339: Property 'thumbnail_url' does not exist on type 'never'.
src/features/social/composer/PostComposer.tsx(100,57): error TS2339: Property 'file_url' does not exist on type 'never'.
src/features/social/composer/PostComposer.tsx(101,27): error TS2339: Property 'width' does not exist on type 'never'.
src/features/social/composer/PostComposer.tsx(102,28): error TS2339: Property 'height' does not exist on type 'never'.
src/features/social/composer/PostComposer.tsx(103,30): error TS2339: Property 'duration_seconds' does not exist on type 'never'.
src/features/social/composer/PostComposer.tsx(142,28): error TS7006: Parameter 'e' implicitly has an 'any' type.
src/features/social/composer/PostComposer.tsx(304,34): error TS7006: Parameter 'e' implicitly has an 'any' type.
src/features/social/composer/PostPreview.tsx(1,1): error TS6133: 'React' is declared but its value is never read.
src/features/social/composer/PostPreview.tsx(2,10): error TS2305: Module '"@/components/ui/card-untitled"' has no exported member 'Card'.
src/features/social/composer/PostPreview.tsx(2,16): error TS2305: Module '"@/components/ui/card-untitled"' has no exported member 'CardContent'.
src/features/social/composer/PostPreview.tsx(3,10): error TS2305: Module '"@/components/ui/badge-untitled"' has no exported member 'Badge'.
src/features/social/composer/PostPreview.tsx(4,1): error TS6133: 'formatDistanceToNow' is declared but its value is never read.
src/features/social/composer/SchedulePicker.tsx(1,1): error TS6133: 'React' is declared but its value is never read.
src/features/social/composer/SchedulePicker.tsx(2,10): error TS2305: Module '"@/components/ui/button-untitled"' has no exported member 'Button'.
src/features/social/composer/SchedulePicker.tsx(3,26): error TS2307: Cannot find module '@/components/ui/calendar' or its corresponding type declarations.
src/features/social/composer/SchedulePicker.tsx(4,10): error TS2305: Module '"@/components/ui/dropdown-menu"' has no exported member 'Popover'.
src/features/social/composer/SchedulePicker.tsx(4,19): error TS2305: Module '"@/components/ui/dropdown-menu"' has no exported member 'PopoverContent'.
src/features/social/composer/SchedulePicker.tsx(4,35): error TS2305: Module '"@/components/ui/dropdown-menu"' has no exported member 'PopoverTrigger'.
src/features/social/composer/SchedulePicker.tsx(71,26): error TS7006: Parameter 'date' implicitly has an 'any' type.
src/features/social/hooks/useMediaLibrary.ts(4,1): error TS6133: 'MediaFile' is declared but its value is never read.
src/features/social/hooks/useMediaLibrary.ts(45,32): error TS2345: Argument of type 'string | null' is not assignable to parameter of type '{}'.
  Type 'null' is not assignable to type '{}'.
src/features/social/hooks/useMediaLibrary.ts(93,10): error TS2769: No overload matches this call.
  Overload 1 of 2, '(values: never, options?: { count?: "exact" | "planned" | "estimated" | undefined; } | undefined): PostgrestFilterBuilder<{ PostgrestVersion: "12"; }, never, never, null, "social_media_library", never, "POST">', gave the following error.
    Argument of type '{ organization_id: string | null; file_name: string; file_url: string; file_type: string; file_size_bytes: number; folder: string; }' is not assignable to parameter of type 'never'.
  Overload 2 of 2, '(values: never[], options?: { count?: "exact" | "planned" | "estimated" | undefined; defaultToNull?: boolean | undefined; } | undefined): PostgrestFilterBuilder<{ PostgrestVersion: "12"; }, never, never, null, "social_media_library", never, "POST">', gave the following error.
    Object literal may only specify known properties, and 'organization_id' does not exist in type 'never[]'.
src/features/social/hooks/useMediaLibrary.ts(123,17): error TS2345: Argument of type '{ folder: string | undefined; tags: string[] | null | undefined; alt_text: string | null | undefined; }' is not assignable to parameter of type 'never'.
src/features/social/hooks/useMediaLibrary.ts(152,32): error TS2339: Property 'file_url' does not exist on type 'never'.
src/features/social/hooks/useMediaLibrary.ts(185,17): error TS2345: Argument of type '{ folder?: string | undefined; tags?: string[] | undefined; }' is not assignable to parameter of type 'never'.
src/features/social/hooks/useMediaLibrary.ts(218,82): error TS2345: Argument of type '{ p_organization_id: string | null; p_account_id: string | null; p_days: number; }' is not assignable to parameter of type 'undefined'.
src/features/social/hooks/useSocialAccounts.ts(42,32): error TS2345: Argument of type 'string | null' is not assignable to parameter of type '{}'.
  Type 'null' is not assignable to type '{}'.
src/features/social/hooks/useSocialAccounts.ts(70,10): error TS2769: No overload matches this call.
  Overload 1 of 2, '(values: never, options?: { count?: "exact" | "planned" | "estimated" | undefined; } | undefined): PostgrestFilterBuilder<{ PostgrestVersion: "12"; }, never, never, null, "social_accounts", never, "POST">', gave the following error.
    Argument of type '{ organization_id: string | null; platform: SocialPlatform; account_name: string; account_id: string | undefined; username: string | undefined; profile_url: string | undefined; ... 6 more ...; can_analytics: boolean; }' is not assignable to parameter of type 'never'.
  Overload 2 of 2, '(values: never[], options?: { count?: "exact" | "planned" | "estimated" | undefined; defaultToNull?: boolean | undefined; } | undefined): PostgrestFilterBuilder<{ PostgrestVersion: "12"; }, never, never, null, "social_accounts", never, "POST">', gave the following error.
    Object literal may only specify known properties, and 'organization_id' does not exist in type 'never[]'.
src/features/social/hooks/useSocialAccounts.ts(122,17): error TS2345: Argument of type '{ auto_post: boolean | undefined; default_hashtags: string[] | null | undefined; }' is not assignable to parameter of type 'never'.
src/features/social/hooks/useSocialAccounts.ts(143,17): error TS2345: Argument of type '{ last_synced_at: string; }' is not assignable to parameter of type 'never'.
src/features/social/hooks/useSocialAccounts.ts(183,32): error TS2345: Argument of type 'string | null' is not assignable to parameter of type '{}'.
  Type 'null' is not assignable to type '{}'.
src/features/social/hooks/useSocialPosts.ts(4,25): error TS6196: 'ScheduledPost' is declared but never used.
src/features/social/hooks/useSocialPosts.ts(39,32): error TS2345: Argument of type 'string | null' is not assignable to parameter of type '{}'.
  Type 'null' is not assignable to type '{}'.
src/features/social/hooks/useSocialPosts.ts(58,10): error TS2769: No overload matches this call.
  Overload 1 of 2, '(values: never, options?: { count?: "exact" | "planned" | "estimated" | undefined; } | undefined): PostgrestFilterBuilder<{ PostgrestVersion: "12"; }, never, never, null, "social_posts", never, "POST">', gave the following error.
    Argument of type '{ organization_id: string | null; content: string; media_urls: string[]; media_type: string; link_url: string | undefined; link_title: string | undefined; link_description: string | undefined; ... 4 more ...; status: string; }' is not assignable to parameter of type 'never'.
  Overload 2 of 2, '(values: never[], options?: { count?: "exact" | "planned" | "estimated" | undefined; defaultToNull?: boolean | undefined; } | undefined): PostgrestFilterBuilder<{ PostgrestVersion: "12"; }, never, never, null, "social_posts", never, "POST">', gave the following error.
    Object literal may only specify known properties, and 'organization_id' does not exist in type 'never[]'.
src/features/social/hooks/useSocialPosts.ts(90,17): error TS2345: Argument of type '{ content: string | undefined; media_urls: string[] | undefined; link_url: string | undefined; link_title: string | undefined; link_description: string | undefined; link_image_url: string | undefined; internal_notes: string | undefined; }' is not assignable to parameter of type 'never'.
src/features/social/hooks/useSocialPosts.ts(162,32): error TS2345: Argument of type 'string | null' is not assignable to parameter of type '{}'.
  Type 'null' is not assignable to type '{}'.
src/features/social/hooks/useSocialPosts.ts(193,32): error TS2345: Argument of type 'string | null' is not assignable to parameter of type '{}'.
  Type 'null' is not assignable to type '{}'.
src/features/social/lib/composer.ts(1,10): error TS1484: 'SocialPlatform' is a type and must be imported using a type-only import when 'verbatimModuleSyntax' is enabled.
src/features/social/lib/composer.ts(1,60): error TS6133: 'validateContentForPlatform' is declared but its value is never read.
src/features/social/lib/composer.ts(222,3): error TS6133: 'followerCount' is declared but its value is never read.
src/features/social/lib/platforms.ts(1,1): error TS6192: All imports in import declaration are unused.
src/features/social/lib/platforms.ts(119,9): error TS6133: 'config' is declared but its value is never read.
src/features/social/lib/scheduler.ts(1,10): error TS1484: 'SocialPlatform' is a type and must be imported using a type-only import when 'verbatimModuleSyntax' is enabled.
src/features/social/lib/scheduler.ts(141,24): error TS2304: Cannot find name 'getBestTimeToPost'.
src/features/social/media/MediaLibrary.tsx(3,10): error TS2305: Module '"@/components/ui/button-untitled"' has no exported member 'Button'.
src/features/social/media/MediaLibrary.tsx(4,10): error TS2305: Module '"@/components/ui/card-untitled"' has no exported member 'Card'.
src/features/social/media/MediaLibrary.tsx(4,16): error TS2305: Module '"@/components/ui/card-untitled"' has no exported member 'CardContent'.
src/features/social/media/MediaLibrary.tsx(5,10): error TS2305: Module '"@/components/ui/badge-untitled"' has no exported member 'Badge'.
src/features/social/media/MediaLibrary.tsx(7,26): error TS6133: 'Filter' is declared but its value is never read.
src/features/social/media/MediaLibrary.tsx(7,68): error TS6133: 'Edit' is declared but its value is never read.
src/features/social/media/MediaLibrary.tsx(69,9): error TS2322: Type '{ title: string; subtitle: string; actions: Element; }' is not assignable to type 'IntrinsicAttributes & PageHeaderProps'.
  Property 'subtitle' does not exist on type 'IntrinsicAttributes & PageHeaderProps'.
src/features/social/media/MediaLibrary.tsx(154,76): error TS2339: Property 'click' does not exist on type 'Element'.
src/features/social/posts/PostAnalytics.tsx(1,1): error TS6133: 'React' is declared but its value is never read.
src/features/social/posts/PostAnalytics.tsx(2,10): error TS2305: Module '"@/components/ui/card-untitled"' has no exported member 'Card'.
src/features/social/posts/PostAnalytics.tsx(2,16): error TS2305: Module '"@/components/ui/card-untitled"' has no exported member 'CardContent'.
src/features/social/posts/PostAnalytics.tsx(2,29): error TS2305: Module '"@/components/ui/card-untitled"' has no exported member 'CardHeader'.
src/features/social/posts/PostAnalytics.tsx(2,41): error TS2724: '"@/components/ui/card-untitled"' has no exported member named 'CardTitle'. Did you mean 'CardUntitled'?
src/features/social/posts/PostAnalytics.tsx(10,31): error TS6133: 'postId' is declared but its value is never read.
src/features/social/posts/PostAnalytics.tsx(24,25): error TS2339: Property 'total_impressions' does not exist on type 'never'.
src/features/social/posts/PostAnalytics.tsx(30,25): error TS2339: Property 'total_engagement' does not exist on type 'never'.
src/features/social/posts/PostAnalytics.tsx(36,25): error TS2339: Property 'avg_likes' does not exist on type 'never'.
src/features/social/posts/PostAnalytics.tsx(42,25): error TS2339: Property 'total_comments' does not exist on type 'never'.
src/features/social/posts/PostAnalytics.tsx(48,25): error TS2339: Property 'total_shares' does not exist on type 'never'.
src/features/social/posts/PostAnalytics.tsx(54,25): error TS2339: Property 'total_followers' does not exist on type 'never'.
src/features/social/posts/PostAnalytics.tsx(87,25): error TS2339: Property 'avg_engagement_rate' does not exist on type 'never'.
src/features/social/posts/PostDetails.tsx(1,1): error TS6133: 'React' is declared but its value is never read.
src/features/social/posts/PostDetails.tsx(4,10): error TS2305: Module '"@/components/ui/button-untitled"' has no exported member 'Button'.
src/features/social/posts/PostDetails.tsx(5,10): error TS2305: Module '"@/components/ui/card-untitled"' has no exported member 'Card'.
src/features/social/posts/PostDetails.tsx(5,16): error TS2305: Module '"@/components/ui/card-untitled"' has no exported member 'CardContent'.
src/features/social/posts/PostDetails.tsx(5,29): error TS2305: Module '"@/components/ui/card-untitled"' has no exported member 'CardHeader'.
src/features/social/posts/PostDetails.tsx(5,41): error TS2724: '"@/components/ui/card-untitled"' has no exported member named 'CardTitle'. Did you mean 'CardUntitled'?
src/features/social/posts/PostDetails.tsx(6,10): error TS2305: Module '"@/components/ui/badge-untitled"' has no exported member 'Badge'.
src/features/social/posts/PostDetails.tsx(7,35): error TS6133: 'Calendar' is declared but its value is never read.
src/features/social/posts/PostDetails.tsx(69,28): error TS2339: Property 'status' does not exist on type 'never'.
src/features/social/posts/PostDetails.tsx(73,54): error TS2339: Property 'content' does not exist on type 'never'.
src/features/social/posts/PostDetails.tsx(75,19): error TS2339: Property 'media_urls' does not exist on type 'never'.
src/features/social/posts/PostDetails.tsx(75,38): error TS2339: Property 'media_urls' does not exist on type 'never'.
src/features/social/posts/PostDetails.tsx(77,23): error TS2339: Property 'media_urls' does not exist on type 'never'.
src/features/social/posts/PostDetails.tsx(77,39): error TS7006: Parameter 'url' implicitly has an 'any' type.
src/features/social/posts/PostDetails.tsx(77,44): error TS7006: Parameter 'index' implicitly has an 'any' type.
src/features/social/posts/PostDetails.tsx(88,19): error TS2339: Property 'link_url' does not exist on type 'never'.
src/features/social/posts/PostDetails.tsx(91,30): error TS2339: Property 'link_url' does not exist on type 'never'.
src/features/social/posts/PostDetails.tsx(96,25): error TS2339: Property 'link_title' does not exist on type 'never'.
src/features/social/posts/PostDetails.tsx(96,44): error TS2339: Property 'link_url' does not exist on type 'never'.
src/features/social/posts/PostDetails.tsx(98,23): error TS2339: Property 'link_description' does not exist on type 'never'.
src/features/social/posts/PostDetails.tsx(99,73): error TS2339: Property 'link_description' does not exist on type 'never'.
src/features/social/posts/PostDetails.tsx(107,15): error TS2339: Property 'social_scheduled_posts' does not exist on type 'never'.
src/features/social/posts/PostDetails.tsx(107,46): error TS2339: Property 'social_scheduled_posts' does not exist on type 'never'.
src/features/social/posts/PostDetails.tsx(114,23): error TS2339: Property 'social_scheduled_posts' does not exist on type 'never'.
src/features/social/posts/PostDetails.tsx(144,43): error TS2339: Property 'created_at' does not exist on type 'never'.
src/features/social/posts/PostDetails.tsx(148,50): error TS2339: Property 'post_type' does not exist on type 'never'.
src/features/social/posts/PostDetails.tsx(150,21): error TS2339: Property 'campaign_id' does not exist on type 'never'.
src/features/social/posts/PostDetails.tsx(153,29): error TS2339: Property 'campaign_id' does not exist on type 'never'.
src/features/social/posts/PostDetails.tsx(156,21): error TS2339: Property 'internal_notes' does not exist on type 'never'.
src/features/social/posts/PostDetails.tsx(160,27): error TS2339: Property 'internal_notes' does not exist on type 'never'.
src/features/social/posts/PostsList.tsx(1,8): error TS6133: 'React' is declared but its value is never read.
src/features/social/posts/PostsList.tsx(3,10): error TS2305: Module '"@/components/ui/button-untitled"' has no exported member 'Button'.
src/features/social/posts/PostsList.tsx(4,10): error TS2305: Module '"@/components/ui/card-untitled"' has no exported member 'Card'.
src/features/social/posts/PostsList.tsx(4,16): error TS2305: Module '"@/components/ui/card-untitled"' has no exported member 'CardContent'.
src/features/social/posts/PostsList.tsx(5,10): error TS2305: Module '"@/components/ui/badge-untitled"' has no exported member 'Badge'.
src/features/social/posts/PostsList.tsx(8,42): error TS6133: 'Filter' is declared but its value is never read.
src/features/social/posts/PostsList.tsx(15,26): error TS6133: 'setSelectedStatus' is declared but its value is never read.
src/features/social/posts/PostsList.tsx(20,17): error TS2339: Property 'status' does not exist on type 'never'.
src/features/social/posts/PostsList.tsx(114,9): error TS2322: Type '{ title: string; subtitle: string; actions: Element; }' is not assignable to type 'IntrinsicAttributes & PageHeaderProps'.
  Property 'subtitle' does not exist on type 'IntrinsicAttributes & PageHeaderProps'.
src/features/social/posts/PostsList.tsx(144,17): error TS2322: Type '{ columns: ({ id: string; header: string; cell: (row: any) => Element; } | { id: string; header: string; cell: (row: any) => string; })[]; data: never[]; pagination: true; }' is not assignable to type 'IntrinsicAttributes & DataTableProps<never>'.
  Property 'pagination' does not exist on type 'IntrinsicAttributes & DataTableProps<never>'.
src/features/social/SocialLayout.tsx(1,1): error TS6133: 'React' is declared but its value is never read.
src/lib/ai/commands.ts(493,8): error TS2769: No overload matches this call.
  Overload 1 of 2, '(values: never, options?: { count?: "exact" | "planned" | "estimated" | undefined; } | undefined): PostgrestFilterBuilder<{ PostgrestVersion: "12"; }, never, never, null, "workflows", never, "POST">', gave the following error.
    Argument of type '{ organization_id: string; name: any; description: any; trigger_type: any; trigger_config: any; status: string; definition: { nodes: never[]; edges: never[]; }; }' is not assignable to parameter of type 'never'.
  Overload 2 of 2, '(values: never[], options?: { count?: "exact" | "planned" | "estimated" | undefined; defaultToNull?: boolean | undefined; } | undefined): PostgrestFilterBuilder<{ PostgrestVersion: "12"; }, never, never, null, "workflows", never, "POST">', gave the following error.
    Object literal may only specify known properties, and 'organization_id' does not exist in type 'never[]'.
src/lib/ai/commands.ts(495,15): error TS18046: 'params' is of type 'unknown'.
src/lib/ai/commands.ts(496,22): error TS18046: 'params' is of type 'unknown'.
src/lib/ai/commands.ts(497,23): error TS18046: 'params' is of type 'unknown'.
src/lib/ai/commands.ts(498,25): error TS18046: 'params' is of type 'unknown'.
src/lib/ai/commands.ts(538,8): error TS2769: No overload matches this call.
  Overload 1 of 2, '(values: never, options?: { count?: "exact" | "planned" | "estimated" | undefined; } | undefined): PostgrestFilterBuilder<{ PostgrestVersion: "12"; }, never, never, null, "workflow_executions", never, "POST">', gave the following error.
    Argument of type '{ workflow_id: any; organization_id: string; status: string; input: any; }' is not assignable to parameter of type 'never'.
  Overload 2 of 2, '(values: never[], options?: { count?: "exact" | "planned" | "estimated" | undefined; defaultToNull?: boolean | undefined; } | undefined): PostgrestFilterBuilder<{ PostgrestVersion: "12"; }, never, never, null, "workflow_executions", never, "POST">', gave the following error.
    Object literal may only specify known properties, and 'workflow_id' does not exist in type 'never[]'.
src/lib/ai/commands.ts(539,22): error TS18046: 'params' is of type 'unknown'.
src/lib/ai/commands.ts(542,16): error TS18046: 'params' is of type 'unknown'.
src/lib/ai/commands.ts(578,17): error TS18046: 'params' is of type 'unknown'.
src/lib/ai/commands.ts(636,13): error TS18046: 'params' is of type 'unknown'.
src/lib/ai/commands.ts(666,13): error TS18046: 'params' is of type 'unknown'.
src/lib/ai/commands.ts(666,63): error TS18046: 'params' is of type 'unknown'.
src/lib/ai/commands.ts(667,13): error TS18046: 'params' is of type 'unknown'.
src/lib/ai/commands.ts(667,59): error TS18046: 'params' is of type 'unknown'.
src/lib/ai/commands.ts(674,13): error TS18046: 'params' is of type 'unknown'.
src/lib/ai/commands.ts(708,17): error TS18046: 'params' is of type 'unknown'.
src/lib/ai/commands.ts(752,26): error TS18046: 'params' is of type 'unknown'.
src/lib/ai/commands.ts(835,19): error TS18046: 'params' is of type 'unknown'.
src/lib/ai/commands.ts(836,26): error TS18046: 'params' is of type 'unknown'.
src/lib/ai/commands.ts(845,38): error TS18046: 'params' is of type 'unknown'.
src/lib/ai/commands.ts(845,72): error TS18046: 'params' is of type 'unknown'.
src/lib/ai/commands.ts(845,102): error TS18046: 'params' is of type 'unknown'.
src/lib/ai/commands.ts(855,32): error TS18046: 'params' is of type 'unknown'.
src/lib/ai/commands.ts(865,32): error TS18046: 'params' is of type 'unknown'.
src/lib/ai/commands.ts(875,32): error TS18046: 'params' is of type 'unknown'.
src/lib/ai/commands.ts(885,14): error TS18046: 'params' is of type 'unknown'.
src/lib/ai/context.ts(17,1): error TS6133: 'User' is declared but its value is never read.
src/lib/ai/context.ts(118,64): error TS2339: Property 'role' does not exist on type 'never'.
src/lib/ai/context.ts(222,8): error TS2769: No overload matches this call.
  Overload 1 of 2, '(values: never, options?: { count?: "exact" | "planned" | "estimated" | undefined; } | undefined): PostgrestFilterBuilder<{ PostgrestVersion: "12"; }, never, never, null, "conversation_memories", never, "POST">', gave the following error.
    Argument of type '{ user_id: string; organization_id: string; messages: Record<string, unknown>; context_data: Record<string, unknown>; summary: string; token_count: number; created_at: string; updated_at: string; }' is not assignable to parameter of type 'never'.
  Overload 2 of 2, '(values: never[], options?: { count?: "exact" | "planned" | "estimated" | undefined; defaultToNull?: boolean | undefined; } | undefined): PostgrestFilterBuilder<{ PostgrestVersion: "12"; }, never, never, null, "conversation_memories", never, "POST">', gave the following error.
    Object literal may only specify known properties, and 'user_id' does not exist in type 'never[]'.
src/lib/ai/context.ts(237,17): error TS2339: Property 'id' does not exist on type 'never'.
src/lib/ai/context.ts(261,16): error TS2339: Property 'id' does not exist on type 'never'.
src/lib/ai/context.ts(262,20): error TS2339: Property 'user_id' does not exist on type 'never'.
src/lib/ai/context.ts(263,28): error TS2339: Property 'organization_id' does not exist on type 'never'.
src/lib/ai/context.ts(264,22): error TS2339: Property 'messages' does not exist on type 'never'.
src/lib/ai/context.ts(265,21): error TS2339: Property 'context_data' does not exist on type 'never'.
src/lib/ai/context.ts(266,21): error TS2339: Property 'summary' does not exist on type 'never'.
src/lib/ai/context.ts(267,32): error TS2339: Property 'created_at' does not exist on type 'never'.
src/lib/ai/context.ts(268,32): error TS2339: Property 'updated_at' does not exist on type 'never'.
src/lib/ai/context.ts(531,15): error TS2339: Property 'id' does not exist on type 'never'.
src/lib/ai/context.ts(532,17): error TS2339: Property 'name' does not exist on type 'never'.
src/lib/ai/index.ts(35,8): error TS2300: Duplicate identifier 'DEFAULT_AI_CONFIG'.
src/lib/ai/index.ts(36,3): error TS2300: Duplicate identifier 'DEFAULT_AI_CONFIG'.
src/lib/ai/types.ts(49,18): error TS2430: Interface 'EnhancedMessage' incorrectly extends interface 'Message'.
  Types of property 'content' are incompatible.
    Type 'string | ContentBlock[]' is not assignable to type 'string'.
      Type 'ContentBlock[]' is not assignable to type 'string'.
src/lib/ai/types.ts(352,37): error TS2339: Property 'cacheCreation' does not exist on type '{ readonly input: 3; readonly output: 15; readonly cacheCreation: 3.75; readonly cacheRead: 0.3; } | { readonly input: 0.8; readonly output: 4; readonly cacheCreation: 1; readonly cacheRead: 0.08; } | { ...; }'.
  Property 'cacheCreation' does not exist on type '{ readonly input: 15; readonly output: 75; }'.
src/lib/ai/types.ts(353,51): error TS2339: Property 'cacheCreation' does not exist on type '{ readonly input: 3; readonly output: 15; readonly cacheCreation: 3.75; readonly cacheRead: 0.3; } | { readonly input: 0.8; readonly output: 4; readonly cacheCreation: 1; readonly cacheRead: 0.08; } | { ...; }'.
  Property 'cacheCreation' does not exist on type '{ readonly input: 15; readonly output: 75; }'.
src/lib/ai/types.ts(355,33): error TS2339: Property 'cacheRead' does not exist on type '{ readonly input: 3; readonly output: 15; readonly cacheCreation: 3.75; readonly cacheRead: 0.3; } | { readonly input: 0.8; readonly output: 4; readonly cacheCreation: 1; readonly cacheRead: 0.08; } | { ...; }'.
  Property 'cacheRead' does not exist on type '{ readonly input: 15; readonly output: 75; }'.
src/lib/ai/types.ts(356,47): error TS2339: Property 'cacheRead' does not exist on type '{ readonly input: 3; readonly output: 15; readonly cacheCreation: 3.75; readonly cacheRead: 0.3; } | { readonly input: 0.8; readonly output: 4; readonly cacheCreation: 1; readonly cacheRead: 0.08; } | { ...; }'.
  Property 'cacheRead' does not exist on type '{ readonly input: 15; readonly output: 75; }'.
